Component: ARM Compiler 5.06 update 7 (build 960) Tool: armlink [4d3601]

==============================================================================

Section Cross References

    main.o(i.RC_task) refers to _printf_percent.o(.ARM.Collect$$_printf_percent$$00000000) for _printf_percent
    main.o(i.RC_task) refers to _printf_d.o(.ARM.Collect$$_printf_percent$$00000009) for _printf_d
    main.o(i.RC_task) refers to _printf_dec.o(.text) for _printf_int_dec
    main.o(i.RC_task) refers to delay.o(i.getSysTickCnt) for getSysTickCnt
    main.o(i.RC_task) refers to event_groups.o(i.xEventGroupWaitBits) for xEventGroupWaitBits
    main.o(i.RC_task) refers to tasks.o(i.vTaskDelayUntil) for vTaskDelayUntil
    main.o(i.RC_task) refers to sbus.o(i.Sbus_Data_Count) for Sbus_Data_Count
    main.o(i.RC_task) refers to event_groups.o(i.xEventGroupClearBits) for xEventGroupClearBits
    main.o(i.RC_task) refers to stm32f4xx_tim.o(i.TIM_SetCompare1) for TIM_SetCompare1
    main.o(i.RC_task) refers to stm32f4xx_tim.o(i.TIM_SetCompare2) for TIM_SetCompare2
    main.o(i.RC_task) refers to stm32f4xx_tim.o(i.TIM_SetCompare3) for TIM_SetCompare3
    main.o(i.RC_task) refers to stm32f4xx_tim.o(i.TIM_SetCompare4) for TIM_SetCompare4
    main.o(i.RC_task) refers to stm32f4xx_gpio.o(i.GPIO_SetBits) for GPIO_SetBits
    main.o(i.RC_task) refers to noretval__2printf.o(.text) for __2printf
    main.o(i.RC_task) refers to event_groups.o(i.xEventGroupSetBits) for xEventGroupSetBits
    main.o(i.RC_task) refers to tasks.o(i.vTaskSuspend) for vTaskSuspend
    main.o(i.RC_task) refers to mpu6050_iic.o(i.MpuGetOffset) for MpuGetOffset
    main.o(i.RC_task) refers to stm32f4xx_gpio.o(i.GPIO_ResetBits) for GPIO_ResetBits
    main.o(i.RC_task) refers to tasks.o(i.vTaskResume) for vTaskResume
    main.o(i.RC_task) refers to sbus.o(.bss) for CH
    main.o(i.RC_task) refers to main.o(.data) for .data
    main.o(i.RunTimeStats_task) refers to _printf_percent.o(.ARM.Collect$$_printf_percent$$00000000) for _printf_percent
    main.o(i.RunTimeStats_task) refers to _printf_s.o(.ARM.Collect$$_printf_percent$$00000014) for _printf_s
    main.o(i.RunTimeStats_task) refers to _printf_str.o(.text) for _printf_str
    main.o(i.RunTimeStats_task) refers to event_groups.o(i.xEventGroupWaitBits) for xEventGroupWaitBits
    main.o(i.RunTimeStats_task) refers to tasks.o(i.vTaskDelay) for vTaskDelay
    main.o(i.RunTimeStats_task) refers to rt_memclr.o(.text) for __aeabi_memclr
    main.o(i.RunTimeStats_task) refers to tasks.o(i.vTaskGetRunTimeStats) for vTaskGetRunTimeStats
    main.o(i.RunTimeStats_task) refers to noretval__2printf.o(.text) for __2printf
    main.o(i.RunTimeStats_task) refers to stm32f4xx_gpio.o(i.GPIO_ToggleBits) for GPIO_ToggleBits
    main.o(i.RunTimeStats_task) refers to main.o(.data) for .data
    main.o(i.RunTimeStats_task) refers to main.o(.bss) for .bss
    main.o(i.escinit_task) refers to stm32f4xx_gpio.o(i.GPIO_ResetBits) for GPIO_ResetBits
    main.o(i.escinit_task) refers to stm32f4xx_tim.o(i.TIM_SetCompare4) for TIM_SetCompare4
    main.o(i.escinit_task) refers to stm32f4xx_tim.o(i.TIM_SetCompare3) for TIM_SetCompare3
    main.o(i.escinit_task) refers to stm32f4xx_tim.o(i.TIM_SetCompare2) for TIM_SetCompare2
    main.o(i.escinit_task) refers to stm32f4xx_tim.o(i.TIM_SetCompare1) for TIM_SetCompare1
    main.o(i.escinit_task) refers to tasks.o(i.vTaskDelay) for vTaskDelay
    main.o(i.escinit_task) refers to event_groups.o(i.xEventGroupSetBits) for xEventGroupSetBits
    main.o(i.escinit_task) refers to stm32f4xx_gpio.o(i.GPIO_SetBits) for GPIO_SetBits
    main.o(i.escinit_task) refers to tasks.o(i.vTaskDelete) for vTaskDelete
    main.o(i.escinit_task) refers to main.o(.data) for .data
    main.o(i.main) refers to misc.o(i.NVIC_PriorityGroupConfig) for NVIC_PriorityGroupConfig
    main.o(i.main) refers to delay.o(i.delay_init) for delay_init
    main.o(i.main) refers to led.o(i.ledInit) for ledInit
    main.o(i.main) refers to usart.o(i.uart_init) for uart_init
    main.o(i.main) refers to pwm.o(i.TIM3_PWM_Init) for TIM3_PWM_Init
    main.o(i.main) refers to sbus.o(i.SBUSInit) for SBUSInit
    main.o(i.main) refers to myiic.o(i.IIC_Init) for IIC_Init
    main.o(i.main) refers to mpu6050_iic.o(i.MPU_Init) for MPU_Init
    main.o(i.main) refers to bmp280.o(i.Bmp_Init) for Bmp_Init
    main.o(i.main) refers to flight_system.o(i.pid_param_Init) for pid_param_Init
    main.o(i.main) refers to tasks.o(i.xTaskCreate) for xTaskCreate
    main.o(i.main) refers to tasks.o(i.vTaskStartScheduler) for vTaskStartScheduler
    main.o(i.main) refers to main.o(.data) for .data
    main.o(i.main) refers to main.o(i.startTask) for startTask
    main.o(i.sensors_task) refers to delay.o(i.getSysTickCnt) for getSysTickCnt
    main.o(i.sensors_task) refers to tasks.o(i.vTaskDelayUntil) for vTaskDelayUntil
    main.o(i.sensors_task) refers to mpu6050_iic.o(i.MpuGetData) for MpuGetData
[...]
    _get_lc_collate                           - Undefined Weak Reference
    _get_lc_ctype                             - Undefined Weak Reference
    _get_lc_monetary                          - Undefined Weak Reference
    _get_lc_numeric                           - Undefined Weak Reference
    _get_lc_time                              - Undefined Weak Reference
    _getenv_init                              - Undefined Weak Reference
    _handle_redirection                       - Undefined Weak Reference
    _init_alloc                               - Undefined Weak Reference
    _init_user_alloc                          - Undefined Weak Reference
    _initio                                   - Undefined Weak Reference
    _mutex_acquire                            - Undefined Weak Reference
    _mutex_release                            - Undefined Weak Reference
    _printf_mbtowc                            - Undefined Weak Reference
    _printf_post_padding                      - Undefined Weak Reference
    _printf_pre_padding                       - Undefined Weak Reference
    _printf_truncate_signed                   - Undefined Weak Reference
    _printf_truncate_unsigned                 - Undefined Weak Reference
    _rand_init                                - Undefined Weak Reference
    _signal_finish                            - Undefined Weak Reference
    _signal_init                              - Undefined Weak Reference
    _terminate_alloc                          - Undefined Weak Reference
    _terminate_user_alloc                     - Undefined Weak Reference
    _terminateio                              - Undefined Weak Reference
    __Vectors_Size                           0x00000188   Number         0  startup_stm32f40_41xxx.o ABSOLUTE
    __Vectors                                0x08000000   Data           4  startup_stm32f40_41xxx.o(RESET)
    __Vectors_End                            0x08000188   Data           0  startup_stm32f40_41xxx.o(RESET)
    __main                                   0x08000189   Thumb Code     8  __main.o(!!!main)
    __scatterload                            0x08000191   Thumb Code     0  __scatter.o(!!!scatter)
    __scatterload_rt2                        0x08000191   Thumb Code    44  __scatter.o(!!!scatter)
    __scatterload_rt2_thumb_only             0x08000191   Thumb Code     0  __scatter.o(!!!scatter)
    __scatterload_null                       0x0800019f   Thumb Code     0  __scatter.o(!!!scatter)
    __decompress                             0x080001c5   Thumb Code    90  __dczerorl2.o(!!dczerorl2)
    __decompress1                            0x080001c5   Thumb Code     0  __dczerorl2.o(!!dczerorl2)
    __scatterload_zeroinit                   0x08000221   Thumb Code    28  __scatter_zi.o(!!handler_zi)
    _printf_d                                0x0800023d   Thumb Code     0  _printf_d.o(.ARM.Collect$$_printf_percent$$00000009)
    _printf_percent                          0x0800023d   Thumb Code     0  _printf_percent.o(.ARM.Collect$$_printf_percent$$00000000)
    _printf_u                                0x08000243   Thumb Code     0  _printf_u.o(.ARM.Collect$$_printf_percent$$0000000A)
    _printf_s                                0x08000249   Thumb Code     0  _printf_s.o(.ARM.Collect$$_printf_percent$$00000014)
    _printf_percent_end                      0x0800024f   Thumb Code     0  _printf_percent_end.o(.ARM.Collect$$_printf_percent$$00000017)
    __rt_lib_init                            0x08000253   Thumb Code     0  libinit.o(.ARM.Collect$$libinit$$00000000)
    __rt_lib_init_fp_1                       0x08000255   Thumb Code     0  libinit2.o(.ARM.Collect$$libinit$$00000001)
    __rt_lib_init_alloca_1                   0x08000259   Thumb Code     0  libinit2.o(.ARM.Collect$$libinit$$0000002E)
    __rt_lib_init_argv_1                     0x08000259   Thumb Code     0  libinit2.o(.ARM.Collect$$libinit$$0000002C)
    __rt_lib_init_atexit_1                   0x08000259   Thumb Code     0  libinit2.o(.ARM.Collect$$libinit$$0000001B)
    __rt_lib_init_clock_1                    0x08000259   Thumb Code     0  libinit2.o(.ARM.Collect$$libinit$$00000021)
    __rt_lib_init_cpp_1                      0x08000259   Thumb Code     0  libinit2.o(.ARM.Collect$$libinit$$00000032)
    __rt_lib_init_exceptions_1               0x08000259   Thumb Code     0  libinit2.o(.ARM.Collect$$libinit$$00000030)
    __rt_lib_init_fp_trap_1                  0x08000259   Thumb Code     0  libinit2.o(.ARM.Collect$$libinit$$0000001F)
    __rt_lib_init_getenv_1                   0x08000259   Thumb Code     0  libinit2.o(.ARM.Collect$$libinit$$00000023)
    __rt_lib_init_heap_1                     0x08000259   Thumb Code     0  libinit2.o(.ARM.Collect$$libinit$$0000000A)
    __rt_lib_init_lc_collate_1               0x08000259   Thumb Code     0  libinit2.o(.ARM.Collect$$libinit$$00000011)
    __rt_lib_init_lc_ctype_1                 0x08000259   Thumb Code     0  libinit2.o(.ARM.Collect$$libinit$$00000013)
    __rt_lib_init_lc_monetary_1              0x08000259   Thumb Code     0  libinit2.o(.ARM.Collect$$libinit$$00000015)
    __rt_lib_init_lc_numeric_1               0x08000259   Thumb Code     0  libinit2.o(.ARM.Collect$$libinit$$00000017)
    __rt_lib_init_lc_time_1                  0x08000259   Thumb Code     0  libinit2.o(.ARM.Collect$$libinit$$00000019)
    __rt_lib_init_preinit_1                  0x08000259   Thumb Code     0  libinit2.o(.ARM.Collect$$libinit$$00000004)
    __rt_lib_init_rand_1                     0x08000259   Thumb Code     0  libinit2.o(.ARM.Collect$$libinit$$0000000E)
    __rt_lib_init_return                     0x08000259   Thumb Code     0  libinit2.o(.ARM.Collect$$libinit$$00000033)
    __rt_lib_init_signal_1                   0x08000259   Thumb Code     0  libinit2.o(.ARM.Collect$$libinit$$0000001D)
    __rt_lib_init_stdio_1                    0x08000259   Thumb Code     0  libinit2.o(.ARM.Collect$$libinit$$00000025)
    __rt_lib_init_user_alloc_1               0x08000259   Thumb Code     0  libinit2.o(.ARM.Collect$$libinit$$0000000C)
    __rt_lib_shutdown                        0x0800025b   Thumb Code     0  libshutdown.o(.ARM.Collect$$libshutdown$$00000000)
    __rt_lib_shutdown_cpp_1                  0x0800025d   Thumb Code     0  libshutdown2.o(.ARM.Collect$$libshutdown$$00000004)
    __rt_lib_shutdown_fini_1                 0x0800025d   Thumb Code     0  libshutdown2.o(.ARM.Collect$$libshutdown$$00000002)
    __rt_lib_shutdown_fp_trap_1              0x0800025d   Thumb Code     0  libshutdown2.o(.ARM.Collect$$libshutdown$$00000009)
    __rt_lib_shutdown_heap_1                 0x0800025d   Thumb Code     0  libshutdown2.o(.ARM.Collect$$libshutdown$$00000011)
    __rt_lib_shutdown_return                 0x0800025d   Thumb Code     0  libshutdown2.o(.ARM.Collect$$libshutdown$$00000012)
    __rt_lib_shutdown_signal_1               0x0800025d   Thumb Code     0  libshutdown2.o(.ARM.Collect$$libshutdown$$0000000C)
    __rt_lib_shutdown_stdio_1                0x0800025d   Thumb Code     0  libshutdown2.o(.ARM.Collect$$libshutdown$$00000006)
    __rt_lib_shutdown_user_alloc_1           0x0800025d   Thumb Code     0  libshutdown2.o(.ARM.Collect$$libshutdown$$0000000E)
    __rt_entry                               0x0800025f   Thumb Code     0  __rtentry.o(.ARM.Collect$$rtentry$$00000000)
    __rt_entry_presh_1                       0x0800025f   Thumb Code     0  __rtentry2.o(.ARM.Collect$$rtentry$$00000002)
    __rt_entry_sh                            0x0800025f   Thumb Code     0  __rtentry4.o(.ARM.Collect$$rtentry$$00000004)
    __rt_entry_li                            0x08000265   Thumb Code     0  __rtentry2.o(.ARM.Collect$$rtentry$$0000000A)
    __rt_entry_postsh_1                      0x08000265   Thumb Code     0  __rtentry2.o(.ARM.Collect$$rtentry$$00000009)
    __rt_entry_main                          0x08000269   Thumb Code     0  __rtentry2.o(.ARM.Collect$$rtentry$$0000000D)
    __rt_entry_postli_1                      0x08000269   Thumb Code     0  __rtentry2.o(.ARM.Collect$$rtentry$$0000000C)
    __rt_exit                                0x08000271   Thumb Code     0  rtexit.o(.ARM.Collect$$rtexit$$00000000)
    __rt_exit_ls                             0x08000273   Thumb Code     0  rtexit2.o(.ARM.Collect$$rtexit$$00000003)
    __rt_exit_prels_1                        0x08000273   Thumb Code     0  rtexit2.o(.ARM.Collect$$rtexit$$00000002)
    __rt_exit_exit                           0x08000277   Thumb Code     0  rtexit2.o(.ARM.Collect$$rtexit$$00000004)
    SVC_Handler                              0x0800027d   Thumb Code    28  port.o(.emb_text)
    __asm___6_port_c_39a90d8d__prvStartFirstTask 0x0800029d   Thumb Code    28  port.o(.emb_text)
    __asm___6_port_c_39a90d8d__prvEnableVFP  0x080002bd   Thumb Code    16  port.o(.emb_text)
    PendSV_Handler                           0x080002d1   Thumb Code    88  port.o(.emb_text)
    vPortGetIPSR                             0x0800032d   Thumb Code     6  port.o(.emb_text)
    Reset_Handler                            0x08000335   Thumb Code     8  startup_stm32f40_41xxx.o(.text)
    ADC_IRQHandler                           0x0800034f   Thumb Code     0  startup_stm32f40_41xxx.o(.text)
    CAN1_RX0_IRQHandler                      0x0800034f   Thumb Code     0  startup_stm32f40_41xxx.o(.text)
    CAN1_RX1_IRQHandler                      0x0800034f   Thumb Code     0  startup_stm32f40_41xxx.o(.text)
    CAN1_SCE_IRQHandler                      0x0800034f   Thumb Code     0  startup_stm32f40_41xxx.o(.text)
    CAN1_TX_IRQHandler                       0x0800034f   Thumb Code     0  startup_stm32f40_41xxx.o(.text)
    CAN2_RX0_IRQHandler                      0x0800034f   Thumb Code     0  startup_stm32f40_41xxx.o(.text)
    CAN2_RX1_IRQHandler                      0x0800034f   Thumb Code     0  startup_stm32f40_41xxx.o(.text)
    CAN2_SCE_IRQHandler                      0x0800034f   Thumb Code     0  startup_stm32f40_41xxx.o(.text)
    CAN2_TX_IRQHandler                       0x0800034f   Thumb Code     0  startup_stm32f40_41xxx.o(.text)
    CRYP_IRQHandler                          0x0800034f   Thumb Code     0  startup_stm32f40_41xxx.o(.text)
    DCMI_IRQHandler                          0x0800034f   Thumb Code     0  startup_stm32f40_41xxx.o(.text)
    DMA1_Stream0_IRQHandler                  0x0800034f   Thumb Code     0  startup_stm32f40_41xxx.o(.text)
    DMA1_Stream1_IRQHandler                  0x0800034f   Thumb Code     0  startup_stm32f40_41xxx.o(.text)
    DMA1_Stream2_IRQHandler                  0x0800034f   Thumb Code     0  startup_stm32f40_41xxx.o(.text)
    DMA1_Stream3_IRQHandler                  0x0800034f   Thumb Code     0  startup_stm32f40_41xxx.o(.text)
    DMA1_Stream4_IRQHandler                  0x0800034f   Thumb Code     0  startup_stm32f40_41xxx.o(.text)
    DMA1_Stream5_IRQHandler                  0x0800034f   Thumb Code     0  startup_stm32f40_41xxx.o(.text)
    DMA1_Stream6_IRQHandler                  0x0800034f   Thumb Code     0  startup_stm32f40_41xxx.o(.text)
    DMA1_Stream7_IRQHandler                  0x0800034f   Thumb Code     0  startup_stm32f40_41xxx.o(.text)
    DMA2_Stream0_IRQHandler                  0x0800034f   Thumb Code     0  startup_stm32f40_41xxx.o(.text)
    DMA2_Stream1_IRQHandler                  0x0800034f   Thumb Code     0  startup_stm32f40_41xxx.o(.text)
    DMA2_Stream2_IRQHandler                  0x0800034f   Thumb Code     0  startup_stm32f40_41xxx.o(.text)
    DMA2_Stream3_IRQHandler                  0x0800034f   Thumb Code     0  startup_stm32f40_41xxx.o(.text)
    DMA2_Stream4_IRQHandler                  0x0800034f   Thumb Code     0  startup_stm32f40_41xxx.o(.text)
    DMA2_Stream5_IRQHandler                  0x0800034f   Thumb Code     0  startup_stm32f40_41xxx.o(.text)
    DMA2_Stream6_IRQHandler                  0x0800034f   Thumb Code     0  startup_stm32f40_41xxx.o(.text)
    DMA2_Stream7_IRQHandler                  0x0800034f   Thumb Code     0  startup_stm32f40_41xxx.o(.text)
    ETH_IRQHandler                           0x0800034f   Thumb Code     0  startup_stm32f40_41xxx.o(.text)
    ETH_WKUP_IRQHandler                      0x0800034f   Thumb Code     0  startup_stm32f40_41xxx.o(.text)
    EXTI0_IRQHandler                         0x0800034f   Thumb Code     0  startup_stm32f40_41xxx.o(.text)
    EXTI15_10_IRQHandler                     0x0800034f   Thumb Code     0  startup_stm32f40_41xxx.o(.text)
    EXTI1_IRQHandler                         0x0800034f   Thumb Code     0  startup_stm32f40_41xxx.o(.text)
    EXTI2_IRQHandler                         0x0800034f   Thumb Code     0  startup_stm32f40_41xxx.o(.text)
    EXTI3_IRQHandler                         0x0800034f   Thumb Code     0  startup_stm32f40_41xxx.o(.text)
    EXTI4_IRQHandler                         0x0800034f   Thumb Code     0  startup_stm32f40_41xxx.o(.text)
    EXTI9_5_IRQHandler                       0x0800034f   Thumb Code     0  startup_stm32f40_41xxx.o(.text)
    FLASH_IRQHandler                         0x0800034f   Thumb Code     0  startup_stm32f40_41xxx.o(.text)
    FPU_IRQHandler                           0x0800034f   Thumb Code     0  startup_stm32f40_41xxx.o(.text)
    FSMC_IRQHandler                          0x0800034f   Thumb Code     0  startup_stm32f40_41xxx.o(.text)
    HASH_RNG_IRQHandler                      0x0800034f   Thumb Code     0  startup_stm32f40_41xxx.o(.text)
    I2C1_ER_IRQHandler                       0x0800034f   Thumb Code     0  startup_stm32f40_41xxx.o(.text)
    I2C1_EV_IRQHandler                       0x0800034f   Thumb Code     0  startup_stm32f40_41xxx.o(.text)
    I2C2_ER_IRQHandler                       0x0800034f   Thumb Code     0  startup_stm32f40_41xxx.o(.text)
    I2C2_EV_IRQHandler                       0x0800034f   Thumb Code     0  startup_stm32f40_41xxx.o(.text)
    I2C3_ER_IRQHandler                       0x0800034f   Thumb Code     0  startup_stm32f40_41xxx.o(.text)
    I2C3_EV_IRQHandler                       0x0800034f   Thumb Code     0  startup_stm32f40_41xxx.o(.text)
    OTG_FS_IRQHandler                        0x0800034f   Thumb Code     0  startup_stm32f40_41xxx.o(.text)
    OTG_FS_WKUP_IRQHandler                   0x0800034f   Thumb Code     0  startup_stm32f40_41xxx.o(.text)
    OTG_HS_EP1_IN_IRQHandler                 0x0800034f   Thumb Code     0  startup_stm32f40_41xxx.o(.text)
    OTG_HS_EP1_OUT_IRQHandler                0x0800034f   Thumb Code     0  startup_stm32f40_41xxx.o(.text)
    OTG_HS_IRQHandler                        0x0800034f   Thumb Code     0  startup_stm32f40_41xxx.o(.text)
    OTG_HS_WKUP_IRQHandler                   0x0800034f   Thumb Code     0  startup_stm32f40_41xxx.o(.text)
    PVD_IRQHandler                           0x0800034f   Thumb Code     0  startup_stm32f40_41xxx.o(.text)
    RCC_IRQHandler                           0x0800034f   Thumb Code     0  startup_stm32f40_41xxx.o(.text)
    RTC_Alarm_IRQHandler                     0x0800034f   Thumb Code     0  startup_stm32f40_41xxx.o(.text)
    RTC_WKUP_IRQHandler                      0x0800034f   Thumb Code     0  startup_stm32f40_41xxx.o(.text)
    SDIO_IRQHandler                          0x0800034f   Thumb Code     0  startup_stm32f40_41xxx.o(.text)
    SPI1_IRQHandler                          0x0800034f   Thumb Code     0  startup_stm32f40_41xxx.o(.text)
    SPI2_IRQHandler                          0x0800034f   Thumb Code     0  startup_stm32f40_41xxx.o(.text)
    SPI3_IRQHandler                          0x0800034f   Thumb Code     0  startup_stm32f40_41xxx.o(.text)
    TAMP_STAMP_IRQHandler                    0x0800034f   Thumb Code     0  startup_stm32f40_41xxx.o(.text)
    TIM1_BRK_TIM9_IRQHandler                 0x0800034f   Thumb Code     0  startup_stm32f40_41xxx.o(.text)
    TIM1_CC_IRQHandler                       0x0800034f   Thumb Code     0  startup_stm32f40_41xxx.o(.text)
    TIM1_TRG_COM_TIM11_IRQHandler            0x0800034f   Thumb Code     0  startup_stm32f40_41xxx.o(.text)
    TIM1_UP_TIM10_IRQHandler                 0x0800034f   Thumb Code     0  startup_stm32f40_41xxx.o(.text)
    TIM3_IRQHandler                          0x0800034f   Thumb Code     0  startup_stm32f40_41xxx.o(.text)
    TIM4_IRQHandler                          0x0800034f   Thumb Code     0  startup_stm32f40_41xxx.o(.text)
    TIM5_IRQHandler                          0x0800034f   Thumb Code     0  startup_stm32f40_41xxx.o(.text)
    TIM6_DAC_IRQHandler                      0x0800034f   Thumb Code     0  startup_stm32f40_41xxx.o(.text)
    TIM7_IRQHandler                          0x0800034f   Thumb Code     0  startup_stm32f40_41xxx.o(.text)
    TIM8_BRK_TIM12_IRQHandler                0x0800034f   Thumb Code     0  startup_stm32f40_41xxx.o(.text)
    TIM8_CC_IRQHandler                       0x0800034f   Thumb Code     0  startup_stm32f40_41xxx.o(.text)
    TIM8_TRG_COM_TIM14_IRQHandler            0x0800034f   Thumb Code     0  startup_stm32f40_41xxx.o(.text)
    TIM8_UP_TIM13_IRQHandler                 0x0800034f   Thumb Code     0  startup_stm32f40_41xxx.o(.text)
    UART4_IRQHandler                         0x0800034f   Thumb Code     0  startup_stm32f40_41xxx.o(.text)
    UART5_IRQHandler                         0x0800034f   Thumb Code     0  startup_stm32f40_41xxx.o(.text)
    USART1_IRQHandler                        0x0800034f   Thumb Code     0  startup_stm32f40_41xxx.o(.text)
    USART3_IRQHandler                        0x0800034f   Thumb Code     0  startup_stm32f40_41xxx.o(.text)
    USART6_IRQHandler                        0x0800034f   Thumb Code     0  startup_stm32f40_41xxx.o(.text)
    WWDG_IRQHandler                          0x0800034f   Thumb Code     0  startup_stm32f40_41xxx.o(.text)
    __user_initial_stackheap                 0x08000351   Thumb Code     0  startup_stm32f40_41xxx.o(.text)
    __use_no_semihosting                     0x08000375   Thumb Code     2  use_no_semi_2.o(.text)
    __2printf                                0x08000379   Thumb Code    20  noretval__2printf.o(.text)
    __2sprintf                               0x08000391   Thumb Code    34  noretval__2sprintf.o(.text)
    __printf                                 0x080003b9   Thumb Code   104  __printf.o(.text)
    _printf_str                              0x08000421   Thumb Code    82  _printf_str.o(.text)
    _printf_int_dec                          0x08000475   Thumb Code   104  _printf_dec.o(.text)
    strcpy                                   0x080004ed   Thumb Code    72  strcpy.o(.text)
    strlen                                   0x08000535   Thumb Code    62  strlen.o(.text)
    __aeabi_memcpy                           0x08000573   Thumb Code     0  rt_memcpy_v6.o(.text)
    __rt_memcpy                              0x08000573   Thumb Code   138  rt_memcpy_v6.o(.text)
    _memcpy_lastbytes                        0x080005d9   Thumb Code     0  rt_memcpy_v6.o(.text)
    __aeabi_memset                           0x080005fd   Thumb Code    16  aeabi_memset.o(.text)
    __aeabi_memclr                           0x0800060d   Thumb Code     0  rt_memclr.o(.text)
    __rt_memclr                              0x0800060d   Thumb Code    68  rt_memclr.o(.text)
    _memset                                  0x08000611   Thumb Code     0  rt_memclr.o(.text)
    __aeabi_memclr4                          0x08000651   Thumb Code     0  rt_memclr_w.o(.text)
    __aeabi_memclr8                          0x08000651   Thumb Code     0  rt_memclr_w.o(.text)
    __rt_memclr_w                            0x08000651   Thumb Code    78  rt_memclr_w.o(.text)
    _memset_w                                0x08000655   Thumb Code     0  rt_memclr_w.o(.text)
    __use_two_region_memory                  0x0800069f   Thumb Code     2  heapauxi.o(.text)
    __rt_heap_escrow$2region                 0x080006a1   Thumb Code     2  heapauxi.o(.text)
    __rt_heap_expand$2region                 0x080006a3   Thumb Code     2  heapauxi.o(.text)
    __I$use$semihosting                      0x080006a5   Thumb Code     0  use_no_semi.o(.text)
    __use_no_semihosting_swi                 0x080006a5   Thumb Code     2  use_no_semi.o(.text)
    __read_errno                             0x080006a7   Thumb Code    10  _rserrno.o(.text)
    __set_errno                              0x080006b1   Thumb Code    12  _rserrno.o(.text)
    _printf_int_common                       0x080006bd   Thumb Code   178  _printf_intcommon.o(.text)
    _printf_char_common                      0x0800077b   Thumb Code    32  _printf_char_common.o(.text)
    _sputc                                   0x080007a1   Thumb Code    10  _sputc.o(.text)
    _printf_cs_common                        0x080007ab   Thumb Code    20  _printf_char.o(.text)
    _printf_char                             0x080007bf   Thumb Code    16  _printf_char.o(.text)
    _printf_string                           0x080007cf   Thumb Code     8  _printf_char.o(.text)
    _printf_char_file                        0x080007d9   Thumb Code    32  _printf_char_file.o(.text)
    __aeabi_memcpy4                          0x080007fd   Thumb Code     0  rt_memcpy_w.o(.text)
    __aeabi_memcpy8                          0x080007fd   Thumb Code     0  rt_memcpy_w.o(.text)
    __rt_memcpy_w                            0x080007fd   Thumb Code   100  rt_memcpy_w.o(.text)
    _memcpy_lastbytes_aligned                0x08000845   Thumb Code     0  rt_memcpy_w.o(.text)
    __aeabi_errno_addr                       0x08000861   Thumb Code     8  rt_errno_addr_intlibspace.o(.text)
    __errno$intlibspace                      0x08000861   Thumb Code     0  rt_errno_addr_intlibspace.o(.text)
    __rt_errno_addr$intlibspace              0x08000861   Thumb Code     0  rt_errno_addr_intlibspace.o(.text)
    ferror                                   0x08000869   Thumb Code     8  ferror.o(.text)
    __user_libspace                          0x08000871   Thumb Code     8  libspace.o(.text)
    __user_perproc_libspace                  0x08000871   Thumb Code     0  libspace.o(.text)
    __user_perthread_libspace                0x08000871   Thumb Code     0  libspace.o(.text)
    __user_setup_stackheap                   0x08000879   Thumb Code    74  sys_stackheap_outer.o(.text)
    exit                                     0x080008c3   Thumb Code    18  exit.o(.text)
    BMP280_Set_Standby_FILTER                0x0800090f   Thumb Code    22  bmp280.o(i.BMP280_Set_Standby_FILTER)
    BMP280_Set_TemOversamp                   0x08000925   Thumb Code    22  bmp280.o(i.BMP280_Set_TemOversamp)
    Bmp_Init                                 0x0800096d   Thumb Code   322  bmp280.o(i.Bmp_Init)
    BusFault_Handler                         0x08000ab5   Thumb Code     2  stm32f4xx_it.o(i.BusFault_Handler)
    CascadePID                               0x08000ab7   Thumb Code    36  flight_system.o(i.CascadePID)
    ConfigureTimeForRunTimeStats             0x08000add   Thumb Code    16  timer.o(i.ConfigureTimeForRunTimeStats)
    DebugMon_Handler                         0x08000af1   Thumb Code     2  stm32f4xx_it.o(i.DebugMon_Handler)
    GPIO_Init                                0x08000af3   Thumb Code   120  stm32f4xx_gpio.o(i.GPIO_Init)
    GPIO_PinAFConfig                         0x08000b6b   Thumb Code    32  stm32f4xx_gpio.o(i.GPIO_PinAFConfig)
    GPIO_ResetBits                           0x08000b8b   Thumb Code     4  stm32f4xx_gpio.o(i.GPIO_ResetBits)
    GPIO_SetBits                             0x08000b8f   Thumb Code     4  stm32f4xx_gpio.o(i.GPIO_SetBits)
    GPIO_ToggleBits                          0x08000b93   Thumb Code     8  stm32f4xx_gpio.o(i.GPIO_ToggleBits)
    GetAngle                                 0x08000b9d   Thumb Code  1134  mpu6050_iic.o(i.GetAngle)
    HardFault_Handler                        0x0800100b   Thumb Code     2  stm32f4xx_it.o(i.HardFault_Handler)
    IIC_Ack                                  0x0800100d   Thumb Code    56  myiic.o(i.IIC_Ack)
    IIC_Init                                 0x0800104d   Thumb Code    56  myiic.o(i.IIC_Init)
    IIC_NAck                                 0x0800108d   Thumb Code    56  myiic.o(i.IIC_NAck)
    IIC_Read_Byte                            0x080010cd   Thumb Code    96  myiic.o(i.IIC_Read_Byte)
    IIC_Send_Byte                            0x08001135   Thumb Code    86  myiic.o(i.IIC_Send_Byte)
    IIC_Start                                0x08001195   Thumb Code    56  myiic.o(i.IIC_Start)
    IIC_Stop                                 0x080011d5   Thumb Code    58  myiic.o(i.IIC_Stop)
    IIC_Wait_Ack                             0x08001219   Thumb Code    74  myiic.o(i.IIC_Wait_Ack)
    MPU_Get_Accelerometer                    0x0800126d   Thumb Code    50  mpu6050_iic.o(i.MPU_Get_Accelerometer)
    MPU_Get_Gyroscope                        0x0800129f   Thumb Code    50  mpu6050_iic.o(i.MPU_Get_Gyroscope)
    MPU_Init                                 0x080012d1   Thumb Code   118  mpu6050_iic.o(i.MPU_Init)
    MPU_Read_Byte                            0x08001347   Thumb Code    58  mpu6050_iic.o(i.MPU_Read_Byte)
    MPU_Read_Len                             0x08001381   Thumb Code   106  mpu6050_iic.o(i.MPU_Read_Len)
    MPU_Set_Accel_Fsr                        0x080013eb   Thumb Code    10  mpu6050_iic.o(i.MPU_Set_Accel_Fsr)
    MPU_Set_Gyro_Fsr                         0x080013f5   Thumb Code    10  mpu6050_iic.o(i.MPU_Set_Gyro_Fsr)
    MPU_Set_LPF                              0x080013ff   Thumb Code    48  mpu6050_iic.o(i.MPU_Set_LPF)
    MPU_Set_Rate                             0x0800142f   Thumb Code    46  mpu6050_iic.o(i.MPU_Set_Rate)
    MPU_Write_Byte                           0x0800145d   Thumb Code    60  mpu6050_iic.o(i.MPU_Write_Byte)
    MemManage_Handler                        0x08001499   Thumb Code     2  stm32f4xx_it.o(i.MemManage_Handler)
    MpuGetData                               0x0800149d   Thumb Code   180  mpu6050_iic.o(i.MpuGetData)
    MpuGetOffset                             0x08001561   Thumb Code   226  mpu6050_iic.o(i.MpuGetOffset)
    NMI_Handler                              0x0800164d   Thumb Code     2  stm32f4xx_it.o(i.NMI_Handler)
    NVIC_Init                                0x08001651   Thumb Code    96  misc.o(i.NVIC_Init)
    NVIC_PriorityGroupConfig                 0x080016b5   Thumb Code    10  misc.o(i.NVIC_PriorityGroupConfig)
    Q_rsqrt                                  0x080016c9   Thumb Code    40  mymath.o(i.Q_rsqrt)
    RCC_AHB1PeriphClockCmd                   0x080016f5   Thumb Code    18  stm32f4xx_rcc.o(i.RCC_AHB1PeriphClockCmd)
    RCC_APB1PeriphClockCmd                   0x0800170d   Thumb Code    18  stm32f4xx_rcc.o(i.RCC_APB1PeriphClockCmd)
    RCC_APB1PeriphResetCmd                   0x08001725   Thumb Code    18  stm32f4xx_rcc.o(i.RCC_APB1PeriphResetCmd)
    RCC_APB2PeriphResetCmd                   0x0800173d   Thumb Code    18  stm32f4xx_rcc.o(i.RCC_APB2PeriphResetCmd)
    RCC_GetClocksFreq                        0x08001755   Thumb Code   132  stm32f4xx_rcc.o(i.RCC_GetClocksFreq)
    RC_task                                  0x080017e5   Thumb Code   380  main.o(i.RC_task)
    RunTimeStats_task                        0x080019c5   Thumb Code   100  main.o(i.RunTimeStats_task)
    SBUSInit                                 0x08001a61   Thumb Code     4  sbus.o(i.SBUSInit)
    SBUS_Configuration                       0x08001a65   Thumb Code   156  sbus.o(i.SBUS_Configuration)
    Sbus_Data_Count                          0x08001b0d   Thumb Code   262  sbus.o(i.Sbus_Data_Count)
    SysTick_CLKSourceConfig                  0x08001ccd   Thumb Code    24  misc.o(i.SysTick_CLKSourceConfig)
    SysTick_Handler                          0x08001ce5   Thumb Code    20  delay.o(i.SysTick_Handler)
    SystemInit                               0x08001cf9   Thumb Code    74  system_stm32f4xx.o(i.SystemInit)
    TIM2_IRQHandler                          0x08001d55   Thumb Code    44  timer.o(i.TIM2_IRQHandler)
    TIM2_Int_Init                            0x08001d85   Thumb Code    88  timer.o(i.TIM2_Int_Init)
    TIM3_PWM_Init                            0x08001ddd   Thumb Code   244  pwm.o(i.TIM3_PWM_Init)
    TIM_ARRPreloadConfig                     0x08001ed9   Thumb Code    20  stm32f4xx_tim.o(i.TIM_ARRPreloadConfig)
    TIM_ClearITPendingBit                    0x08001eed   Thumb Code     6  stm32f4xx_tim.o(i.TIM_ClearITPendingBit)
    TIM_Cmd                                  0x08001ef3   Thumb Code    20  stm32f4xx_tim.o(i.TIM_Cmd)
    TIM_DeInit                               0x08001f09   Thumb Code   284  stm32f4xx_tim.o(i.TIM_DeInit)
    TIM_GetITStatus                          0x08002059   Thumb Code    24  stm32f4xx_tim.o(i.TIM_GetITStatus)
    TIM_ITConfig                             0x08002071   Thumb Code    16  stm32f4xx_tim.o(i.TIM_ITConfig)
    TIM_OC1Init                              0x08002081   Thumb Code    88  stm32f4xx_tim.o(i.TIM_OC1Init)
    TIM_OC1PreloadConfig                     0x080020e1   Thumb Code    12  stm32f4xx_tim.o(i.TIM_OC1PreloadConfig)
    TIM_OC2Init                              0x080020ed   Thumb Code   120  stm32f4xx_tim.o(i.TIM_OC2Init)
    TIM_OC2PreloadConfig                     0x0800216d   Thumb Code    20  stm32f4xx_tim.o(i.TIM_OC2PreloadConfig)
    TIM_OC3Init                              0x08002181   Thumb Code   116  stm32f4xx_tim.o(i.TIM_OC3Init)
    TIM_OC3PreloadConfig                     0x080021fd   Thumb Code    12  stm32f4xx_tim.o(i.TIM_OC3PreloadConfig)
    TIM_OC4Init                              0x08002209   Thumb Code    88  stm32f4xx_tim.o(i.TIM_OC4Init)
    TIM_OC4PreloadConfig                     0x08002269   Thumb Code    20  stm32f4xx_tim.o(i.TIM_OC4PreloadConfig)
    TIM_SetCompare1                          0x0800227d   Thumb Code     4  stm32f4xx_tim.o(i.TIM_SetCompare1)
    TIM_SetCompare2                          0x08002281   Thumb Code     4  stm32f4xx_tim.o(i.TIM_SetCompare2)
    TIM_SetCompare3                          0x08002285   Thumb Code     4  stm32f4xx_tim.o(i.TIM_SetCompare3)
    TIM_SetCompare4                          0x08002289   Thumb Code     4  stm32f4xx_tim.o(i.TIM_SetCompare4)
    TIM_TimeBaseInit                         0x0800228d   Thumb Code    96  stm32f4xx_tim.o(i.TIM_TimeBaseInit)
    USART2_IRQHandler                        0x08002309   Thumb Code    76  sbus.o(i.USART2_IRQHandler)
    USART_Cmd                                0x08002361   Thumb Code    20  stm32f4xx_usart.o(i.USART_Cmd)
    USART_GetFlagStatus                      0x08002375   Thumb Code    14  stm32f4xx_usart.o(i.USART_GetFlagStatus)
    USART_GetITStatus                        0x08002383   Thumb Code    62  stm32f4xx_usart.o(i.USART_GetITStatus)
    USART_ITConfig                           0x080023c1   Thumb Code    48  stm32f4xx_usart.o(i.USART_ITConfig)
    USART_Init                               0x080023f1   Thumb Code   164  stm32f4xx_usart.o(i.USART_Init)
    USART_SendData                           0x0800249d   Thumb Code     8  stm32f4xx_usart.o(i.USART_SendData)
    UsageFault_Handler                       0x080024a5   Thumb Code     2  stm32f4xx_it.o(i.UsageFault_Handler)
    __ARM_fpclassify                         0x080024a7   Thumb Code    48  fpclassify.o(i.__ARM_fpclassify)
    __hardfp_asin                            0x080024d9   Thumb Code   770  asin.o(i.__hardfp_asin)
    __hardfp_atan                            0x08002839   Thumb Code   622  atan.o(i.__hardfp_atan)
    __hardfp_atan2                           0x08002b11   Thumb Code   448  atan2.o(i.__hardfp_atan2)
    __kernel_poly                            0x08002d11   Thumb Code   248  poly.o(i.__kernel_poly)
    __mathlib_dbl_infnan                     0x08002e09   Thumb Code    20  dunder.o(i.__mathlib_dbl_infnan)
    __mathlib_dbl_infnan2                    0x08002e1d   Thumb Code    20  dunder.o(i.__mathlib_dbl_infnan2)
    __mathlib_dbl_invalid                    0x08002e31   Thumb Code    24  dunder.o(i.__mathlib_dbl_invalid)
    __mathlib_dbl_underflow                  0x08002e51   Thumb Code    24  dunder.o(i.__mathlib_dbl_underflow)
    _sys_exit                                0x08002e71   Thumb Code     2  usart.o(i._sys_exit)
    atan                                     0x08002e73   Thumb Code    16  atan.o(i.atan)
    delay_init                               0x08002e85   Thumb Code    50  delay.o(i.delay_init)
    delay_ms                                 0x08002ebd   Thumb Code    52  delay.o(i.delay_ms)
    delay_us                                 0x08002ef5   Thumb Code    48  delay.o(i.delay_us)
    eTaskGetState                            0x08002f29   Thumb Code    90  tasks.o(i.eTaskGetState)
    escinit_task                             0x08002fb1   Thumb Code   134  main.o(i.escinit_task)
    fabs                                     0x08003045   Thumb Code    24  fabs.o(i.fabs)
    fputc                                    0x0800305d   Thumb Code    18  usart.o(i.fputc)
    getSysTickCnt                            0x08003075   Thumb Code    24  delay.o(i.getSysTickCnt)
    kalman_1                                 0x08003091   Thumb Code    66  kalman.o(i.kalman_1)
    ledInit                                  0x080030d5   Thumb Code    44  led.o(i.ledInit)
    main                                     0x08003105   Thumb Code    88  main.o(i.main)
    mpu6050_send_data                        0x08003175   Thumb Code    78  upper.o(i.mpu6050_send_data)
    pidRest                                  0x080031c5   Thumb Code    50  flight_system.o(i.pidRest)
    pidUpdate                                0x080031fd   Thumb Code   130  flight_system.o(i.pidUpdate)
    pid_param_Init                           0x08003281   Thumb Code   164  flight_system.o(i.pid_param_Init)
    pvPortMalloc                             0x08003c81   Thumb Code   214  heap_4.o(i.pvPortMalloc)
    pvTaskIncrementMutexHeldCount            0x08003d95   Thumb Code    18  tasks.o(i.pvTaskIncrementMutexHeldCount)
    pxPortInitialiseStack                    0x08003dad   Thumb Code    40  port.o(i.pxPortInitialiseStack)
    sensors_task                             0x08003dd9   Thumb Code   210  main.o(i.sensors_task)
    sqrt                                     0x08003ec5   Thumb Code   110  sqrt.o(i.sqrt)
    state_control                            0x08004025   Thumb Code   572  flight_system.o(i.state_control)
    uart_init                                0x0800427d   Thumb Code   164  usart.o(i.uart_init)
    usart1_niming_report                     0x08004329   Thumb Code    96  upper.o(i.usart1_niming_report)
    usart1_report_imu                        0x08004389   Thumb Code   146  upper.o(i.usart1_report_imu)
    usart1_send_char                         0x0800441d   Thumb Code    30  upper.o(i.usart1_send_char)
    uxListRemove                             0x08004441   Thumb Code    36  list.o(i.uxListRemove)
    uxTaskGetSystemState                     0x08004465   Thumb Code   162  tasks.o(i.uxTaskGetSystemState)
    uxTaskResetEventItemValue                0x08004519   Thumb Code    20  tasks.o(i.uxTaskResetEventItemValue)
    vListInitialise                          0x08004531   Thumb Code    22  list.o(i.vListInitialise)
    vListInitialiseItem                      0x08004547   Thumb Code     6  list.o(i.vListInitialiseItem)
    vListInsert                              0x0800454d   Thumb Code    48  list.o(i.vListInsert)
    vListInsertEnd                           0x0800457d   Thumb Code    24  list.o(i.vListInsertEnd)
    vPortEnterCritical                       0x08004595   Thumb Code    50  port.o(i.vPortEnterCritical)
    vPortExitCritical                        0x0800460d   Thumb Code    34  port.o(i.vPortExitCritical)
    vPortFree                                0x08004671   Thumb Code    94  heap_4.o(i.vPortFree)
    vPortSetupTimerInterrupt                 0x0800470d   Thumb Code    26  port.o(i.vPortSetupTimerInterrupt)
    vPortValidateInterruptPriority           0x0800472d   Thumb Code    70  port.o(i.vPortValidateInterruptPriority)
    vQueueAddToRegistry                      0x080047b9   Thumb Code    32  queue.o(i.vQueueAddToRegistry)
    vQueueWaitForMessageRestricted           0x080047dd   Thumb Code    68  queue.o(i.vQueueWaitForMessageRestricted)
    vTaskDelay                               0x08004821   Thumb Code    62  tasks.o(i.vTaskDelay)
    vTaskDelayUntil                          0x0800488d   Thumb Code   128  tasks.o(i.vTaskDelayUntil)
    vTaskDelete                              0x08004939   Thumb Code   152  tasks.o(i.vTaskDelete)
    vTaskGetInfo                             0x08004a05   Thumb Code   124  tasks.o(i.vTaskGetInfo)
    vTaskGetRunTimeStats                     0x08004a85   Thumb Code   146  tasks.o(i.vTaskGetRunTimeStats)
    vTaskMissedYield                         0x08004b35   Thumb Code     8  tasks.o(i.vTaskMissedYield)
    vTaskPlaceOnEventList                    0x08004b41   Thumb Code    44  tasks.o(i.vTaskPlaceOnEventList)
    vTaskPlaceOnEventListRestricted          0x08004b95   Thumb Code    52  tasks.o(i.vTaskPlaceOnEventListRestricted)
    vTaskPlaceOnUnorderedEventList           0x08004bf1   Thumb Code    72  tasks.o(i.vTaskPlaceOnUnorderedEventList)
    vTaskPriorityInherit                     0x08004c61   Thumb Code   124  tasks.o(i.vTaskPriorityInherit)
    vTaskResume                              0x08004ce5   Thumb Code   112  tasks.o(i.vTaskResume)
    vTaskSetTimeOutState                     0x08004d85   Thumb Code    30  tasks.o(i.vTaskSetTimeOutState)
    vTaskStartScheduler                      0x08004dcd   Thumb Code   100  tasks.o(i.vTaskStartScheduler)
    vTaskSuspend                             0x08004e65   Thumb Code   154  tasks.o(i.vTaskSuspend)
    vTaskSuspendAll                          0x08004f35   Thumb Code    10  tasks.o(i.vTaskSuspendAll)
    vTaskSwitchContext                       0x08004f45   Thumb Code   106  tasks.o(i.vTaskSwitchContext)
    xEventGroupClearBits                     0x08004fe1   Thumb Code    56  event_groups.o(i.xEventGroupClearBits)
    xEventGroupCreate                        0x08005045   Thumb Code    26  event_groups.o(i.xEventGroupCreate)
    xEventGroupSetBits                       0x08005061   Thumb Code   132  event_groups.o(i.xEventGroupSetBits)
    xEventGroupWaitBits                      0x08005111   Thumb Code   240  event_groups.o(i.xEventGroupWaitBits)
    xPortGetFreeHeapSize                     0x08005231   Thumb Code     6  heap_4.o(i.xPortGetFreeHeapSize)
    xPortStartScheduler                      0x0800523d   Thumb Code   196  port.o(i.xPortStartScheduler)
    xPortSysTickHandler                      0x08005351   Thumb Code    38  port.o(i.xPortSysTickHandler)
    xQueueGenericCreate                      0x0800537d   Thumb Code    82  queue.o(i.xQueueGenericCreate)
    xQueueGenericReceive                     0x080053f5   Thumb Code   348  queue.o(i.xQueueGenericReceive)
    xQueueGenericReset                       0x08005579   Thumb Code   128  queue.o(i.xQueueGenericReset)
    xQueueGenericSend                        0x08005621   Thumb Code   350  queue.o(i.xQueueGenericSend)
    xQueueGenericSendFromISR                 0x080057a9   Thumb Code   188  queue.o(i.xQueueGenericSendFromISR)
    xTaskCheckForTimeOut                     0x08005889   Thumb Code    94  tasks.o(i.xTaskCheckForTimeOut)
    xTaskCreate                              0x08005911   Thumb Code    86  tasks.o(i.xTaskCreate)
    xTaskGetSchedulerState                   0x08005969   Thumb Code    22  tasks.o(i.xTaskGetSchedulerState)
    xTaskGetTickCount                        0x08005985   Thumb Code     6  tasks.o(i.xTaskGetTickCount)
    xTaskIncrementTick                       0x08005991   Thumb Code   188  tasks.o(i.xTaskIncrementTick)
    xTaskPriorityDisinherit                  0x08005a79   Thumb Code   136  tasks.o(i.xTaskPriorityDisinherit)
    xTaskRemoveFromEventList                 0x08005b2d   Thumb Code   102  tasks.o(i.xTaskRemoveFromEventList)
    xTaskRemoveFromUnorderedEventList        0x08005bc5   Thumb Code   108  tasks.o(i.xTaskRemoveFromUnorderedEventList)
    xTaskResumeAll                           0x08005c5d   Thumb Code   180  tasks.o(i.xTaskResumeAll)
    xTimerCreate                             0x08005d41   Thumb Code    74  timers.o(i.xTimerCreate)
    xTimerCreateTimerTask                    0x08005db5   Thumb Code    58  timers.o(i.xTimerCreateTimerTask)
    xTimerGenericCommand                     0x08005e29   Thumb Code    98  timers.o(i.xTimerGenericCommand)
    __aeabi_dneg                             0x08005eb9   Thumb Code     0  basic.o(x$fpl$basic)
    _dneg                                    0x08005eb9   Thumb Code     6  basic.o(x$fpl$basic)
    __aeabi_fneg                             0x08005ebf   Thumb Code     0  basic.o(x$fpl$basic)
    _fneg                                    0x08005ebf   Thumb Code     6  basic.o(x$fpl$basic)
    _dabs                                    0x08005ec5   Thumb Code     6  basic.o(x$fpl$basic)
    _fabs                                    0x08005ecb   Thumb Code     6  basic.o(x$fpl$basic)
    __aeabi_d2f                              0x08005ed1   Thumb Code     0  d2f.o(x$fpl$d2f)
    _d2f                                     0x08005ed1   Thumb Code    98  d2f.o(x$fpl$d2f)
    __aeabi_dadd                             0x08005f35   Thumb Code     0  daddsub_clz.o(x$fpl$dadd)
    _dadd                                    0x08005f35   Thumb Code   332  daddsub_clz.o(x$fpl$dadd)
    __fpl_dcmp_Inf                           0x08006085   Thumb Code    24  dcmpi.o(x$fpl$dcmpinf)
    __aeabi_ddiv                             0x0800609d   Thumb Code     0  ddiv.o(x$fpl$ddiv)
    _ddiv                                    0x0800609d   Thumb Code   552  ddiv.o(x$fpl$ddiv)
    __aeabi_cdcmpeq                          0x0800634d   Thumb Code     0  deqf.o(x$fpl$deqf)
    _dcmpeq                                  0x0800634d   Thumb Code   120  deqf.o(x$fpl$deqf)
    __aeabi_dmul                             0x080063c5   Thumb Code     0  dmul.o(x$fpl$dmul)
    _dmul                                    0x080063c5   Thumb Code   332  dmul.o(x$fpl$dmul)
    __fpl_dnaninf                            0x08006519   Thumb Code   156  dnaninf.o(x$fpl$dnaninf)
    __fpl_dretinf                            0x080065b5   Thumb Code    12  dretinf.o(x$fpl$dretinf)
    __aeabi_drsub                            0x080065c1   Thumb Code     0  daddsub_clz.o(x$fpl$drsb)
    _drsb                                    0x080065c1   Thumb Code    22  daddsub_clz.o(x$fpl$drsb)
    _dsqrt                                   0x080065d9   Thumb Code   404  dsqrt_umaal.o(x$fpl$dsqrt)
    __aeabi_dsub                             0x08006771   Thumb Code     0  daddsub_clz.o(x$fpl$dsub)
    _dsub                                    0x08006771   Thumb Code   464  daddsub_clz.o(x$fpl$dsub)
    __aeabi_f2d                              0x08006945   Thumb Code     0  f2d.o(x$fpl$f2d)
    _f2d                                     0x08006945   Thumb Code    86  f2d.o(x$fpl$f2d)
    __fpl_fnaninf                            0x0800699b   Thumb Code   140  fnaninf.o(x$fpl$fnaninf)
    _fp_init                                 0x08006a27   Thumb Code    10  fpinit.o(x$fpl$fpinit)
    __fplib_config_fpu_vfp                   0x08006a2f   Thumb Code     0  fpinit.o(x$fpl$fpinit)
    __fplib_config_pureend_doubles           0x08006a2f   Thumb Code     0  fpinit.o(x$fpl$fpinit)
    __fpl_fretinf                            0x08006a31   Thumb Code    10  fretinf.o(x$fpl$fretinf)
    __I$use$fp                               0x08006a3a   Number         0  usenofp.o(x$fpl$usenofp)
    RtA                                      0x08006a3c   Data           4  mymath.o(.constdata)
    Gyro_G                                   0x08006a40   Data           4  mymath.o(.constdata)
    Gyro_Gr                                  0x08006a44   Data           4  mymath.o(.constdata)
    __mathlib_zero                           0x08006b30   Data           8  qnan.o(.constdata)
    Region$$Table$$Base                      0x08006b38   Number         0  anon$$obj.o(Region$$Table)
    Region$$Table$$Limit                     0x08006b58   Number         0  anon$$obj.o(Region$$Table)
    FlightSystemFlag                         0x20000000   Data           1  main.o(.data)
    startTaskHandle                          0x20000008   Data           4  main.o(.data)
    ESCinitTask_Handler                      0x2000000c   Data           4  main.o(.data)
    SENSORS_Task_Handler                     0x20000010   Data           4  main.o(.data)
    RC_Task_Handler                          0x20000014   Data           4  main.o(.data)
    RunTimeStats_Handler                     0x20000018   Data           4  main.o(.data)
    SystemCoreClock                          0x2000001c   Data           4  system_stm32f4xx.o(.data)
    AHBPrescTable                            0x20000020   Data          16  system_stm32f4xx.o(.data)
    bmp280                                   0x20000030   Data           4  bmp280.o(.data)
    t_fine                                   0x20000034   Data           4  bmp280.o(.data)
    FreeRTOSRunTimeTicks                     0x200000a0   Data           8  timer.o(.data)
    motor_PWM_Value                          0x200000ac   Data           8  flight_system.o(.data)
    pPidObject                               0x200000b4   Data          24  flight_system.o(.data)
    __stdout                                 0x200000d4   Data           4  usart.o(.data)
    pxCurrentTCB                             0x200000e8   Data           4  tasks.o(.data)
    RunTimeInfo                              0x20000164   Data         400  main.o(.bss)
    c                                        0x200002f4   Data          24  bmp280.o(.bss)
    MpuOffset                                0x2000030c   Data          12  mpu6050_iic.o(.bss)
    MPU6050                                  0x20000330   Data          12  mpu6050_iic.o(.bss)
    Angle                                    0x2000033c   Data          12  mpu6050_iic.o(.bss)
    USART2_RX_BUF                            0x20000348   Data          26  sbus.o(.bss)
    CH                                       0x20000362   Data          36  sbus.o(.bss)
    pidRateX                                 0x20000388   Data          52  flight_system.o(.bss)
    pidRateY                                 0x200003bc   Data          52  flight_system.o(.bss)
    pidRateZ                                 0x200003f0   Data          52  flight_system.o(.bss)
    pidPitch                                 0x20000424   Data          52  flight_system.o(.bss)
    pidRoll                                  0x20000458   Data          52  flight_system.o(.bss)
    pidYaw                                   0x2000048c   Data          52  flight_system.o(.bss)
    xQueueRegistry                           0x200004c0   Data          64  queue.o(.bss)
    __libspace_start                         0x2000580c   Data          96  libspace.o(.bss)
    __temporary_stack_top$libspace           0x2000586c   Data           0  libspace.o(.bss)



==============================================================================

Memory Map of the image

  Image Entry point : 0x08000189

  Load Region LR_IROM1 (Base: 0x08000000, Size: 0x00006cbc, Max: 0x00100000, ABSOLUTE, COMPRESSED[0x00006bb4])

    Execution Region ER_IROM1 (Exec base: 0x08000000, Load base: 0x08000000, Size: 0x00006b58, Max: 0x00100000, ABSOLUTE)

    Exec Addr    Load Addr    Size         Type   Attr      Idx    E Section Name        Object

    0x08000000   0x08000000   0x00000188   Data   RO         1055    RESET               startup_stm32f40_41xxx.o
    0x08000188   0x08000188   0x00000008   Code   RO         3868  * !!!main             c_w.l(__main.o)
    0x08000190   0x08000190   0x00000034   Code   RO         4215    !!!scatter          c_w.l(__scatter.o)
    0x080001c4   0x080001c4   0x0000005a   Code   RO         4213    !!dczerorl2         c_w.l(__dczerorl2.o)
    0x0800021e   0x0800021e   0x00000002   PAD
    0x08000220   0x08000220   0x0000001c   Code   RO         4217    !!handler_zi        c_w.l(__scatter_zi.o)
    0x0800023c   0x0800023c   0x00000000   Code   RO         3853    .ARM.Collect$$_printf_percent$$00000000  c_w.l(_printf_percent.o)
    0x0800023c   0x0800023c   0x00000006   Code   RO         3851    .ARM.Collect$$_printf_percent$$00000009  c_w.l(_printf_d.o)
    0x08000242   0x08000242   0x00000006   Code   RO         3852    .ARM.Collect$$_printf_percent$$0000000A  c_w.l(_printf_u.o)
    0x08000248   0x08000248   0x00000006   Code   RO         3850    .ARM.Collect$$_printf_percent$$00000014  c_w.l(_printf_s.o)
    0x0800024e   0x0800024e   0x00000004   Code   RO         3951    .ARM.Collect$$_printf_percent$$00000017  c_w.l(_printf_percent_end.o)
    0x08000252   0x08000252   0x00000002   Code   RO         4088    .ARM.Collect$$libinit$$00000000  c_w.l(libinit.o)
    0x08000254   0x08000254   0x00000004   Code   RO         4091    .ARM.Collect$$libinit$$00000001  c_w.l(libinit2.o)
    0x08000258   0x08000258   0x00000000   Code   RO         4094    .ARM.Collect$$libinit$$00000004  c_w.l(libinit2.o)
    0x08000258   0x08000258   0x00000000   Code   RO         4097    .ARM.Collect$$libinit$$0000000A  c_w.l(libinit2.o)
    0x08000258   0x08000258   0x00000000   Code   RO         4099    .ARM.Collect$$libinit$$0000000C  c_w.l(libinit2.o)
    0x08000258   0x08000258   0x00000000   Code   RO         4101    .ARM.Collect$$libinit$$0000000E  c_w.l(libinit2.o)
    0x08000258   0x08000258   0x00000000   Code   RO         4104    .ARM.Collect$$libinit$$00000011  c_w.l(libinit2.o)
    0x08000258   0x08000258   0x00000000   Code   RO         4106    .ARM.Collect$$libinit$$00000013  c_w.l(libinit2.o)
    0x08000258   0x08000258   0x00000000   Code   RO         4108    .ARM.Collect$$libinit$$00000015  c_w.l(libinit2.o)
    0x08000258   0x08000258   0x00000000   Code   RO         4110    .ARM.Collect$$libinit$$00000017  c_w.l(libinit2.o)
    0x08000258   0x08000258   0x00000000   Code   RO         4112    .ARM.Collect$$libinit$$00000019  c_w.l(libinit2.o)
    0x08000258   0x08000258   0x00000000   Code   RO         4114    .ARM.Collect$$libinit$$0000001B  c_w.l(libinit2.o)
    0x08000258   0x08000258   0x00000000   Code   RO         4116    .ARM.Collect$$libinit$$0000001D  c_w.l(libinit2.o)
    0x08000258   0x08000258   0x00000000   Code   RO         4118    .ARM.Collect$$libinit$$0000001F  c_w.l(libinit2.o)
    0x08000258   0x08000258   0x00000000   Code   RO         4120    .ARM.Collect$$libinit$$00000021  c_w.l(libinit2.o)
    0x08000258   0x08000258   0x00000000   Code   RO         4122    .ARM.Collect$$libinit$$00000023  c_w.l(libinit2.o)
    0x08000258   0x08000258   0x00000000   Code   RO         4124    .ARM.Collect$$libinit$$00000025  c_w.l(libinit2.o)
    0x08000258   0x08000258   0x00000000   Code   RO         4128    .ARM.Collect$$libinit$$0000002C  c_w.l(libinit2.o)
    0x08000258   0x08000258   0x00000000   Code   RO         4130    .ARM.Collect$$libinit$$0000002E  c_w.l(libinit2.o)
    0x08000258   0x08000258   0x00000000   Code   RO         4132    .ARM.Collect$$libinit$$00000030  c_w.l(libinit2.o)
    0x08000258   0x08000258   0x00000000   Code   RO         4134    .ARM.Collect$$libinit$$00000032  c_w.l(libinit2.o)
    0x08000258   0x08000258   0x00000002   Code   RO         4135    .ARM.Collect$$libinit$$00000033  c_w.l(libinit2.o)
    0x0800025a   0x0800025a   0x00000002   Code   RO         4153    .ARM.Collect$$libshutdown$$00000000  c_w.l(libshutdown.o)
    0x0800025c   0x0800025c   0x00000000   Code   RO         4163    .ARM.Collect$$libshutdown$$00000002  c_w.l(libshutdown2.o)
    0x0800025c   0x0800025c   0x00000000   Code   RO         4165    .ARM.Collect$$libshutdown$$00000004  c_w.l(libshutdown2.o)
    0x0800025c   0x0800025c   0x00000000   Code   RO         4167    .ARM.Collect$$libshutdown$$00000006  c_w.l(libshutdown2.o)
    0x0800025c   0x0800025c   0x00000000   Code   RO         4170    .ARM.Collect$$libshutdown$$00000009  c_w.l(libshutdown2.o)
    0x0800025c   0x0800025c   0x00000000   Code   RO         4173    .ARM.Collect$$libshutdown$$0000000C  c_w.l(libshutdown2.o)
    0x0800025c   0x0800025c   0x00000000   Code   RO         4175    .ARM.Collect$$libshutdown$$0000000E  c_w.l(libshutdown2.o)
    0x0800025c   0x0800025c   0x00000000   Code   RO         4178    .ARM.Collect$$libshutdown$$00000011  c_w.l(libshutdown2.o)
    0x0800025c   0x0800025c   0x00000002   Code   RO         4179    .ARM.Collect$$libshutdown$$00000012  c_w.l(libshutdown2.o)
    0x0800025e   0x0800025e   0x00000000   Code   RO         3938    .ARM.Collect$$rtentry$$00000000  c_w.l(__rtentry.o)
    0x0800025e   0x0800025e   0x00000000   Code   RO         4047    .ARM.Collect$$rtentry$$00000002  c_w.l(__rtentry2.o)
    0x0800025e   0x0800025e   0x00000006   Code   RO         4059    .ARM.Collect$$rtentry$$00000004  c_w.l(__rtentry4.o)
    0x08000264   0x08000264   0x00000000   Code   RO         4049    .ARM.Collect$$rtentry$$00000009  c_w.l(__rtentry2.o)
    0x08000264   0x08000264   0x00000004   Code   RO         4050    .ARM.Collect$$rtentry$$0000000A  c_w.l(__rtentry2.o)
    0x08000268   0x08000268   0x00000000   Code   RO         4052    .ARM.Collect$$rtentry$$0000000C  c_w.l(__rtentry2.o)
    0x08000268   0x08000268   0x00000008   Code   RO         4053    .ARM.Collect$$rtentry$$0000000D  c_w.l(__rtentry2.o)
    0x08000270   0x08000270   0x00000002   Code   RO         4089    .ARM.Collect$$rtexit$$00000000  c_w.l(rtexit.o)
    0x08000272   0x08000272   0x00000000   Code   RO         4137    .ARM.Collect$$rtexit$$00000002  c_w.l(rtexit2.o)
    0x08000272   0x08000272   0x00000004   Code   RO         4138    .ARM.Collect$$rtexit$$00000003  c_w.l(rtexit2.o)
    0x08000276   0x08000276   0x00000006   Code   RO         4139    .ARM.Collect$$rtexit$$00000004  c_w.l(rtexit2.o)
    0x0800027c   0x0800027c   0x000000b6   Code   RO         3671    .emb_text           port.o
    0x08000332   0x08000332   0x00000002   PAD
    0x08000334   0x08000334   0x00000040   Code   RO         1056    .text               startup_stm32f40_41xxx.o
    0x08000374   0x08000374   0x00000002   Code   RO         3813    .text               c_w.l(use_no_semi_2.o)
    0x08000376   0x08000376   0x00000002   PAD
    0x08000378   0x08000378   0x00000018   Code   RO         3819    .text               c_w.l(noretval__2printf.o)
    0x08000390   0x08000390   0x00000028   Code   RO         3821    .text               c_w.l(noretval__2sprintf.o)
    0x080003b8   0x080003b8   0x00000068   Code   RO         3823    .text               c_w.l(__printf.o)
    0x08000420   0x08000420   0x00000052   Code   RO         3825    .text               c_w.l(_printf_str.o)
    0x08000472   0x08000472   0x00000002   PAD
    0x08000474   0x08000474   0x00000078   Code   RO         3827    .text               c_w.l(_printf_dec.o)
    0x080004ec   0x080004ec   0x00000048   Code   RO         3854    .text               c_w.l(strcpy.o)
    0x08000534   0x08000534   0x0000003e   Code   RO         3856    .text               c_w.l(strlen.o)
    0x08000572   0x08000572   0x0000008a   Code   RO         3858    .text               c_w.l(rt_memcpy_v6.o)
    0x080005fc   0x080005fc   0x00000010   Code   RO         3860    .text               c_w.l(aeabi_memset.o)
    0x0800060c   0x0800060c   0x00000044   Code   RO         3862    .text               c_w.l(rt_memclr.o)
    0x08000650   0x08000650   0x0000004e   Code   RO         3864    .text               c_w.l(rt_memclr_w.o)
    0x0800069e   0x0800069e   0x00000006   Code   RO         3866    .text               c_w.l(heapauxi.o)
    0x080006a4   0x080006a4   0x00000002   Code   RO         3936    .text               c_w.l(use_no_semi.o)
    0x080006a6   0x080006a6   0x00000016   Code   RO         3939    .text               c_w.l(_rserrno.o)
    0x080006bc   0x080006bc   0x000000b2   Code   RO         3941    .text               c_w.l(_printf_intcommon.o)
    0x0800076e   0x0800076e   0x00000002   PAD
    0x08000770   0x08000770   0x00000030   Code   RO         3943    .text               c_w.l(_printf_char_common.o)
    0x080007a0   0x080007a0   0x0000000a   Code   RO         3945    .text               c_w.l(_sputc.o)
    0x080007aa   0x080007aa   0x0000002c   Code   RO         3947    .text               c_w.l(_printf_char.o)
    0x080007d6   0x080007d6   0x00000002   PAD
    0x080007d8   0x080007d8   0x00000024   Code   RO         3949    .text               c_w.l(_printf_char_file.o)
    0x080007fc   0x080007fc   0x00000064   Code   RO         3952    .text               c_w.l(rt_memcpy_w.o)
    0x08000860   0x08000860   0x00000008   Code   RO         4064    .text               c_w.l(rt_errno_addr_intlibspace.o)
    0x08000868   0x08000868   0x00000008   Code   RO         4068    .text               c_w.l(ferror.o)
    0x08000870   0x08000870   0x00000008   Code   RO         4076    .text               c_w.l(libspace.o)
    0x08000878   0x08000878   0x0000004a   Code   RO         4079    .text               c_w.l(sys_stackheap_outer.o)
    0x080008c2   0x080008c2   0x00000012   Code   RO         4081    .text               c_w.l(exit.o)
    0x080008d4   0x080008d4   0x0000003a   Code   RO          489    i.BMP280_Read_Byte  bmp280.o
    0x0800090e   0x0800090e   0x00000016   Code   RO          490    i.BMP280_Set_Standby_FILTER  bmp280.o
    0x08000924   0x08000924   0x00000016   Code   RO          491    i.BMP280_Set_TemOversamp  bmp280.o
    0x0800093a   0x0800093a   0x00000030   Code   RO          492    i.BMP280_Write_Byte  bmp280.o
    0x0800096a   0x0800096a   0x00000002   PAD
    0x0800096c   0x0800096c   0x00000148   Code   RO          493    i.Bmp_Init          bmp280.o
    0x08000ab4   0x08000ab4   0x00000002   Code   RO          255    i.BusFault_Handler  stm32f4xx_it.o
    0x08000ab6   0x08000ab6   0x00000024   Code   RO          831    i.CascadePID        flight_system.o
    0x08000ada   0x08000ada   0x00000002   PAD
    0x08000adc   0x08000adc   0x00000014   Code   RO          733    i.ConfigureTimeForRunTimeStats  timer.o
    0x08000af0   0x08000af0   0x00000002   Code   RO          256    i.DebugMon_Handler  stm32f4xx_it.o
    0x08000af2   0x08000af2   0x00000078   Code   RO         1843    i.GPIO_Init         stm32f4xx_gpio.o
    0x08000b6a   0x08000b6a   0x00000020   Code   RO         1844    i.GPIO_PinAFConfig  stm32f4xx_gpio.o
    0x08000b8a   0x08000b8a   0x00000004   Code   RO         1850    i.GPIO_ResetBits    stm32f4xx_gpio.o
    0x08000b8e   0x08000b8e   0x00000004   Code   RO         1851    i.GPIO_SetBits      stm32f4xx_gpio.o
    0x08000b92   0x08000b92   0x00000008   Code   RO         1853    i.GPIO_ToggleBits   stm32f4xx_gpio.o
    0x08000b9a   0x08000b9a   0x00000002   PAD
    0x08000b9c   0x08000b9c   0x0000046e   Code   RO          570    i.GetAngle          mpu6050_iic.o
    0x0800100a   0x0800100a   0x00000002   Code   RO          257    i.HardFault_Handler  stm32f4xx_it.o
    0x0800100c   0x0800100c   0x00000040   Code   RO          417    i.IIC_Ack           myiic.o
    0x0800104c   0x0800104c   0x00000040   Code   RO          418    i.IIC_Init          myiic.o
    0x0800108c   0x0800108c   0x00000040   Code   RO          419    i.IIC_NAck          myiic.o
    0x080010cc   0x080010cc   0x00000068   Code   RO          420    i.IIC_Read_Byte     myiic.o
    0x08001134   0x08001134   0x00000060   Code   RO          421    i.IIC_Send_Byte     myiic.o
    0x08001194   0x08001194   0x00000040   Code   RO          422    i.IIC_Start         myiic.o
    0x080011d4   0x080011d4   0x00000044   Code   RO          423    i.IIC_Stop          myiic.o
    0x08001218   0x08001218   0x00000054   Code   RO          424    i.IIC_Wait_Ack      myiic.o
    0x0800126c   0x0800126c   0x00000032   Code   RO          571    i.MPU_Get_Accelerometer  mpu6050_iic.o
    0x0800129e   0x0800129e   0x00000032   Code   RO          572    i.MPU_Get_Gyroscope  mpu6050_iic.o
    0x080012d0   0x080012d0   0x00000076   Code   RO          574    i.MPU_Init          mpu6050_iic.o
    0x08001346   0x08001346   0x0000003a   Code   RO          575    i.MPU_Read_Byte     mpu6050_iic.o
    0x08001380   0x08001380   0x0000006a   Code   RO          576    i.MPU_Read_Len      mpu6050_iic.o
    0x080013ea   0x080013ea   0x0000000a   Code   RO          577    i.MPU_Set_Accel_Fsr  mpu6050_iic.o
    0x080013f4   0x080013f4   0x0000000a   Code   RO          578    i.MPU_Set_Gyro_Fsr  mpu6050_iic.o
    0x080013fe   0x080013fe   0x00000030   Code   RO          579    i.MPU_Set_LPF       mpu6050_iic.o
    0x0800142e   0x0800142e   0x0000002e   Code   RO          580    i.MPU_Set_Rate      mpu6050_iic.o
    0x0800145c   0x0800145c   0x0000003c   Code   RO          581    i.MPU_Write_Byte    mpu6050_iic.o
    0x08001498   0x08001498   0x00000002   Code   RO          258    i.MemManage_Handler  stm32f4xx_it.o
    0x0800149a   0x0800149a   0x00000002   PAD
    0x0800149c   0x0800149c   0x000000c4   Code   RO          583    i.MpuGetData        mpu6050_iic.o
    0x08001560   0x08001560   0x000000ec   Code   RO          584    i.MpuGetOffset      mpu6050_iic.o
    0x0800164c   0x0800164c   0x00000002   Code   RO          259    i.NMI_Handler       stm32f4xx_it.o
    0x0800164e   0x0800164e   0x00000002   PAD
    0x08001650   0x08001650   0x00000064   Code   RO         1798    i.NVIC_Init         misc.o
    0x080016b4   0x080016b4   0x00000014   Code   RO         1799    i.NVIC_PriorityGroupConfig  misc.o
    0x080016c8   0x080016c8   0x0000002c   Code   RO         1609    i.Q_rsqrt           mymath.o
    0x080016f4   0x080016f4   0x00000018   Code   RO         1940    i.RCC_AHB1PeriphClockCmd  stm32f4xx_rcc.o
    0x0800170c   0x0800170c   0x00000018   Code   RO         1949    i.RCC_APB1PeriphClockCmd  stm32f4xx_rcc.o
    0x08001724   0x08001724   0x00000018   Code   RO         1951    i.RCC_APB1PeriphResetCmd  stm32f4xx_rcc.o
    0x0800173c   0x0800173c   0x00000018   Code   RO         1954    i.RCC_APB2PeriphResetCmd  stm32f4xx_rcc.o
    0x08001754   0x08001754   0x00000090   Code   RO         1961    i.RCC_GetClocksFreq  stm32f4xx_rcc.o
    0x080017e4   0x080017e4   0x000001e0   Code   RO            3    i.RC_task           main.o
    0x080019c4   0x080019c4   0x0000009c   Code   RO            4    i.RunTimeStats_task  main.o
    0x08001a60   0x08001a60   0x00000004   Code   RO          771    i.SBUSInit          sbus.o
    0x08001a64   0x08001a64   0x000000a8   Code   RO          772    i.SBUS_Configuration  sbus.o
    0x08001b0c   0x08001b0c   0x0000010c   Code   RO          773    i.Sbus_Data_Count   sbus.o
    0x08001c18   0x08001c18   0x000000b4   Code   RO          334    i.SetSysClock       system_stm32f4xx.o
    0x08001ccc   0x08001ccc   0x00000018   Code   RO         1802    i.SysTick_CLKSourceConfig  misc.o
    0x08001ce4   0x08001ce4   0x00000014   Code   RO          879    i.SysTick_Handler   delay.o
    0x08001cf8   0x08001cf8   0x0000005c   Code   RO          336    i.SystemInit        system_stm32f4xx.o
    0x08001d54   0x08001d54   0x00000030   Code   RO          734    i.TIM2_IRQHandler   timer.o
    0x08001d84   0x08001d84   0x00000058   Code   RO          735    i.TIM2_Int_Init     timer.o
    0x08001ddc   0x08001ddc   0x000000fc   Code   RO          999    i.TIM3_PWM_Init     pwm.o
    0x08001ed8   0x08001ed8   0x00000014   Code   RO         1064    i.TIM_ARRPreloadConfig  stm32f4xx_tim.o
    0x08001eec   0x08001eec   0x00000006   Code   RO         1071    i.TIM_ClearITPendingBit  stm32f4xx_tim.o
    0x08001ef2   0x08001ef2   0x00000014   Code   RO         1076    i.TIM_Cmd           stm32f4xx_tim.o
    0x08001f06   0x08001f06   0x00000002   PAD
    0x08001f08   0x08001f08   0x00000150   Code   RO         1081    i.TIM_DeInit        stm32f4xx_tim.o
    0x08002058   0x08002058   0x00000018   Code   RO         1097    i.TIM_GetITStatus   stm32f4xx_tim.o
    0x08002070   0x08002070   0x00000010   Code   RO         1101    i.TIM_ITConfig      stm32f4xx_tim.o
    0x08002080   0x08002080   0x00000060   Code   RO         1105    i.TIM_OC1Init       stm32f4xx_tim.o
    0x080020e0   0x080020e0   0x0000000c   Code   RO         1108    i.TIM_OC1PreloadConfig  stm32f4xx_tim.o
    0x080020ec   0x080020ec   0x00000080   Code   RO         1110    i.TIM_OC2Init       stm32f4xx_tim.o
    0x0800216c   0x0800216c   0x00000014   Code   RO         1113    i.TIM_OC2PreloadConfig  stm32f4xx_tim.o
    0x08002180   0x08002180   0x0000007c   Code   RO         1115    i.TIM_OC3Init       stm32f4xx_tim.o
    0x080021fc   0x080021fc   0x0000000c   Code   RO         1118    i.TIM_OC3PreloadConfig  stm32f4xx_tim.o
    0x08002208   0x08002208   0x00000060   Code   RO         1120    i.TIM_OC4Init       stm32f4xx_tim.o
    0x08002268   0x08002268   0x00000014   Code   RO         1122    i.TIM_OC4PreloadConfig  stm32f4xx_tim.o
    0x0800227c   0x0800227c   0x00000004   Code   RO         1138    i.TIM_SetCompare1   stm32f4xx_tim.o
    0x08002280   0x08002280   0x00000004   Code   RO         1139    i.TIM_SetCompare2   stm32f4xx_tim.o
    0x08002284   0x08002284   0x00000004   Code   RO         1140    i.TIM_SetCompare3   stm32f4xx_tim.o
    0x08002288   0x08002288   0x00000004   Code   RO         1141    i.TIM_SetCompare4   stm32f4xx_tim.o
    0x0800228c   0x0800228c   0x0000007c   Code   RO         1148    i.TIM_TimeBaseInit  stm32f4xx_tim.o
    0x08002308   0x08002308   0x00000058   Code   RO          774    i.USART2_IRQHandler  sbus.o
    0x08002360   0x08002360   0x00000014   Code   RO         2334    i.USART_Cmd         stm32f4xx_usart.o
    0x08002374   0x08002374   0x0000000e   Code   RO         2337    i.USART_GetFlagStatus  stm32f4xx_usart.o
    0x08002382   0x08002382   0x0000003e   Code   RO         2338    i.USART_GetITStatus  stm32f4xx_usart.o
    0x080023c0   0x080023c0   0x00000030   Code   RO         2340    i.USART_ITConfig    stm32f4xx_usart.o
    0x080023f0   0x080023f0   0x000000ac   Code   RO         2341    i.USART_Init        stm32f4xx_usart.o
    0x0800249c   0x0800249c   0x00000008   Code   RO         2351    i.USART_SendData    stm32f4xx_usart.o
    0x080024a4   0x080024a4   0x00000002   Code   RO          260    i.UsageFault_Handler  stm32f4xx_it.o
    0x080024a6   0x080024a6   0x00000030   Code   RO         4001    i.__ARM_fpclassify  m_wm.l(fpclassify.o)
    0x080024d6   0x080024d6   0x00000002   PAD
    0x080024d8   0x080024d8   0x00000360   Code   RO         3898    i.__hardfp_asin     m_wm.l(asin.o)
    0x08002838   0x08002838   0x000002d8   Code   RO         3967    i.__hardfp_atan     m_wm.l(atan.o)
    0x08002b10   0x08002b10   0x00000200   Code   RO         3924    i.__hardfp_atan2    m_wm.l(atan2.o)
    0x08002d10   0x08002d10   0x000000f8   Code   RO         4019    i.__kernel_poly     m_wm.l(poly.o)
    0x08002e08   0x08002e08   0x00000014   Code   RO         3982    i.__mathlib_dbl_infnan  m_wm.l(dunder.o)
    0x08002e1c   0x08002e1c   0x00000014   Code   RO         3983    i.__mathlib_dbl_infnan2  m_wm.l(dunder.o)
    0x08002e30   0x08002e30   0x00000020   Code   RO         3984    i.__mathlib_dbl_invalid  m_wm.l(dunder.o)
    0x08002e50   0x08002e50   0x00000020   Code   RO         3987    i.__mathlib_dbl_underflow  m_wm.l(dunder.o)
    0x08002e70   0x08002e70   0x00000002   Code   RO          949    i._sys_exit         usart.o
    0x08002e72   0x08002e72   0x00000010   Code   RO         3969    i.atan              m_wm.l(atan.o)
    0x08002e82   0x08002e82   0x00000002   PAD
    0x08002e84   0x08002e84   0x00000038   Code   RO          880    i.delay_init        delay.o
    0x08002ebc   0x08002ebc   0x00000038   Code   RO          881    i.delay_ms          delay.o
    0x08002ef4   0x08002ef4   0x00000034   Code   RO          882    i.delay_us          delay.o
    0x08002f28   0x08002f28   0x00000088   Code   RO         3177    i.eTaskGetState     tasks.o
    0x08002fb0   0x08002fb0   0x00000094   Code   RO            5    i.escinit_task      main.o
    0x08003044   0x08003044   0x00000018   Code   RO         3997    i.fabs              m_wm.l(fabs.o)
    0x0800305c   0x0800305c   0x00000018   Code   RO          950    i.fputc             usart.o
    0x08003074   0x08003074   0x0000001c   Code   RO          884    i.getSysTickCnt     delay.o
    0x08003090   0x08003090   0x00000042   Code   RO         1724    i.kalman_1          kalman.o
    0x080030d2   0x080030d2   0x00000002   PAD
    0x080030d4   0x080030d4   0x00000030   Code   RO          371    i.ledInit           led.o
    0x08003104   0x08003104   0x00000070   Code   RO            6    i.main              main.o
    0x08003174   0x08003174   0x0000004e   Code   RO          695    i.mpu6050_send_data  upper.o
    0x080031c2   0x080031c2   0x00000002   PAD
    0x080031c4   0x080031c4   0x00000038   Code   RO          832    i.pidRest           flight_system.o
    0x080031fc   0x080031fc   0x00000082   Code   RO          833    i.pidUpdate         flight_system.o
    0x0800327e   0x0800327e   0x00000002   PAD
    0x08003280   0x08003280   0x000000bc   Code   RO          834    i.pid_param_Init    flight_system.o
    0x0800333c   0x0800333c   0x00000070   Code   RO         3179    i.prvAddCurrentTaskToDelayedList  tasks.o
    0x080033ac   0x080033ac   0x000000d0   Code   RO         3180    i.prvAddNewTaskToReadyList  tasks.o
    0x0800347c   0x0800347c   0x00000050   Code   RO         3543    i.prvCheckForValidListAndQueue  timers.o
    0x080034cc   0x080034cc   0x00000054   Code   RO         3181    i.prvCheckTasksWaitingTermination  tasks.o
    0x08003520   0x08003520   0x00000026   Code   RO         2953    i.prvCopyDataFromQueue  queue.o
    0x08003546   0x08003546   0x0000006c   Code   RO         2954    i.prvCopyDataToQueue  queue.o
    0x080035b2   0x080035b2   0x00000014   Code   RO         3182    i.prvDeleteTCB      tasks.o
    0x080035c6   0x080035c6   0x00000002   PAD
    0x080035c8   0x080035c8   0x0000004c   Code   RO         3756    i.prvHeapInit       heap_4.o
    0x08003614   0x08003614   0x00000028   Code   RO         3183    i.prvIdleTask       tasks.o
    0x0800363c   0x0800363c   0x000000c0   Code   RO         3184    i.prvInitialiseNewTask  tasks.o
    0x080036fc   0x080036fc   0x0000004c   Code   RO         3757    i.prvInsertBlockIntoFreeList  heap_4.o
    0x08003748   0x08003748   0x00000038   Code   RO         3544    i.prvInsertTimerInActiveList  timers.o
    0x08003780   0x08003780   0x0000001a   Code   RO         2955    i.prvIsQueueEmpty   queue.o
    0x0800379a   0x0800379a   0x00000056   Code   RO         3185    i.prvListTasksWithinSingleList  tasks.o
    0x080037f0   0x080037f0   0x00000090   Code   RO         2956    i.prvNotifyQueueSetContainer  queue.o
    0x08003880   0x08003880   0x00000060   Code   RO         3545    i.prvProcessExpiredTimer  timers.o
    0x080038e0   0x080038e0   0x000000f0   Code   RO         3546    i.prvProcessReceivedCommands  timers.o
    0x080039d0   0x080039d0   0x0000006c   Code   RO         3547    i.prvProcessTimerOrBlockTask  timers.o
    0x08003a3c   0x08003a3c   0x00000020   Code   RO         3186    i.prvResetNextTaskUnblockTime  tasks.o
    0x08003a5c   0x08003a5c   0x00000028   Code   RO         3548    i.prvSampleTimeNow  timers.o
    0x08003a84   0x08003a84   0x0000006c   Code   RO         3549    i.prvSwitchTimerLists  timers.o
    0x08003af0   0x08003af0   0x00000064   Code   RO         3672    i.prvTaskExitError  port.o
    0x08003b54   0x08003b54   0x00000054   Code   RO         3187    i.prvTaskIsTaskSuspended  tasks.o
    0x08003ba8   0x08003ba8   0x00000014   Code   RO         2789    i.prvTestWaitCondition  event_groups.o
    0x08003bbc   0x08003bbc   0x00000028   Code   RO         3550    i.prvTimerTask      timers.o
    0x08003be4   0x08003be4   0x00000078   Code   RO         2957    i.prvUnlockQueue    queue.o
    0x08003c5c   0x08003c5c   0x00000022   Code   RO         3188    i.prvWriteNameToBuffer  tasks.o
    0x08003c7e   0x08003c7e   0x00000002   PAD
    0x08003c80   0x08003c80   0x00000114   Code   RO         3758    i.pvPortMalloc      heap_4.o
    0x08003d94   0x08003d94   0x00000018   Code   RO         3189    i.pvTaskIncrementMutexHeldCount  tasks.o
    0x08003dac   0x08003dac   0x0000002c   Code   RO         3673    i.pxPortInitialiseStack  port.o
    0x08003dd8   0x08003dd8   0x000000ec   Code   RO            7    i.sensors_task      main.o
    0x08003ec4   0x08003ec4   0x0000006e   Code   RO         4024    i.sqrt              m_wm.l(sqrt.o)
    0x08003f32   0x08003f32   0x00000002   PAD
    0x08003f34   0x08003f34   0x000000f0   Code   RO            8    i.startTask         main.o
    0x08004024   0x08004024   0x00000258   Code   RO          835    i.state_control     flight_system.o
    0x0800427c   0x0800427c   0x000000ac   Code   RO          951    i.uart_init         usart.o
    0x08004328   0x08004328   0x00000060   Code   RO          696    i.usart1_niming_report  upper.o
    0x08004388   0x08004388   0x00000092   Code   RO          697    i.usart1_report_imu  upper.o
    0x0800441a   0x0800441a   0x00000002   PAD
    0x0800441c   0x0800441c   0x00000024   Code   RO          698    i.usart1_send_char  upper.o
    0x08004440   0x08004440   0x00000024   Code   RO         2908    i.uxListRemove      list.o
    0x08004464   0x08004464   0x000000b4   Code   RO         3192    i.uxTaskGetSystemState  tasks.o
    0x08004518   0x08004518   0x00000018   Code   RO         3196    i.uxTaskResetEventItemValue  tasks.o
    0x08004530   0x08004530   0x00000016   Code   RO         2909    i.vListInitialise   list.o
    0x08004546   0x08004546   0x00000006   Code   RO         2910    i.vListInitialiseItem  list.o
    0x0800454c   0x0800454c   0x00000030   Code   RO         2911    i.vListInsert       list.o
    0x0800457c   0x0800457c   0x00000018   Code   RO         2912    i.vListInsertEnd    list.o
    0x08004594   0x08004594   0x00000078   Code   RO         3675    i.vPortEnterCritical  port.o
    0x0800460c   0x0800460c   0x00000064   Code   RO         3676    i.vPortExitCritical  port.o
    0x08004670   0x08004670   0x0000009c   Code   RO         3759    i.vPortFree         heap_4.o
    0x0800470c   0x0800470c   0x00000020   Code   RO         3677    i.vPortSetupTimerInterrupt  port.o
    0x0800472c   0x0800472c   0x0000008c   Code   RO         3678    i.vPortValidateInterruptPriority  port.o
    0x080047b8   0x080047b8   0x00000024   Code   RO         2963    i.vQueueAddToRegistry  queue.o
    0x080047dc   0x080047dc   0x00000044   Code   RO         2967    i.vQueueWaitForMessageRestricted  queue.o
    0x08004820   0x08004820   0x0000006c   Code   RO         3197    i.vTaskDelay        tasks.o
    0x0800488c   0x0800488c   0x000000ac   Code   RO         3198    i.vTaskDelayUntil   tasks.o
    0x08004938   0x08004938   0x000000cc   Code   RO         3199    i.vTaskDelete       tasks.o
    0x08004a04   0x08004a04   0x00000080   Code   RO         3201    i.vTaskGetInfo      tasks.o
    0x08004a84   0x08004a84   0x000000b0   Code   RO         3202    i.vTaskGetRunTimeStats  tasks.o
    0x08004b34   0x08004b34   0x0000000c   Code   RO         3204    i.vTaskMissedYield  tasks.o
    0x08004b40   0x08004b40   0x00000054   Code   RO         3206    i.vTaskPlaceOnEventList  tasks.o
    0x08004b94   0x08004b94   0x0000005c   Code   RO         3207    i.vTaskPlaceOnEventListRestricted  tasks.o
    0x08004bf0   0x08004bf0   0x00000070   Code   RO         3208    i.vTaskPlaceOnUnorderedEventList  tasks.o
    0x08004c60   0x08004c60   0x00000084   Code   RO         3209    i.vTaskPriorityInherit  tasks.o
    0x08004ce4   0x08004ce4   0x000000a0   Code   RO         3211    i.vTaskResume       tasks.o
    0x08004d84   0x08004d84   0x00000048   Code   RO         3213    i.vTaskSetTimeOutState  tasks.o
    0x08004dcc   0x08004dcc   0x00000098   Code   RO         3214    i.vTaskStartScheduler  tasks.o
    0x08004e64   0x08004e64   0x000000d0   Code   RO         3215    i.vTaskSuspend      tasks.o
    0x08004f34   0x08004f34   0x00000010   Code   RO         3216    i.vTaskSuspendAll   tasks.o
    0x08004f44   0x08004f44   0x0000009c   Code   RO         3217    i.vTaskSwitchContext  tasks.o
    0x08004fe0   0x08004fe0   0x00000064   Code   RO         2794    i.xEventGroupClearBits  event_groups.o
    0x08005044   0x08005044   0x0000001a   Code   RO         2796    i.xEventGroupCreate  event_groups.o
    0x0800505e   0x0800505e   0x00000002   PAD
    0x08005060   0x08005060   0x000000b0   Code   RO         2798    i.xEventGroupSetBits  event_groups.o
    0x08005110   0x08005110   0x00000120   Code   RO         2801    i.xEventGroupWaitBits  event_groups.o
    0x08005230   0x08005230   0x0000000c   Code   RO         3761    i.xPortGetFreeHeapSize  heap_4.o
    0x0800523c   0x0800523c   0x00000114   Code   RO         3679    i.xPortStartScheduler  port.o
    0x08005350   0x08005350   0x0000002c   Code   RO         3680    i.xPortSysTickHandler  port.o
    0x0800537c   0x0800537c   0x00000078   Code   RO         2972    i.xQueueGenericCreate  queue.o
    0x080053f4   0x080053f4   0x00000184   Code   RO         2973    i.xQueueGenericReceive  queue.o
    0x08005578   0x08005578   0x000000a8   Code   RO         2974    i.xQueueGenericReset  queue.o
    0x08005620   0x08005620   0x00000188   Code   RO         2975    i.xQueueGenericSend  queue.o
    0x080057a8   0x080057a8   0x000000e0   Code   RO         2976    i.xQueueGenericSendFromISR  queue.o
    0x08005888   0x08005888   0x00000088   Code   RO         3218    i.xTaskCheckForTimeOut  tasks.o
    0x08005910   0x08005910   0x00000056   Code   RO         3219    i.xTaskCreate       tasks.o
    0x08005966   0x08005966   0x00000002   PAD
    0x08005968   0x08005968   0x0000001c   Code   RO         3223    i.xTaskGetSchedulerState  tasks.o
    0x08005984   0x08005984   0x0000000c   Code   RO         3224    i.xTaskGetTickCount  tasks.o
    0x08005990   0x08005990   0x000000e8   Code   RO         3226    i.xTaskIncrementTick  tasks.o
    0x08005a78   0x08005a78   0x000000b4   Code   RO         3229    i.xTaskPriorityDisinherit  tasks.o
    0x08005b2c   0x08005b2c   0x00000098   Code   RO         3230    i.xTaskRemoveFromEventList  tasks.o
    0x08005bc4   0x08005bc4   0x00000098   Code   RO         3231    i.xTaskRemoveFromUnorderedEventList  tasks.o
    0x08005c5c   0x08005c5c   0x000000e4   Code   RO         3232    i.xTaskResumeAll    tasks.o
    0x08005d40   0x08005d40   0x00000074   Code   RO         3553    i.xTimerCreate      timers.o
    0x08005db4   0x08005db4   0x00000074   Code   RO         3554    i.xTimerCreateTimerTask  timers.o
    0x08005e28   0x08005e28   0x00000090   Code   RO         3555    i.xTimerGenericCommand  timers.o
    0x08005eb8   0x08005eb8   0x00000018   Code   RO         3954    x$fpl$basic         fz_wm.l(basic.o)
    0x08005ed0   0x08005ed0   0x00000062   Code   RO         3870    x$fpl$d2f           fz_wm.l(d2f.o)
    0x08005f32   0x08005f32   0x00000002   PAD
    0x08005f34   0x08005f34   0x00000150   Code   RO         3872    x$fpl$dadd          fz_wm.l(daddsub_clz.o)
    0x08006084   0x08006084   0x00000018   Code   RO         3956    x$fpl$dcmpinf       fz_wm.l(dcmpi.o)
    0x0800609c   0x0800609c   0x000002b0   Code   RO         3879    x$fpl$ddiv          fz_wm.l(ddiv.o)
    0x0800634c   0x0800634c   0x00000078   Code   RO         3882    x$fpl$deqf          fz_wm.l(deqf.o)
    0x080063c4   0x080063c4   0x00000154   Code   RO         3894    x$fpl$dmul          fz_wm.l(dmul.o)
    0x08006518   0x08006518   0x0000009c   Code   RO         3958    x$fpl$dnaninf       fz_wm.l(dnaninf.o)
    0x080065b4   0x080065b4   0x0000000c   Code   RO         3960    x$fpl$dretinf       fz_wm.l(dretinf.o)
    0x080065c0   0x080065c0   0x00000016   Code   RO         3873    x$fpl$drsb          fz_wm.l(daddsub_clz.o)
    0x080065d6   0x080065d6   0x00000002   PAD
    0x080065d8   0x080065d8   0x00000198   Code   RO         4074    x$fpl$dsqrt         fz_wm.l(dsqrt_umaal.o)
    0x08006770   0x08006770   0x000001d4   Code   RO         3874    x$fpl$dsub          fz_wm.l(daddsub_clz.o)
    0x08006944   0x08006944   0x00000056   Code   RO         3896    x$fpl$f2d           fz_wm.l(f2d.o)
    0x0800699a   0x0800699a   0x0000008c   Code   RO         3962    x$fpl$fnaninf       fz_wm.l(fnaninf.o)
    0x08006a26   0x08006a26   0x0000000a   Code   RO         4145    x$fpl$fpinit        fz_wm.l(fpinit.o)
    0x08006a30   0x08006a30   0x0000000a   Code   RO         3964    x$fpl$fretinf       fz_wm.l(fretinf.o)
    0x08006a3a   0x08006a3a   0x00000000   Code   RO         3966    x$fpl$usenofp       fz_wm.l(usenofp.o)
    0x08006a3a   0x08006a3a   0x00000002   PAD
    0x08006a3c   0x08006a3c   0x00000004   Data   RO         1623    .constdata          mymath.o
    0x08006a40   0x08006a40   0x00000004   Data   RO         1625    .constdata          mymath.o
    0x08006a44   0x08006a44   0x00000004   Data   RO         1626    .constdata          mymath.o
    0x08006a48   0x08006a48   0x00000050   Data   RO         3901    .constdata          m_wm.l(asin.o)
    0x08006a98   0x08006a98   0x00000098   Data   RO         3970    .constdata          m_wm.l(atan.o)
    0x08006b30   0x08006b30   0x00000008   Data   RO         4021    .constdata          m_wm.l(qnan.o)
    0x08006b38   0x08006b38   0x00000020   Data   RO         4211    Region$$Table       anon$$obj.o


    Execution Region RW_IRAM1 (Exec base: 0x20000000, Load base: 0x08006b58, Size: 0x00005e70, Max: 0x00020000, ABSOLUTE, COMPRESSED[0x0000005c])

    Exec Addr    Load Addr    Size         Type   Attr      Idx    E Section Name        Object

    0x20000000   COMPRESSED   0x0000001c   Data   RW           11    .data               main.o
    0x2000001c   COMPRESSED   0x00000014   Data   RW          337    .data               system_stm32f4xx.o
    0x20000030   COMPRESSED   0x00000008   Data   RW          497    .data               bmp280.o
    0x20000038   COMPRESSED   0x00000068   Data   RW          587    .data               mpu6050_iic.o
    0x200000a0   COMPRESSED   0x00000008   Data   RW          736    .data               timer.o
    0x200000a8   COMPRESSED   0x00000001   Data   RW          778    .data               sbus.o
    0x200000a9   COMPRESSED   0x00000003   PAD
    0x200000ac   COMPRESSED   0x00000020   Data   RW          837    .data               flight_system.o
    0x200000cc   COMPRESSED   0x00000008   Data   RW          885    .data               delay.o
    0x200000d4   COMPRESSED   0x00000004   Data   RW          954    .data               usart.o
    0x200000d8   COMPRESSED   0x00000010   Data   RW         1993    .data               stm32f4xx_rcc.o
    0x200000e8   COMPRESSED   0x00000044   Data   RW         3235    .data               tasks.o
    0x2000012c   COMPRESSED   0x00000014   Data   RW         3563    .data               timers.o
    0x20000140   COMPRESSED   0x0000000c   Data   RW         3681    .data               port.o
    0x2000014c   COMPRESSED   0x00000018   Data   RW         3764    .data               heap_4.o
    0x20000164        -       0x00000190   Zero   RW           10    .bss                main.o
    0x200002f4        -       0x00000018   Zero   RW          496    .bss                bmp280.o
    0x2000030c        -       0x00000030   Zero   RW          585    .bss                mpu6050_iic.o
    0x2000033c        -       0x0000000c   Zero   RW          586    .bss                mpu6050_iic.o
    0x20000348        -       0x0000003e   Zero   RW          775    .bss                sbus.o
    0x20000386   COMPRESSED   0x00000002   PAD
    0x20000388        -       0x00000138   Zero   RW          836    .bss                flight_system.o
    0x200004c0        -       0x00000040   Zero   RW         2987    .bss                queue.o
    0x20000500        -       0x000002e4   Zero   RW         3234    .bss                tasks.o
    0x200007e4        -       0x00000028   Zero   RW         3562    .bss                timers.o
    0x2000080c        -       0x00005000   Zero   RW         3763    .bss                heap_4.o
    0x2000580c        -       0x00000060   Zero   RW         4077    .bss                c_w.l(libspace.o)
    0x2000586c   COMPRESSED   0x00000004   PAD
    0x20005870        -       0x00000200   Zero   RW         1054    HEAP                startup_stm32f40_41xxx.o
    0x20005a70        -       0x00000400   Zero   RW         1053    STACK               startup_stm32f40_41xxx.o


==============================================================================

Image component sizes


      Code (inc. data)   RO Data    RW Data    ZI Data      Debug   Object Name

       478          6          0          8         24       3832   bmp280.o
       212         18          0          8          0       3141   delay.o
       610        136          0          0          0      15090   event_groups.o
      1010         58          0         32        312       4766   flight_system.o
       596        144          0         24      20480       4642   heap_4.o
        66          0          0          0          0       1283   kalman.o
        48          4          0          0          0        518   led.o
       136          0          0          0          0       3190   list.o
      1372        326          0         28        400     303664   main.o
       144         14          0          0          0       2089   misc.o
      2122         56          0        104         60      13482   mpu6050_iic.o
       608         70          0          0          0       4606   myiic.o
        44          4         12          0          0       1029   mymath.o
      1038        382          0         12          0      10793   port.o
       252          8          0          0          0        748   pwm.o
      1832        236          0          0         64      13377   queue.o
       528         30          0          1         62       5826   sbus.o
        64         26        392          0       1536        840   startup_stm32f40_41xxx.o
       168          0          0          0          0       3409   stm32f4xx_gpio.o
        12          0          0          0          0       2677   stm32f4xx_it.o
       240         36          0         16          0       5296   stm32f4xx_rcc.o
      1070        112          0          0          0      14165   stm32f4xx_tim.o
       324          8          0          0          0       5081   stm32f4xx_usart.o
       272         36          0         20          0       1753   system_stm32f4xx.o
      4446       1046          0         68        740      39892   tasks.o
       156          8          0          8          0       2024   timer.o
      1144        260          0         20         40       9954   timers.o
       356          6          0          0          0       3634   upper.o
       198         14          0          4          0       3692   usart.o

    ----------------------------------------------------------------------
     19576       3044        436        356      23720     484493   Object Totals
         0          0         32          0          0          0   (incl. Generated)
        30          0          0          3          2          0   (incl. Padding)

    ----------------------------------------------------------------------

      Code (inc. data)   RO Data    RW Data    ZI Data      Debug   Library Member Name

        90          0          0          0          0          0   __dczerorl2.o
         8          0          0          0          0         68   __main.o
       104          0          0          0          0         84   __printf.o
         0          0          0          0          0          0   __rtentry.o
        12          0          0          0          0          0   __rtentry2.o
         6          0          0          0          0          0   __rtentry4.o
        52          8          0          0          0          0   __scatter.o
        28          0          0          0          0          0   __scatter_zi.o
        44          0          0          0          0        108   _printf_char.o
        48          6          0          0          0         96   _printf_char_common.o
        36          4          0          0          0         80   _printf_char_file.o
         6          0          0          0          0          0   _printf_d.o
       120         16          0          0          0         92   _printf_dec.o
       178          0          0          0          0         88   _printf_intcommon.o
         0          0          0          0          0          0   _printf_percent.o
         4          0          0          0          0          0   _printf_percent_end.o
         6          0          0          0          0          0   _printf_s.o
        82          0          0          0          0         80   _printf_str.o
         6          0          0          0          0          0   _printf_u.o
        22          0          0          0          0        100   _rserrno.o
        10          0          0          0          0         68   _sputc.o
        16          0          0          0          0         68   aeabi_memset.o
        18          0          0          0          0         80   exit.o
         8          0          0          0          0         68   ferror.o
         6          0          0          0          0        152   heapauxi.o
         2          0          0          0          0          0   libinit.o
         6          0          0          0          0          0   libinit2.o
         2          0          0          0          0          0   libshutdown.o
         2          0          0          0          0          0   libshutdown2.o
         8          4          0          0         96         68   libspace.o
        24          4          0          0          0         84   noretval__2printf.o
        40          6          0          0          0         84   noretval__2sprintf.o
         8          4          0          0          0         68   rt_errno_addr_intlibspace.o
        68          0          0          0          0         68   rt_memclr.o
        78          0          0          0          0         80   rt_memclr_w.o
       138          0          0          0          0         68   rt_memcpy_v6.o
       100          0          0          0          0         80   rt_memcpy_w.o
         2          0          0          0          0          0   rtexit.o
        10          0          0          0          0          0   rtexit2.o
        72          0          0          0          0         80   strcpy.o
        62          0          0          0          0         76   strlen.o
        74          0          0          0          0         80   sys_stackheap_outer.o
         2          0          0          0          0         68   use_no_semi.o
         2          0          0          0          0         68   use_no_semi_2.o
        24          0          0          0          0        164   basic.o
        98          4          0          0          0        140   d2f.o
       826         16          0          0          0        492   daddsub_clz.o
        24          0          0          0          0        116   dcmpi.o
       688        140          0          0          0        256   ddiv.o
       120          4          0          0          0        140   deqf.o
       340         12          0          0          0        152   dmul.o
       156          4          0          0          0        140   dnaninf.o
        12          0          0          0          0        116   dretinf.o
       408         56          0          0          0        168   dsqrt_umaal.o
        86          4          0          0          0        132   f2d.o
       140          4          0          0          0        132   fnaninf.o
        10          0          0          0          0        116   fpinit.o
        10          0          0          0          0        116   fretinf.o
         0          0          0          0          0          0   usenofp.o
       864         94         80          0          0        280   asin.o
       744        106        152          0          0        352   atan.o
       512         64          0          0          0        208   atan2.o
       104         16          0          0          0        496   dunder.o
        24          0          0          0          0        124   fabs.o
        48          0          0          0          0        124   fpclassify.o
       248          0          0          0          0        152   poly.o
         0          0          8          0          0          0   qnan.o
       110          0          0          0          0        148   sqrt.o

    ----------------------------------------------------------------------
      7228        576        240          0        100       6468   Library Totals
        22          0          0          0          4          0   (incl. Padding)

    ----------------------------------------------------------------------

      Code (inc. data)   RO Data    RW Data    ZI Data      Debug   Library Name

      1610         52          0          0         96       2204   c_w.l
      2942        244          0          0          0       2380   fz_wm.l
      2654        280        240          0          0       1884   m_wm.l

    ----------------------------------------------------------------------
      7228        576        240          0        100       6468   Library Totals

    ----------------------------------------------------------------------

==============================================================================


      Code (inc. data)   RO Data    RW Data    ZI Data      Debug   

     26804       3620        676        356      23820     469065   Grand Totals
     26804       3620        676         92      23820     469065   ELF Image Totals (compressed)
     26804       3620        676         92          0          0   ROM Totals

==============================================================================

    Total RO  Size (Code + RO Data)                27480 (  26.84kB)
    Total RW  Size (RW Data + ZI Data)             24176 (  23.61kB)
    Total ROM Size (Code + RO Data + RW Data)      27572 (  26.93kB)

==============================================================================

