<html>
<body>
<pre>
<h1>µVision Build Log</h1>
<h2>Tool Versions:</h2>
IDE-Version: ¦ÌVision V5.35.0.0
Copyright (C) 2021 ARM Ltd and ARM Germany GmbH. All rights reserved.
License Information: Zhang YR, 1, LIC=VGXG8-3IZHW-ARGXW-QX1IH-4CULE-FGJHB
 
Tool Versions:
Toolchain:       MDK-ARM Plus  Version: 5.35.0.2
Toolchain Path:  C:\Program Files (x86)\Keil\ARM\ARMCC\Bin
C Compiler:      Armcc.exe V5.06 update 7 (build 960)
Assembler:       Armasm.exe V5.06 update 7 (build 960)
Linker/Locator:  ArmLink.exe V5.06 update 7 (build 960)
Library Manager: ArmAr.exe V5.06 update 7 (build 960)
Hex Converter:   FromElf.exe V5.06 update 7 (build 960)
CPU DLL:         SARMCM3.DLL V5.35.0.2
Dialog DLL:      DCM.DLL V1.17.3.0
Target DLL:      CMSIS_AGDI.dll V1.33.0.0
Dialog DLL:      TCM.DLL V1.53.0.0
 
<h2>Project:</h2>
C:\BACKUP!!!\Code\MiniFlyerV0_1\Codes\ZK-F405\USER\FreeRTOS.uvprojx
Project File Date:  02/15/2022

<h2>Output:</h2>
*** Using Compiler 'V5.06 update 7 (build 960)', folder: 'C:\Program Files (x86)\Keil\ARM\ARMCC\Bin'
Rebuild target 'FreeRTOS'
compiling flight_system.c...
compiling stm32f4xx_it.c...
compiling led.c...
compiling timer.c...
compiling Upper.c...
compiling sys.c...
compiling system_stm32f4xx.c...
compiling bmp280.c...
compiling mpu6050_iic.c...
compiling myiic.c...
compiling delay.c...
compiling usart.c...
compiling sbus.c...
..\HARDWARE\S-BUS\sbus.c(94): warning:  #550-D: variable "clear"  was set but never used
  	uint8_t clear = 0;
..\HARDWARE\S-BUS\sbus.c: 1 warning, 0 errors
compiling main.c...
main.c(243): warning:  #550-D: variable "BMP_Pressure"  was set but never used
  	double	BMP_Pressure,BMP_Temperature;
main.c(243): warning:  #550-D: variable "BMP_Temperature"  was set but never used
  	double	BMP_Pressure,BMP_Temperature;
main.c: 2 warnings, 0 errors
assembling startup_stm32f40_41xxx.s...
compiling inv_mpu_dmp_motion_driver.c...
compiling inv_mpu.c...
compiling pwm.c...
compiling misc.c...
compiling stm32f4xx_syscfg.c...
compiling stm32f4xx_usart.c...
compiling stm32f4xx_gpio.c...
compiling list.c...
compiling croutine.c...
compiling stm32f4xx_tim.c...
compiling port.c...
compiling stm32f4xx_rcc.c...
compiling heap_4.c...
compiling event_groups.c...
compiling timers.c...
compiling queue.c...
compiling tasks.c...
linking...
Program Size: Code=33054 RO-data=3906 RW-data=276 ZI-data=23460  
FromELF: creating hex file...
"..\OBJ\LED.axf" - 0 Error(s), 3 Warning(s).

<h2>Software Packages used:</h2>

Package Vendor: Keil
                http://www.keil.com/pack/Keil.STM32F4xx_DFP.2.15.0.pack
                Keil.STM32F4xx_DFP.2.15.0
                STMicroelectronics STM32F4 Series Device Support, Drivers and Examples

<h2>Collection of Component include folders:</h2>
  C:\Users\19717\AppData\Local\Arm\Packs\Keil\STM32F4xx_DFP\2.15.0\Drivers\CMSIS\Device\ST\STM32F4xx\Include

<h2>Collection of Component Files used:</h2>
Build Time Elapsed:  00:00:05
</pre>
</body>
</html>
