Component: ARM Compiler 5.06 update 7 (build 960) Tool: armlink [4d3601]

==============================================================================

Section Cross References

    main.o(i.escinit_task) refers to stm32f4xx_gpio.o(i.GPIO_ResetBits) for GPIO_ResetBits
    main.o(i.escinit_task) refers to noretval__2printf.o(.text) for __2printf
    main.o(i.escinit_task) refers to stm32f4xx_tim.o(i.TIM_SetCompare1) for TIM_SetCompare1
    main.o(i.escinit_task) refers to stm32f4xx_tim.o(i.TIM_SetCompare2) for TIM_SetCompare2
    main.o(i.escinit_task) refers to stm32f4xx_tim.o(i.TIM_SetCompare3) for TIM_SetCompare3
    main.o(i.escinit_task) refers to stm32f4xx_tim.o(i.TIM_SetCompare4) for TIM_SetCompare4
    main.o(i.escinit_task) refers to tasks.o(i.vTaskDelay) for vTaskDelay
    main.o(i.escinit_task) refers to stm32f4xx_gpio.o(i.GPIO_SetBits) for GPIO_SetBits
    main.o(i.escinit_task) refers to tasks.o(i.vTaskDelete) for vTaskDelete
    main.o(i.escinit_task) refers to main.o(.data) for .data
    main.o(i.main) refers to _printf_percent.o(.ARM.Collect$$_printf_percent$$00000000) for _printf_percent
    main.o(i.main) refers to _printf_d.o(.ARM.Collect$$_printf_percent$$00000009) for _printf_d
    main.o(i.main) refers to _printf_dec.o(.text) for _printf_int_dec
    main.o(i.main) refers to misc.o(i.NVIC_PriorityGroupConfig) for NVIC_PriorityGroupConfig
    main.o(i.main) refers to delay.o(i.delay_init) for delay_init
    main.o(i.main) refers to led.o(i.ledInit) for ledInit
    main.o(i.main) refers to usart.o(i.uart_init) for uart_init
    main.o(i.main) refers to pwm.o(i.TIM3_PWM_Init) for TIM3_PWM_Init
    main.o(i.main) refers to myiic.o(i.IIC_Init) for IIC_Init
    main.o(i.main) refers to mpu6050_iic.o(i.MPU_Init) for MPU_Init
    main.o(i.main) refers to bmp280.o(i.Bmp_Init) for Bmp_Init
    main.o(i.main) refers to inv_mpu.o(i.mpu_dmp_init) for mpu_dmp_init
    main.o(i.main) refers to noretval__2printf.o(.text) for __2printf
    main.o(i.main) refers to tasks.o(i.xTaskCreate) for xTaskCreate
    main.o(i.main) refers to tasks.o(i.vTaskStartScheduler) for vTaskStartScheduler
    main.o(i.main) refers to main.o(.data) for .data
    main.o(i.main) refers to main.o(i.startTask) for startTask
    main.o(i.sensors_task) refers to _printf_percent.o(.ARM.Collect$$_printf_percent$$00000000) for _printf_percent
    main.o(i.sensors_task) refers to _printf_f.o(.ARM.Collect$$_printf_percent$$00000003) for _printf_f
    main.o(i.sensors_task) refers to printf1.o(x$fpl$printf1) for _printf_fp_dec
    main.o(i.sensors_task) refers to bmp280.o(i.BMP280_Get_Temperature) for BMP280_Get_Temperature
    main.o(i.sensors_task) refers to bmp280.o(i.BMP280_Get_Pressure) for BMP280_Get_Pressure
    main.o(i.sensors_task) refers to noretval__2printf.o(.text) for __2printf
    main.o(i.sensors_task) refers to inv_mpu.o(i.mpu_dmp_get_data) for mpu_dmp_get_data
    main.o(i.sensors_task) refers to mpu6050_iic.o(i.MPU_Get_Accelerometer) for MPU_Get_Accelerometer
    main.o(i.sensors_task) refers to mpu6050_iic.o(i.MPU_Get_Gyroscope) for MPU_Get_Gyroscope
    main.o(i.sensors_task) refers to upper.o(i.mpu6050_send_data) for mpu6050_send_data
    main.o(i.sensors_task) refers to upper.o(i.usart1_report_imu) for usart1_report_imu
    main.o(i.startTask) refers to _printf_percent.o(.ARM.Collect$$_printf_percent$$00000000) for _printf_percent
    main.o(i.startTask) refers to _printf_d.o(.ARM.Collect$$_printf_percent$$00000009) for _printf_d
    main.o(i.startTask) refers to _printf_dec.o(.text) for _printf_int_dec
    main.o(i.startTask) refers to port.o(i.vPortEnterCritical) for vPortEnterCritical
    main.o(i.startTask) refers to tasks.o(i.xTaskCreate) for xTaskCreate
    main.o(i.startTask) refers to heap_4.o(i.xPortGetFreeHeapSize) for xPortGetFreeHeapSize
    main.o(i.startTask) refers to noretval__2printf.o(.text) for __2printf
    main.o(i.startTask) refers to tasks.o(i.vTaskDelete) for vTaskDelete
    main.o(i.startTask) refers to port.o(i.vPortExitCritical) for vPortExitCritical
    main.o(i.startTask) refers to main.o(.data) for .data
    main.o(i.startTask) refers to main.o(i.escinit_task) for escinit_task
    main.o(i.startTask) refers to main.o(i.sensors_task) for sensors_task
    system_stm32f4xx.o(i.SystemCoreClockUpdate) refers to system_stm32f4xx.o(.data) for .data
    system_stm32f4xx.o(i.SystemInit) refers to system_stm32f4xx.o(i.SetSysClock) for SetSysClock
    led.o(i.ledInit) refers to stm32f4xx_rcc.o(i.RCC_AHB1PeriphClockCmd) for RCC_AHB1PeriphClockCmd
    led.o(i.ledInit) refers to stm32f4xx_gpio.o(i.GPIO_Init) for GPIO_Init
    led.o(i.warningLedFlash) refers to led.o(.data) for .data
    led.o(i.warningLedOFF) refers to led.o(.data) for .data
    led.o(i.warningLedON) refers to led.o(.data) for .data
    led.o(i.warningLedRefresh) refers to stm32f4xx_gpio.o(i.GPIO_ToggleBits) for GPIO_ToggleBits
    led.o(i.warningLedRefresh) refers to stm32f4xx_gpio.o(i.GPIO_SetBits) for GPIO_SetBits
[...]
    __rt_entry                               0x0800022f   Thumb Code     0  __rtentry.o(.ARM.Collect$$rtentry$$00000000)
    __rt_entry_presh_1                       0x0800022f   Thumb Code     0  __rtentry2.o(.ARM.Collect$$rtentry$$00000002)
    __rt_entry_sh                            0x0800022f   Thumb Code     0  __rtentry4.o(.ARM.Collect$$rtentry$$00000004)
    __rt_entry_li                            0x08000235   Thumb Code     0  __rtentry2.o(.ARM.Collect$$rtentry$$0000000A)
    __rt_entry_postsh_1                      0x08000235   Thumb Code     0  __rtentry2.o(.ARM.Collect$$rtentry$$00000009)
    __rt_entry_main                          0x08000239   Thumb Code     0  __rtentry2.o(.ARM.Collect$$rtentry$$0000000D)
    __rt_entry_postli_1                      0x08000239   Thumb Code     0  __rtentry2.o(.ARM.Collect$$rtentry$$0000000C)
    __rt_exit                                0x08000241   Thumb Code     0  rtexit.o(.ARM.Collect$$rtexit$$00000000)
    __rt_exit_ls                             0x08000243   Thumb Code     0  rtexit2.o(.ARM.Collect$$rtexit$$00000003)
    __rt_exit_prels_1                        0x08000243   Thumb Code     0  rtexit2.o(.ARM.Collect$$rtexit$$00000002)
    __rt_exit_exit                           0x08000247   Thumb Code     0  rtexit2.o(.ARM.Collect$$rtexit$$00000004)
    SVC_Handler                              0x0800024d   Thumb Code    28  port.o(.emb_text)
    __asm___6_port_c_39a90d8d__prvStartFirstTask 0x0800026d   Thumb Code    28  port.o(.emb_text)
    __asm___6_port_c_39a90d8d__prvEnableVFP  0x0800028d   Thumb Code    16  port.o(.emb_text)
    PendSV_Handler                           0x080002a1   Thumb Code    88  port.o(.emb_text)
    vPortGetIPSR                             0x080002fd   Thumb Code     6  port.o(.emb_text)
    Reset_Handler                            0x08000305   Thumb Code     8  startup_stm32f40_41xxx.o(.text)
    ADC_IRQHandler                           0x0800031f   Thumb Code     0  startup_stm32f40_41xxx.o(.text)
    CAN1_RX0_IRQHandler                      0x0800031f   Thumb Code     0  startup_stm32f40_41xxx.o(.text)
    CAN1_RX1_IRQHandler                      0x0800031f   Thumb Code     0  startup_stm32f40_41xxx.o(.text)
    CAN1_SCE_IRQHandler                      0x0800031f   Thumb Code     0  startup_stm32f40_41xxx.o(.text)
    CAN1_TX_IRQHandler                       0x0800031f   Thumb Code     0  startup_stm32f40_41xxx.o(.text)
    CAN2_RX0_IRQHandler                      0x0800031f   Thumb Code     0  startup_stm32f40_41xxx.o(.text)
    CAN2_RX1_IRQHandler                      0x0800031f   Thumb Code     0  startup_stm32f40_41xxx.o(.text)
    CAN2_SCE_IRQHandler                      0x0800031f   Thumb Code     0  startup_stm32f40_41xxx.o(.text)
    CAN2_TX_IRQHandler                       0x0800031f   Thumb Code     0  startup_stm32f40_41xxx.o(.text)
    CRYP_IRQHandler                          0x0800031f   Thumb Code     0  startup_stm32f40_41xxx.o(.text)
    DCMI_IRQHandler                          0x0800031f   Thumb Code     0  startup_stm32f40_41xxx.o(.text)
    DMA1_Stream0_IRQHandler                  0x0800031f   Thumb Code     0  startup_stm32f40_41xxx.o(.text)
    DMA1_Stream1_IRQHandler                  0x0800031f   Thumb Code     0  startup_stm32f40_41xxx.o(.text)
    DMA1_Stream2_IRQHandler                  0x0800031f   Thumb Code     0  startup_stm32f40_41xxx.o(.text)
    DMA1_Stream3_IRQHandler                  0x0800031f   Thumb Code     0  startup_stm32f40_41xxx.o(.text)
    DMA1_Stream4_IRQHandler                  0x0800031f   Thumb Code     0  startup_stm32f40_41xxx.o(.text)
    DMA1_Stream5_IRQHandler                  0x0800031f   Thumb Code     0  startup_stm32f40_41xxx.o(.text)
    DMA1_Stream6_IRQHandler                  0x0800031f   Thumb Code     0  startup_stm32f40_41xxx.o(.text)
    DMA1_Stream7_IRQHandler                  0x0800031f   Thumb Code     0  startup_stm32f40_41xxx.o(.text)
    DMA2_Stream0_IRQHandler                  0x0800031f   Thumb Code     0  startup_stm32f40_41xxx.o(.text)
    DMA2_Stream1_IRQHandler                  0x0800031f   Thumb Code     0  startup_stm32f40_41xxx.o(.text)
    DMA2_Stream2_IRQHandler                  0x0800031f   Thumb Code     0  startup_stm32f40_41xxx.o(.text)
    DMA2_Stream3_IRQHandler                  0x0800031f   Thumb Code     0  startup_stm32f40_41xxx.o(.text)
    DMA2_Stream4_IRQHandler                  0x0800031f   Thumb Code     0  startup_stm32f40_41xxx.o(.text)
    DMA2_Stream5_IRQHandler                  0x0800031f   Thumb Code     0  startup_stm32f40_41xxx.o(.text)
    DMA2_Stream6_IRQHandler                  0x0800031f   Thumb Code     0  startup_stm32f40_41xxx.o(.text)
    DMA2_Stream7_IRQHandler                  0x0800031f   Thumb Code     0  startup_stm32f40_41xxx.o(.text)
    ETH_IRQHandler                           0x0800031f   Thumb Code     0  startup_stm32f40_41xxx.o(.text)
    ETH_WKUP_IRQHandler                      0x0800031f   Thumb Code     0  startup_stm32f40_41xxx.o(.text)
    EXTI0_IRQHandler                         0x0800031f   Thumb Code     0  startup_stm32f40_41xxx.o(.text)
    EXTI15_10_IRQHandler                     0x0800031f   Thumb Code     0  startup_stm32f40_41xxx.o(.text)
    EXTI1_IRQHandler                         0x0800031f   Thumb Code     0  startup_stm32f40_41xxx.o(.text)
    EXTI2_IRQHandler                         0x0800031f   Thumb Code     0  startup_stm32f40_41xxx.o(.text)
    EXTI3_IRQHandler                         0x0800031f   Thumb Code     0  startup_stm32f40_41xxx.o(.text)
    EXTI4_IRQHandler                         0x0800031f   Thumb Code     0  startup_stm32f40_41xxx.o(.text)
    EXTI9_5_IRQHandler                       0x0800031f   Thumb Code     0  startup_stm32f40_41xxx.o(.text)
    FLASH_IRQHandler                         0x0800031f   Thumb Code     0  startup_stm32f40_41xxx.o(.text)
    FPU_IRQHandler                           0x0800031f   Thumb Code     0  startup_stm32f40_41xxx.o(.text)
    FSMC_IRQHandler                          0x0800031f   Thumb Code     0  startup_stm32f40_41xxx.o(.text)
    HASH_RNG_IRQHandler                      0x0800031f   Thumb Code     0  startup_stm32f40_41xxx.o(.text)
    I2C1_ER_IRQHandler                       0x0800031f   Thumb Code     0  startup_stm32f40_41xxx.o(.text)
    I2C1_EV_IRQHandler                       0x0800031f   Thumb Code     0  startup_stm32f40_41xxx.o(.text)
    I2C2_ER_IRQHandler                       0x0800031f   Thumb Code     0  startup_stm32f40_41xxx.o(.text)
    I2C2_EV_IRQHandler                       0x0800031f   Thumb Code     0  startup_stm32f40_41xxx.o(.text)
    I2C3_ER_IRQHandler                       0x0800031f   Thumb Code     0  startup_stm32f40_41xxx.o(.text)
    I2C3_EV_IRQHandler                       0x0800031f   Thumb Code     0  startup_stm32f40_41xxx.o(.text)
    OTG_FS_IRQHandler                        0x0800031f   Thumb Code     0  startup_stm32f40_41xxx.o(.text)
    OTG_FS_WKUP_IRQHandler                   0x0800031f   Thumb Code     0  startup_stm32f40_41xxx.o(.text)
    OTG_HS_EP1_IN_IRQHandler                 0x0800031f   Thumb Code     0  startup_stm32f40_41xxx.o(.text)
    OTG_HS_EP1_OUT_IRQHandler                0x0800031f   Thumb Code     0  startup_stm32f40_41xxx.o(.text)
    OTG_HS_IRQHandler                        0x0800031f   Thumb Code     0  startup_stm32f40_41xxx.o(.text)
    OTG_HS_WKUP_IRQHandler                   0x0800031f   Thumb Code     0  startup_stm32f40_41xxx.o(.text)
    PVD_IRQHandler                           0x0800031f   Thumb Code     0  startup_stm32f40_41xxx.o(.text)
    RCC_IRQHandler                           0x0800031f   Thumb Code     0  startup_stm32f40_41xxx.o(.text)
    RTC_Alarm_IRQHandler                     0x0800031f   Thumb Code     0  startup_stm32f40_41xxx.o(.text)
    RTC_WKUP_IRQHandler                      0x0800031f   Thumb Code     0  startup_stm32f40_41xxx.o(.text)
    SDIO_IRQHandler                          0x0800031f   Thumb Code     0  startup_stm32f40_41xxx.o(.text)
    SPI1_IRQHandler                          0x0800031f   Thumb Code     0  startup_stm32f40_41xxx.o(.text)
    SPI2_IRQHandler                          0x0800031f   Thumb Code     0  startup_stm32f40_41xxx.o(.text)
    SPI3_IRQHandler                          0x0800031f   Thumb Code     0  startup_stm32f40_41xxx.o(.text)
    TAMP_STAMP_IRQHandler                    0x0800031f   Thumb Code     0  startup_stm32f40_41xxx.o(.text)
    TIM1_BRK_TIM9_IRQHandler                 0x0800031f   Thumb Code     0  startup_stm32f40_41xxx.o(.text)
    TIM1_CC_IRQHandler                       0x0800031f   Thumb Code     0  startup_stm32f40_41xxx.o(.text)
    TIM1_TRG_COM_TIM11_IRQHandler            0x0800031f   Thumb Code     0  startup_stm32f40_41xxx.o(.text)
    TIM1_UP_TIM10_IRQHandler                 0x0800031f   Thumb Code     0  startup_stm32f40_41xxx.o(.text)
    TIM2_IRQHandler                          0x0800031f   Thumb Code     0  startup_stm32f40_41xxx.o(.text)
    TIM3_IRQHandler                          0x0800031f   Thumb Code     0  startup_stm32f40_41xxx.o(.text)
    TIM4_IRQHandler                          0x0800031f   Thumb Code     0  startup_stm32f40_41xxx.o(.text)
    TIM5_IRQHandler                          0x0800031f   Thumb Code     0  startup_stm32f40_41xxx.o(.text)
    TIM6_DAC_IRQHandler                      0x0800031f   Thumb Code     0  startup_stm32f40_41xxx.o(.text)
    TIM7_IRQHandler                          0x0800031f   Thumb Code     0  startup_stm32f40_41xxx.o(.text)
    TIM8_BRK_TIM12_IRQHandler                0x0800031f   Thumb Code     0  startup_stm32f40_41xxx.o(.text)
    TIM8_CC_IRQHandler                       0x0800031f   Thumb Code     0  startup_stm32f40_41xxx.o(.text)
    TIM8_TRG_COM_TIM14_IRQHandler            0x0800031f   Thumb Code     0  startup_stm32f40_41xxx.o(.text)
    TIM8_UP_TIM13_IRQHandler                 0x0800031f   Thumb Code     0  startup_stm32f40_41xxx.o(.text)
    UART4_IRQHandler                         0x0800031f   Thumb Code     0  startup_stm32f40_41xxx.o(.text)
    UART5_IRQHandler                         0x0800031f   Thumb Code     0  startup_stm32f40_41xxx.o(.text)
    USART1_IRQHandler                        0x0800031f   Thumb Code     0  startup_stm32f40_41xxx.o(.text)
    USART2_IRQHandler                        0x0800031f   Thumb Code     0  startup_stm32f40_41xxx.o(.text)
    USART3_IRQHandler                        0x0800031f   Thumb Code     0  startup_stm32f40_41xxx.o(.text)
    USART6_IRQHandler                        0x0800031f   Thumb Code     0  startup_stm32f40_41xxx.o(.text)
    WWDG_IRQHandler                          0x0800031f   Thumb Code     0  startup_stm32f40_41xxx.o(.text)
    __user_initial_stackheap                 0x08000321   Thumb Code     0  startup_stm32f40_41xxx.o(.text)
    __use_no_semihosting                     0x08000345   Thumb Code     2  use_no_semi_2.o(.text)
    __aeabi_ldivmod                          0x08000347   Thumb Code     0  llsdiv.o(.text)
    _ll_sdiv                                 0x08000347   Thumb Code    72  llsdiv.o(.text)
    __2printf                                0x08000391   Thumb Code    20  noretval__2printf.o(.text)
    _printf_str                              0x080003a9   Thumb Code    82  _printf_str.o(.text)
    _printf_int_dec                          0x080003fd   Thumb Code   104  _printf_dec.o(.text)
    __printf                                 0x08000475   Thumb Code   308  __printf_flags_wp.o(.text)
    memcmp                                   0x080005ad   Thumb Code    88  memcmp.o(.text)
    __aeabi_memcpy                           0x08000605   Thumb Code     0  rt_memcpy_v6.o(.text)
    __rt_memcpy                              0x08000605   Thumb Code   138  rt_memcpy_v6.o(.text)
    _memcpy_lastbytes                        0x0800066b   Thumb Code     0  rt_memcpy_v6.o(.text)
    __aeabi_memset                           0x0800068f   Thumb Code    16  aeabi_memset.o(.text)
    __use_two_region_memory                  0x0800069f   Thumb Code     2  heapauxi.o(.text)
    __rt_heap_escrow$2region                 0x080006a1   Thumb Code     2  heapauxi.o(.text)
    __rt_heap_expand$2region                 0x080006a3   Thumb Code     2  heapauxi.o(.text)
    __I$use$semihosting                      0x080006a5   Thumb Code     0  use_no_semi.o(.text)
    __use_no_semihosting_swi                 0x080006a5   Thumb Code     2  use_no_semi.o(.text)
    __aeabi_uldivmod                         0x080006a7   Thumb Code     0  lludivv7m.o(.text)
    _ll_udiv                                 0x080006a7   Thumb Code   238  lludivv7m.o(.text)
    __read_errno                             0x08000795   Thumb Code    10  _rserrno.o(.text)
    __set_errno                              0x0800079f   Thumb Code    12  _rserrno.o(.text)
    _printf_int_common                       0x080007ab   Thumb Code   178  _printf_intcommon.o(.text)
    __lib_sel_fp_printf                      0x0800085d   Thumb Code     2  _printf_fp_dec.o(.text)
    _printf_fp_dec_real                      0x08000a0f   Thumb Code   620  _printf_fp_dec.o(.text)
    _printf_char_common                      0x08000c87   Thumb Code    32  _printf_char_common.o(.text)
    _printf_cs_common                        0x08000cad   Thumb Code    20  _printf_char.o(.text)
    _printf_char                             0x08000cc1   Thumb Code    16  _printf_char.o(.text)
    _printf_string                           0x08000cd1   Thumb Code     8  _printf_char.o(.text)
    _printf_char_file                        0x08000cd9   Thumb Code    32  _printf_char_file.o(.text)
    __aeabi_memcpy4                          0x08000cfd   Thumb Code     0  rt_memcpy_w.o(.text)
    __aeabi_memcpy8                          0x08000cfd   Thumb Code     0  rt_memcpy_w.o(.text)
    __rt_memcpy_w                            0x08000cfd   Thumb Code   100  rt_memcpy_w.o(.text)
    _memcpy_lastbytes_aligned                0x08000d45   Thumb Code     0  rt_memcpy_w.o(.text)
    __aeabi_memclr                           0x08000d61   Thumb Code     0  rt_memclr.o(.text)
    __rt_memclr                              0x08000d61   Thumb Code    68  rt_memclr.o(.text)
    _memset                                  0x08000d65   Thumb Code     0  rt_memclr.o(.text)
    __rt_locale                              0x08000da5   Thumb Code     8  rt_locale_intlibspace.o(.text)
    __aeabi_errno_addr                       0x08000dad   Thumb Code     8  rt_errno_addr_intlibspace.o(.text)
    __errno$intlibspace                      0x08000dad   Thumb Code     0  rt_errno_addr_intlibspace.o(.text)
    __rt_errno_addr$intlibspace              0x08000dad   Thumb Code     0  rt_errno_addr_intlibspace.o(.text)
    _ll_udiv10                               0x08000db5   Thumb Code   138  lludiv10.o(.text)
    _printf_fp_infnan                        0x08000e41   Thumb Code   112  _printf_fp_infnan.o(.text)
    _btod_etento                             0x08000ec1   Thumb Code   224  bigflt0.o(.text)
    ferror                                   0x08000fa5   Thumb Code     8  ferror.o(.text)
    __aeabi_memclr4                          0x08000fad   Thumb Code     0  rt_memclr_w.o(.text)
    __aeabi_memclr8                          0x08000fad   Thumb Code     0  rt_memclr_w.o(.text)
    __rt_memclr_w                            0x08000fad   Thumb Code    78  rt_memclr_w.o(.text)
    _memset_w                                0x08000fb1   Thumb Code     0  rt_memclr_w.o(.text)
    __user_libspace                          0x08000ffd   Thumb Code     8  libspace.o(.text)
    __user_perproc_libspace                  0x08000ffd   Thumb Code     0  libspace.o(.text)
    __user_perthread_libspace                0x08000ffd   Thumb Code     0  libspace.o(.text)
    __user_setup_stackheap                   0x08001005   Thumb Code    74  sys_stackheap_outer.o(.text)
    exit                                     0x0800104f   Thumb Code    18  exit.o(.text)
    strcmp                                   0x08001061   Thumb Code   128  strcmpv7m.o(.text)
    _btod_d2e                                0x080010e1   Thumb Code    62  btod.o(CL$$btod_d2e)
    _d2e_denorm_low                          0x0800111f   Thumb Code    70  btod.o(CL$$btod_d2e_denorm_low)
    _d2e_norm_op1                            0x08001165   Thumb Code    96  btod.o(CL$$btod_d2e_norm_op1)
    __btod_div_common                        0x080011c5   Thumb Code   696  btod.o(CL$$btod_div_common)
    _e2e                                     0x080014fd   Thumb Code   220  btod.o(CL$$btod_e2e)
    _btod_ediv                               0x080015d9   Thumb Code    42  btod.o(CL$$btod_ediv)
    _btod_emul                               0x08001603   Thumb Code    42  btod.o(CL$$btod_emul)
    __btod_mult_common                       0x0800162d   Thumb Code   580  btod.o(CL$$btod_mult_common)
    BMP280_Get_Pressure                      0x08001871   Thumb Code    42  bmp280.o(i.BMP280_Get_Pressure)
    BMP280_Get_Temperature                   0x0800189b   Thumb Code    42  bmp280.o(i.BMP280_Get_Temperature)
    BMP280_Set_Standby_FILTER                0x080018ff   Thumb Code    22  bmp280.o(i.BMP280_Set_Standby_FILTER)
    BMP280_Set_TemOversamp                   0x08001915   Thumb Code    22  bmp280.o(i.BMP280_Set_TemOversamp)
    Bmp_Init                                 0x0800195d   Thumb Code   322  bmp280.o(i.Bmp_Init)
    BusFault_Handler                         0x08001aa5   Thumb Code     2  stm32f4xx_it.o(i.BusFault_Handler)
    DebugMon_Handler                         0x08001aa7   Thumb Code     2  stm32f4xx_it.o(i.DebugMon_Handler)
    GPIO_Init                                0x08001aa9   Thumb Code   120  stm32f4xx_gpio.o(i.GPIO_Init)
    GPIO_PinAFConfig                         0x08001b21   Thumb Code    32  stm32f4xx_gpio.o(i.GPIO_PinAFConfig)
    GPIO_ResetBits                           0x08001b41   Thumb Code     4  stm32f4xx_gpio.o(i.GPIO_ResetBits)
    GPIO_SetBits                             0x08001b45   Thumb Code     4  stm32f4xx_gpio.o(i.GPIO_SetBits)
    HardFault_Handler                        0x08001b49   Thumb Code     2  stm32f4xx_it.o(i.HardFault_Handler)
    IIC_Ack                                  0x08001b4d   Thumb Code    56  myiic.o(i.IIC_Ack)
    IIC_Init                                 0x08001b8d   Thumb Code    56  myiic.o(i.IIC_Init)
    IIC_NAck                                 0x08001bcd   Thumb Code    56  myiic.o(i.IIC_NAck)
    IIC_Read_Byte                            0x08001c0d   Thumb Code    96  myiic.o(i.IIC_Read_Byte)
    IIC_Send_Byte                            0x08001c75   Thumb Code    86  myiic.o(i.IIC_Send_Byte)
    IIC_Start                                0x08001cd5   Thumb Code    56  myiic.o(i.IIC_Start)
    IIC_Stop                                 0x08001d15   Thumb Code    58  myiic.o(i.IIC_Stop)
    IIC_Wait_Ack                             0x08001d59   Thumb Code    74  myiic.o(i.IIC_Wait_Ack)
    MPU_Get_Accelerometer                    0x08001dad   Thumb Code    50  mpu6050_iic.o(i.MPU_Get_Accelerometer)
    MPU_Get_Gyroscope                        0x08001ddf   Thumb Code    50  mpu6050_iic.o(i.MPU_Get_Gyroscope)
    MPU_Init                                 0x08001e11   Thumb Code   116  mpu6050_iic.o(i.MPU_Init)
    MPU_Read_Byte                            0x08001e85   Thumb Code    58  mpu6050_iic.o(i.MPU_Read_Byte)
    MPU_Read_Len                             0x08001ebf   Thumb Code   106  mpu6050_iic.o(i.MPU_Read_Len)
    MPU_Set_Accel_Fsr                        0x08001f29   Thumb Code    10  mpu6050_iic.o(i.MPU_Set_Accel_Fsr)
    MPU_Set_Gyro_Fsr                         0x08001f33   Thumb Code    10  mpu6050_iic.o(i.MPU_Set_Gyro_Fsr)
    MPU_Set_LPF                              0x08001f3d   Thumb Code    48  mpu6050_iic.o(i.MPU_Set_LPF)
    MPU_Set_Rate                             0x08001f6d   Thumb Code    46  mpu6050_iic.o(i.MPU_Set_Rate)
    MPU_Write_Byte                           0x08001f9b   Thumb Code    60  mpu6050_iic.o(i.MPU_Write_Byte)
    MPU_Write_Len                            0x08001fd7   Thumb Code    82  mpu6050_iic.o(i.MPU_Write_Len)
    MemManage_Handler                        0x08002029   Thumb Code     2  stm32f4xx_it.o(i.MemManage_Handler)
    NMI_Handler                              0x0800202b   Thumb Code     2  stm32f4xx_it.o(i.NMI_Handler)
    NVIC_Init                                0x0800202d   Thumb Code    96  misc.o(i.NVIC_Init)
    NVIC_PriorityGroupConfig                 0x08002091   Thumb Code    10  misc.o(i.NVIC_PriorityGroupConfig)
    RCC_AHB1PeriphClockCmd                   0x080020a5   Thumb Code    18  stm32f4xx_rcc.o(i.RCC_AHB1PeriphClockCmd)
    RCC_APB1PeriphClockCmd                   0x080020bd   Thumb Code    18  stm32f4xx_rcc.o(i.RCC_APB1PeriphClockCmd)
    RCC_APB1PeriphResetCmd                   0x080020d5   Thumb Code    18  stm32f4xx_rcc.o(i.RCC_APB1PeriphResetCmd)
    RCC_APB2PeriphResetCmd                   0x080020ed   Thumb Code    18  stm32f4xx_rcc.o(i.RCC_APB2PeriphResetCmd)
    RCC_GetClocksFreq                        0x08002105   Thumb Code   132  stm32f4xx_rcc.o(i.RCC_GetClocksFreq)
    SysTick_CLKSourceConfig                  0x08002249   Thumb Code    24  misc.o(i.SysTick_CLKSourceConfig)
    SysTick_Handler                          0x08002261   Thumb Code    20  delay.o(i.SysTick_Handler)
    SystemInit                               0x08002275   Thumb Code    74  system_stm32f4xx.o(i.SystemInit)
    TIM3_PWM_Init                            0x080022d1   Thumb Code   244  pwm.o(i.TIM3_PWM_Init)
    TIM_ARRPreloadConfig                     0x080023cd   Thumb Code    20  stm32f4xx_tim.o(i.TIM_ARRPreloadConfig)
    TIM_Cmd                                  0x080023e1   Thumb Code    20  stm32f4xx_tim.o(i.TIM_Cmd)
    TIM_DeInit                               0x080023f5   Thumb Code   284  stm32f4xx_tim.o(i.TIM_DeInit)
    TIM_OC1Init                              0x08002545   Thumb Code    88  stm32f4xx_tim.o(i.TIM_OC1Init)
    TIM_OC1PreloadConfig                     0x080025a5   Thumb Code    12  stm32f4xx_tim.o(i.TIM_OC1PreloadConfig)
    TIM_OC2Init                              0x080025b1   Thumb Code   120  stm32f4xx_tim.o(i.TIM_OC2Init)
    TIM_OC2PreloadConfig                     0x08002631   Thumb Code    20  stm32f4xx_tim.o(i.TIM_OC2PreloadConfig)
    TIM_OC3Init                              0x08002645   Thumb Code   116  stm32f4xx_tim.o(i.TIM_OC3Init)
    TIM_OC3PreloadConfig                     0x080026c1   Thumb Code    12  stm32f4xx_tim.o(i.TIM_OC3PreloadConfig)
    TIM_OC4Init                              0x080026cd   Thumb Code    88  stm32f4xx_tim.o(i.TIM_OC4Init)
    TIM_OC4PreloadConfig                     0x0800272d   Thumb Code    20  stm32f4xx_tim.o(i.TIM_OC4PreloadConfig)
    TIM_SetCompare1                          0x08002741   Thumb Code     4  stm32f4xx_tim.o(i.TIM_SetCompare1)
    TIM_SetCompare2                          0x08002745   Thumb Code     4  stm32f4xx_tim.o(i.TIM_SetCompare2)
    TIM_SetCompare3                          0x08002749   Thumb Code     4  stm32f4xx_tim.o(i.TIM_SetCompare3)
    TIM_SetCompare4                          0x0800274d   Thumb Code     4  stm32f4xx_tim.o(i.TIM_SetCompare4)
    TIM_TimeBaseInit                         0x08002751   Thumb Code    96  stm32f4xx_tim.o(i.TIM_TimeBaseInit)
    USART_Cmd                                0x080027cd   Thumb Code    20  stm32f4xx_usart.o(i.USART_Cmd)
    USART_GetFlagStatus                      0x080027e1   Thumb Code    14  stm32f4xx_usart.o(i.USART_GetFlagStatus)
    USART_ITConfig                           0x080027ef   Thumb Code    48  stm32f4xx_usart.o(i.USART_ITConfig)
    USART_Init                               0x08002821   Thumb Code   164  stm32f4xx_usart.o(i.USART_Init)
    USART_SendData                           0x080028cd   Thumb Code     8  stm32f4xx_usart.o(i.USART_SendData)
    UsageFault_Handler                       0x080028d5   Thumb Code     2  stm32f4xx_it.o(i.UsageFault_Handler)
    __ARM_fpclassify                         0x080028d7   Thumb Code    48  fpclassify.o(i.__ARM_fpclassify)
    __hardfp_asin                            0x08002909   Thumb Code   770  asin.o(i.__hardfp_asin)
    __hardfp_atan                            0x08002c69   Thumb Code   622  atan.o(i.__hardfp_atan)
    __hardfp_atan2                           0x08002f41   Thumb Code   448  atan2.o(i.__hardfp_atan2)
    __kernel_poly                            0x08003141   Thumb Code   248  poly.o(i.__kernel_poly)
    __mathlib_dbl_infnan                     0x08003239   Thumb Code    20  dunder.o(i.__mathlib_dbl_infnan)
    __mathlib_dbl_infnan2                    0x0800324d   Thumb Code    20  dunder.o(i.__mathlib_dbl_infnan2)
    __mathlib_dbl_invalid                    0x08003261   Thumb Code    24  dunder.o(i.__mathlib_dbl_invalid)
    __mathlib_dbl_underflow                  0x08003281   Thumb Code    24  dunder.o(i.__mathlib_dbl_underflow)
    _is_digit                                0x080032a1   Thumb Code    14  __printf_wp.o(i._is_digit)
    _sys_exit                                0x080032af   Thumb Code     2  usart.o(i._sys_exit)
    atan                                     0x08003341   Thumb Code    16  atan.o(i.atan)
    bmp280_compensate_P_double               0x08003351   Thumb Code   534  bmp280.o(i.bmp280_compensate_P_double)
    bmp280_compensate_T_double               0x080035dd   Thumb Code   304  bmp280.o(i.bmp280_compensate_T_double)
    delay_init                               0x08003739   Thumb Code    50  delay.o(i.delay_init)
    delay_ms                                 0x08003771   Thumb Code    52  delay.o(i.delay_ms)
    delay_us                                 0x080037a9   Thumb Code    48  delay.o(i.delay_us)
    dmp_enable_6x_lp_quat                    0x080037dd   Thumb Code    58  inv_mpu_dmp_motion_driver.o(i.dmp_enable_6x_lp_quat)
    dmp_enable_feature                       0x08003819   Thumb Code   468  inv_mpu_dmp_motion_driver.o(i.dmp_enable_feature)
    dmp_enable_gyro_cal                      0x080039f5   Thumb Code    32  inv_mpu_dmp_motion_driver.o(i.dmp_enable_gyro_cal)
    dmp_enable_lp_quat                       0x08003a2d   Thumb Code    58  inv_mpu_dmp_motion_driver.o(i.dmp_enable_lp_quat)
    dmp_load_motion_driver_firmware          0x08003a69   Thumb Code    16  inv_mpu_dmp_motion_driver.o(i.dmp_load_motion_driver_firmware)
    dmp_read_fifo                            0x08003a7d   Thumb Code   360  inv_mpu_dmp_motion_driver.o(i.dmp_read_fifo)
    dmp_set_accel_bias                       0x08003be9   Thumb Code   210  inv_mpu_dmp_motion_driver.o(i.dmp_set_accel_bias)
    dmp_set_fifo_rate                        0x08003cc1   Thumb Code    82  inv_mpu_dmp_motion_driver.o(i.dmp_set_fifo_rate)
    dmp_set_gyro_bias                        0x08003d25   Thumb Code   196  inv_mpu_dmp_motion_driver.o(i.dmp_set_gyro_bias)
    dmp_set_orientation                      0x08003df1   Thumb Code   246  inv_mpu_dmp_motion_driver.o(i.dmp_set_orientation)
    dmp_set_shake_reject_thresh              0x08003efd   Thumb Code    48  inv_mpu_dmp_motion_driver.o(i.dmp_set_shake_reject_thresh)
    dmp_set_shake_reject_time                0x08003f2d   Thumb Code    32  inv_mpu_dmp_motion_driver.o(i.dmp_set_shake_reject_time)
    dmp_set_shake_reject_timeout             0x08003f4d   Thumb Code    32  inv_mpu_dmp_motion_driver.o(i.dmp_set_shake_reject_timeout)
    dmp_set_tap_axes                         0x08003f6d   Thumb Code    64  inv_mpu_dmp_motion_driver.o(i.dmp_set_tap_axes)
    dmp_set_tap_count                        0x08003fad   Thumb Code    34  inv_mpu_dmp_motion_driver.o(i.dmp_set_tap_count)
    dmp_set_tap_thresh                       0x08003fd1   Thumb Code   314  inv_mpu_dmp_motion_driver.o(i.dmp_set_tap_thresh)
    dmp_set_tap_time                         0x08004131   Thumb Code    32  inv_mpu_dmp_motion_driver.o(i.dmp_set_tap_time)
    dmp_set_tap_time_multi                   0x08004151   Thumb Code    32  inv_mpu_dmp_motion_driver.o(i.dmp_set_tap_time_multi)
    escinit_task                             0x08004171   Thumb Code   144  main.o(i.escinit_task)
    fabs                                     0x08004229   Thumb Code    24  fabs.o(i.fabs)
    fputc                                    0x08004241   Thumb Code    18  usart.o(i.fputc)
    inv_orientation_matrix_to_scalar         0x080046f5   Thumb Code    34  inv_mpu.o(i.inv_orientation_matrix_to_scalar)
    inv_row_2_scale                          0x08004717   Thumb Code    72  inv_mpu.o(i.inv_row_2_scale)
    ledInit                                  0x08004761   Thumb Code    44  led.o(i.ledInit)
    main                                     0x08004791   Thumb Code   108  main.o(i.main)
    mget_ms                                  0x0800484d   Thumb Code     2  inv_mpu.o(i.mget_ms)
    mpu6050_send_data                        0x0800484f   Thumb Code    78  upper.o(i.mpu6050_send_data)
    mpu_configure_fifo                       0x0800489d   Thumb Code    84  inv_mpu.o(i.mpu_configure_fifo)
    mpu_dmp_get_data                         0x080048f5   Thumb Code   344  inv_mpu.o(i.mpu_dmp_get_data)
    mpu_dmp_init                             0x08004a59   Thumb Code   156  inv_mpu.o(i.mpu_dmp_init)
    mpu_get_accel_fsr                        0x08004af9   Thumb Code    54  inv_mpu.o(i.mpu_get_accel_fsr)
    mpu_get_accel_sens                       0x08004b35   Thumb Code    62  inv_mpu.o(i.mpu_get_accel_sens)
    mpu_get_gyro_fsr                         0x08004b79   Thumb Code    48  inv_mpu.o(i.mpu_get_gyro_fsr)
    mpu_get_gyro_sens                        0x08004bad   Thumb Code    54  inv_mpu.o(i.mpu_get_gyro_sens)
    mpu_get_lpf                              0x08004bf9   Thumb Code    52  inv_mpu.o(i.mpu_get_lpf)
    mpu_get_sample_rate                      0x08004c31   Thumb Code    22  inv_mpu.o(i.mpu_get_sample_rate)
    mpu_init                                 0x08004c4d   Thumb Code   310  inv_mpu.o(i.mpu_init)
    mpu_load_firmware                        0x08004dd5   Thumb Code   158  inv_mpu.o(i.mpu_load_firmware)
    mpu_lp_accel_mode                        0x08004e79   Thumb Code   178  inv_mpu.o(i.mpu_lp_accel_mode)
    mpu_read_fifo_stream                     0x08004f31   Thumb Code   140  inv_mpu.o(i.mpu_read_fifo_stream)
    mpu_read_mem                             0x08004fc1   Thumb Code    80  inv_mpu.o(i.mpu_read_mem)
    mpu_reset_fifo                           0x08005015   Thumb Code   344  inv_mpu.o(i.mpu_reset_fifo)
    mpu_run_self_test                        0x08005171   Thumb Code   234  inv_mpu.o(i.mpu_run_self_test)
    mpu_set_accel_fsr                        0x08005261   Thumb Code    98  inv_mpu.o(i.mpu_set_accel_fsr)
    mpu_set_bypass                           0x080052c9   Thumb Code   214  inv_mpu.o(i.mpu_set_bypass)
    mpu_set_dmp_state                        0x080053a5   Thumb Code   114  inv_mpu.o(i.mpu_set_dmp_state)
    mpu_set_gyro_fsr                         0x0800541d   Thumb Code   104  inv_mpu.o(i.mpu_set_gyro_fsr)
    mpu_set_int_latched                      0x08005489   Thumb Code    94  inv_mpu.o(i.mpu_set_int_latched)
    mpu_set_lpf                              0x080054ed   Thumb Code   102  inv_mpu.o(i.mpu_set_lpf)
    mpu_set_sample_rate                      0x08005559   Thumb Code   116  inv_mpu.o(i.mpu_set_sample_rate)
    mpu_set_sensors                          0x080055d1   Thumb Code   178  inv_mpu.o(i.mpu_set_sensors)
    mpu_write_mem                            0x08005689   Thumb Code    80  inv_mpu.o(i.mpu_write_mem)
    pvPortMalloc                             0x08005f41   Thumb Code   214  heap_4.o(i.pvPortMalloc)
    pvTaskIncrementMutexHeldCount            0x08006055   Thumb Code    18  tasks.o(i.pvTaskIncrementMutexHeldCount)
    pxPortInitialiseStack                    0x0800606d   Thumb Code    40  port.o(i.pxPortInitialiseStack)
    run_self_test                            0x08006099   Thumb Code   136  inv_mpu.o(i.run_self_test)
    sensors_task                             0x08006121   Thumb Code   210  main.o(i.sensors_task)
    sqrt                                     0x08006271   Thumb Code   110  sqrt.o(i.sqrt)
    uart_init                                0x08006379   Thumb Code   164  usart.o(i.uart_init)
    usart1_niming_report                     0x08006425   Thumb Code    96  upper.o(i.usart1_niming_report)
    usart1_report_imu                        0x08006485   Thumb Code   146  upper.o(i.usart1_report_imu)
    usart1_send_char                         0x08006519   Thumb Code    30  upper.o(i.usart1_send_char)
    uxListRemove                             0x0800653d   Thumb Code    36  list.o(i.uxListRemove)
    vListInitialise                          0x08006561   Thumb Code    22  list.o(i.vListInitialise)
    vListInitialiseItem                      0x08006577   Thumb Code     6  list.o(i.vListInitialiseItem)
    vListInsert                              0x0800657d   Thumb Code    48  list.o(i.vListInsert)
    vListInsertEnd                           0x080065ad   Thumb Code    24  list.o(i.vListInsertEnd)
    vPortEnterCritical                       0x080065c5   Thumb Code    50  port.o(i.vPortEnterCritical)
    vPortExitCritical                        0x0800663d   Thumb Code    34  port.o(i.vPortExitCritical)
    vPortFree                                0x080066a1   Thumb Code    94  heap_4.o(i.vPortFree)
    vPortSetupTimerInterrupt                 0x0800673d   Thumb Code    26  port.o(i.vPortSetupTimerInterrupt)
    vPortValidateInterruptPriority           0x0800675d   Thumb Code    70  port.o(i.vPortValidateInterruptPriority)
    vQueueAddToRegistry                      0x080067e9   Thumb Code    32  queue.o(i.vQueueAddToRegistry)
    vQueueWaitForMessageRestricted           0x0800680d   Thumb Code    68  queue.o(i.vQueueWaitForMessageRestricted)
    vTaskDelay                               0x08006851   Thumb Code    62  tasks.o(i.vTaskDelay)
    vTaskDelete                              0x080068bd   Thumb Code   152  tasks.o(i.vTaskDelete)
    vTaskMissedYield                         0x08006989   Thumb Code     8  tasks.o(i.vTaskMissedYield)
    vTaskPlaceOnEventList                    0x08006995   Thumb Code    44  tasks.o(i.vTaskPlaceOnEventList)
    vTaskPlaceOnEventListRestricted          0x080069e9   Thumb Code    52  tasks.o(i.vTaskPlaceOnEventListRestricted)
    vTaskPriorityInherit                     0x08006a45   Thumb Code   124  tasks.o(i.vTaskPriorityInherit)
    vTaskSetTimeOutState                     0x08006ac9   Thumb Code    30  tasks.o(i.vTaskSetTimeOutState)
    vTaskStartScheduler                      0x08006b11   Thumb Code    96  tasks.o(i.vTaskStartScheduler)
    vTaskSuspendAll                          0x08006ba5   Thumb Code    10  tasks.o(i.vTaskSuspendAll)
    vTaskSwitchContext                       0x08006bb5   Thumb Code    80  tasks.o(i.vTaskSwitchContext)
    xPortGetFreeHeapSize                     0x08006c31   Thumb Code     6  heap_4.o(i.xPortGetFreeHeapSize)
    xPortStartScheduler                      0x08006c3d   Thumb Code   196  port.o(i.xPortStartScheduler)
    xPortSysTickHandler                      0x08006d51   Thumb Code    38  port.o(i.xPortSysTickHandler)
    xQueueGenericCreate                      0x08006d7d   Thumb Code    82  queue.o(i.xQueueGenericCreate)
    xQueueGenericReceive                     0x08006df5   Thumb Code   348  queue.o(i.xQueueGenericReceive)
    xQueueGenericReset                       0x08006f79   Thumb Code   128  queue.o(i.xQueueGenericReset)
    xQueueGenericSend                        0x08007021   Thumb Code   350  queue.o(i.xQueueGenericSend)
    xQueueGenericSendFromISR                 0x080071a9   Thumb Code   188  queue.o(i.xQueueGenericSendFromISR)
    xTaskCheckForTimeOut                     0x08007289   Thumb Code    94  tasks.o(i.xTaskCheckForTimeOut)
    xTaskCreate                              0x08007311   Thumb Code    86  tasks.o(i.xTaskCreate)
    xTaskGetSchedulerState                   0x08007369   Thumb Code    22  tasks.o(i.xTaskGetSchedulerState)
    xTaskGetTickCount                        0x08007385   Thumb Code     6  tasks.o(i.xTaskGetTickCount)
    xTaskIncrementTick                       0x08007391   Thumb Code   188  tasks.o(i.xTaskIncrementTick)
    xTaskPriorityDisinherit                  0x08007479   Thumb Code   136  tasks.o(i.xTaskPriorityDisinherit)
    xTaskRemoveFromEventList                 0x0800752d   Thumb Code   102  tasks.o(i.xTaskRemoveFromEventList)
    xTaskResumeAll                           0x080075c5   Thumb Code   180  tasks.o(i.xTaskResumeAll)
    xTimerCreate                             0x080076a9   Thumb Code    74  timers.o(i.xTimerCreate)
    xTimerCreateTimerTask                    0x0800771d   Thumb Code    58  timers.o(i.xTimerCreateTimerTask)
    xTimerGenericCommand                     0x08007791   Thumb Code    98  timers.o(i.xTimerGenericCommand)
    _get_lc_numeric                          0x08007821   Thumb Code    44  lc_numeric_c.o(locale$$code)
    __aeabi_dneg                             0x0800784d   Thumb Code     0  basic.o(x$fpl$basic)
    _dneg                                    0x0800784d   Thumb Code     6  basic.o(x$fpl$basic)
    __aeabi_fneg                             0x08007853   Thumb Code     0  basic.o(x$fpl$basic)
    _fneg                                    0x08007853   Thumb Code     6  basic.o(x$fpl$basic)
    _dabs                                    0x08007859   Thumb Code     6  basic.o(x$fpl$basic)
    _fabs                                    0x0800785f   Thumb Code     6  basic.o(x$fpl$basic)
    __aeabi_d2f                              0x08007865   Thumb Code     0  d2f.o(x$fpl$d2f)
    _d2f                                     0x08007865   Thumb Code    98  d2f.o(x$fpl$d2f)
    __aeabi_dadd                             0x080078c9   Thumb Code     0  daddsub_clz.o(x$fpl$dadd)
    _dadd                                    0x080078c9   Thumb Code   332  daddsub_clz.o(x$fpl$dadd)
    __fpl_dcmp_Inf                           0x08007a19   Thumb Code    24  dcmpi.o(x$fpl$dcmpinf)
    __aeabi_ddiv                             0x08007a31   Thumb Code     0  ddiv.o(x$fpl$ddiv)
    _ddiv                                    0x08007a31   Thumb Code   552  ddiv.o(x$fpl$ddiv)
    __aeabi_cdcmpeq                          0x08007ce1   Thumb Code     0  deqf.o(x$fpl$deqf)
    _dcmpeq                                  0x08007ce1   Thumb Code   120  deqf.o(x$fpl$deqf)
    __aeabi_d2iz                             0x08007d59   Thumb Code     0  dfix.o(x$fpl$dfix)
    _dfix                                    0x08007d59   Thumb Code    94  dfix.o(x$fpl$dfix)
    __aeabi_i2d                              0x08007db7   Thumb Code     0  dflt_clz.o(x$fpl$dflt)
    _dflt                                    0x08007db7   Thumb Code    46  dflt_clz.o(x$fpl$dflt)
    __aeabi_ui2d                             0x08007de5   Thumb Code     0  dflt_clz.o(x$fpl$dfltu)
    _dfltu                                   0x08007de5   Thumb Code    38  dflt_clz.o(x$fpl$dfltu)
    __aeabi_dmul                             0x08007e0d   Thumb Code     0  dmul.o(x$fpl$dmul)
    _dmul                                    0x08007e0d   Thumb Code   332  dmul.o(x$fpl$dmul)
    __fpl_dnaninf                            0x08007f61   Thumb Code   156  dnaninf.o(x$fpl$dnaninf)
    __fpl_dretinf                            0x08007ffd   Thumb Code    12  dretinf.o(x$fpl$dretinf)
    __aeabi_drsub                            0x08008009   Thumb Code     0  daddsub_clz.o(x$fpl$drsb)
    _drsb                                    0x08008009   Thumb Code    22  daddsub_clz.o(x$fpl$drsb)
    _dsqrt                                   0x08008021   Thumb Code   404  dsqrt_umaal.o(x$fpl$dsqrt)
    __aeabi_dsub                             0x080081b9   Thumb Code     0  daddsub_clz.o(x$fpl$dsub)
    _dsub                                    0x080081b9   Thumb Code   464  daddsub_clz.o(x$fpl$dsub)
    __aeabi_f2d                              0x0800838d   Thumb Code     0  f2d.o(x$fpl$f2d)
    _f2d                                     0x0800838d   Thumb Code    86  f2d.o(x$fpl$f2d)
    __fpl_fnaninf                            0x080083e3   Thumb Code   140  fnaninf.o(x$fpl$fnaninf)
    _fp_init                                 0x0800846f   Thumb Code    10  fpinit.o(x$fpl$fpinit)
    __fplib_config_fpu_vfp                   0x08008477   Thumb Code     0  fpinit.o(x$fpl$fpinit)
    __fplib_config_pureend_doubles           0x08008477   Thumb Code     0  fpinit.o(x$fpl$fpinit)
    __fpl_fretinf                            0x08008479   Thumb Code    10  fretinf.o(x$fpl$fretinf)
    _printf_fp_dec                           0x08008483   Thumb Code     4  printf1.o(x$fpl$printf1)
    __I$use$fp                               0x08008486   Number         0  usenofp.o(x$fpl$usenofp)
    reg                                      0x08008486   Data          27  inv_mpu.o(.constdata)
    hw                                       0x080084a2   Data          12  inv_mpu.o(.constdata)
    test                                     0x080084b0   Data          40  inv_mpu.o(.constdata)
    __mathlib_zero                           0x080091c8   Data           8  qnan.o(.constdata)
    Region$$Table$$Base                      0x080092b4   Number         0  anon$$obj.o(Region$$Table)
    Region$$Table$$Limit                     0x080092d4   Number         0  anon$$obj.o(Region$$Table)
    startTaskHandle                          0x20000000   Data           4  main.o(.data)
    ESCinitTask_Handler                      0x20000004   Data           4  main.o(.data)
    SENSORS_Task_Handler                     0x20000008   Data           4  main.o(.data)
    SystemCoreClock                          0x2000000c   Data           4  system_stm32f4xx.o(.data)
    AHBPrescTable                            0x20000010   Data          16  system_stm32f4xx.o(.data)
    bmp280                                   0x20000020   Data           4  bmp280.o(.data)
    t_fine                                   0x20000024   Data           4  bmp280.o(.data)
    __stdout                                 0x20000064   Data           4  usart.o(.data)
    pxCurrentTCB                             0x20000078   Data           4  tasks.o(.data)
    c                                        0x200000ec   Data          24  bmp280.o(.bss)
    xQueueRegistry                           0x20000114   Data          64  queue.o(.bss)
    __libspace_start                         0x20005460   Data          96  libspace.o(.bss)
    __temporary_stack_top$libspace           0x200054c0   Data           0  libspace.o(.bss)



==============================================================================

Memory Map of the image

  Image Entry point : 0x08000189

  Load Region LR_IROM1 (Base: 0x08000000, Size: 0x000093dc, Max: 0x00100000, ABSOLUTE)

    Execution Region ER_IROM1 (Exec base: 0x08000000, Load base: 0x08000000, Size: 0x000092f0, Max: 0x00100000, ABSOLUTE)

    Exec Addr    Load Addr    Size         Type   Attr      Idx    E Section Name        Object

    0x08000000   0x08000000   0x00000188   Data   RO         1328    RESET               startup_stm32f40_41xxx.o
    0x08000188   0x08000188   0x00000008   Code   RO         3718  * !!!main             c_w.l(__main.o)
    0x08000190   0x08000190   0x00000034   Code   RO         4084    !!!scatter          c_w.l(__scatter.o)
    0x080001c4   0x080001c4   0x0000001a   Code   RO         4086    !!handler_copy      c_w.l(__scatter_copy.o)
    0x080001de   0x080001de   0x00000002   PAD
    0x080001e0   0x080001e0   0x0000001c   Code   RO         4088    !!handler_zi        c_w.l(__scatter_zi.o)
    0x080001fc   0x080001fc   0x00000000   Code   RO         3705    .ARM.Collect$$_printf_percent$$00000000  c_w.l(_printf_percent.o)
    0x080001fc   0x080001fc   0x00000006   Code   RO         3704    .ARM.Collect$$_printf_percent$$00000003  c_w.l(_printf_f.o)
    0x08000202   0x08000202   0x00000006   Code   RO         3702    .ARM.Collect$$_printf_percent$$00000009  c_w.l(_printf_d.o)
    0x08000208   0x08000208   0x00000006   Code   RO         3700    .ARM.Collect$$_printf_percent$$00000014  c_w.l(_printf_s.o)
    0x0800020e   0x0800020e   0x00000004   Code   RO         3795    .ARM.Collect$$_printf_percent$$00000017  c_w.l(_printf_percent_end.o)
    0x08000212   0x08000212   0x00000002   Code   RO         3955    .ARM.Collect$$libinit$$00000000  c_w.l(libinit.o)
    0x08000214   0x08000214   0x00000004   Code   RO         3956    .ARM.Collect$$libinit$$00000001  c_w.l(libinit2.o)
    0x08000218   0x08000218   0x00000000   Code   RO         3959    .ARM.Collect$$libinit$$00000004  c_w.l(libinit2.o)
    0x08000218   0x08000218   0x00000000   Code   RO         3962    .ARM.Collect$$libinit$$0000000A  c_w.l(libinit2.o)
    0x08000218   0x08000218   0x00000000   Code   RO         3964    .ARM.Collect$$libinit$$0000000C  c_w.l(libinit2.o)
    0x08000218   0x08000218   0x00000000   Code   RO         3966    .ARM.Collect$$libinit$$0000000E  c_w.l(libinit2.o)
    0x08000218   0x08000218   0x00000006   Code   RO         3967    .ARM.Collect$$libinit$$0000000F  c_w.l(libinit2.o)
    0x0800021e   0x0800021e   0x00000000   Code   RO         3969    .ARM.Collect$$libinit$$00000011  c_w.l(libinit2.o)
    0x0800021e   0x0800021e   0x00000000   Code   RO         3971    .ARM.Collect$$libinit$$00000013  c_w.l(libinit2.o)
    0x0800021e   0x0800021e   0x00000000   Code   RO         3973    .ARM.Collect$$libinit$$00000015  c_w.l(libinit2.o)
    0x0800021e   0x0800021e   0x0000000a   Code   RO         3974    .ARM.Collect$$libinit$$00000016  c_w.l(libinit2.o)
    0x08000228   0x08000228   0x00000000   Code   RO         3975    .ARM.Collect$$libinit$$00000017  c_w.l(libinit2.o)
    0x08000228   0x08000228   0x00000000   Code   RO         3977    .ARM.Collect$$libinit$$00000019  c_w.l(libinit2.o)
    0x08000228   0x08000228   0x00000000   Code   RO         3979    .ARM.Collect$$libinit$$0000001B  c_w.l(libinit2.o)
    0x08000228   0x08000228   0x00000000   Code   RO         3981    .ARM.Collect$$libinit$$0000001D  c_w.l(libinit2.o)
    0x08000228   0x08000228   0x00000000   Code   RO         3983    .ARM.Collect$$libinit$$0000001F  c_w.l(libinit2.o)
    0x08000228   0x08000228   0x00000000   Code   RO         3985    .ARM.Collect$$libinit$$00000021  c_w.l(libinit2.o)
    0x08000228   0x08000228   0x00000000   Code   RO         3987    .ARM.Collect$$libinit$$00000023  c_w.l(libinit2.o)
    0x08000228   0x08000228   0x00000000   Code   RO         3989    .ARM.Collect$$libinit$$00000025  c_w.l(libinit2.o)
    0x08000228   0x08000228   0x00000000   Code   RO         3993    .ARM.Collect$$libinit$$0000002C  c_w.l(libinit2.o)
    0x08000228   0x08000228   0x00000000   Code   RO         3995    .ARM.Collect$$libinit$$0000002E  c_w.l(libinit2.o)
    0x08000228   0x08000228   0x00000000   Code   RO         3997    .ARM.Collect$$libinit$$00000030  c_w.l(libinit2.o)
    0x08000228   0x08000228   0x00000000   Code   RO         3999    .ARM.Collect$$libinit$$00000032  c_w.l(libinit2.o)
    0x08000228   0x08000228   0x00000002   Code   RO         4000    .ARM.Collect$$libinit$$00000033  c_w.l(libinit2.o)
    0x0800022a   0x0800022a   0x00000002   Code   RO         4042    .ARM.Collect$$libshutdown$$00000000  c_w.l(libshutdown.o)
    0x0800022c   0x0800022c   0x00000000   Code   RO         4051    .ARM.Collect$$libshutdown$$00000002  c_w.l(libshutdown2.o)
    0x0800022c   0x0800022c   0x00000000   Code   RO         4053    .ARM.Collect$$libshutdown$$00000004  c_w.l(libshutdown2.o)
    0x0800022c   0x0800022c   0x00000000   Code   RO         4055    .ARM.Collect$$libshutdown$$00000006  c_w.l(libshutdown2.o)
    0x0800022c   0x0800022c   0x00000000   Code   RO         4058    .ARM.Collect$$libshutdown$$00000009  c_w.l(libshutdown2.o)
    0x0800022c   0x0800022c   0x00000000   Code   RO         4061    .ARM.Collect$$libshutdown$$0000000C  c_w.l(libshutdown2.o)
    0x0800022c   0x0800022c   0x00000000   Code   RO         4063    .ARM.Collect$$libshutdown$$0000000E  c_w.l(libshutdown2.o)
    0x0800022c   0x0800022c   0x00000000   Code   RO         4066    .ARM.Collect$$libshutdown$$00000011  c_w.l(libshutdown2.o)
    0x0800022c   0x0800022c   0x00000002   Code   RO         4067    .ARM.Collect$$libshutdown$$00000012  c_w.l(libshutdown2.o)
    0x0800022e   0x0800022e   0x00000000   Code   RO         3778    .ARM.Collect$$rtentry$$00000000  c_w.l(__rtentry.o)
    0x0800022e   0x0800022e   0x00000000   Code   RO         3865    .ARM.Collect$$rtentry$$00000002  c_w.l(__rtentry2.o)
    0x0800022e   0x0800022e   0x00000006   Code   RO         3877    .ARM.Collect$$rtentry$$00000004  c_w.l(__rtentry4.o)
    0x08000234   0x08000234   0x00000000   Code   RO         3867    .ARM.Collect$$rtentry$$00000009  c_w.l(__rtentry2.o)
    0x08000234   0x08000234   0x00000004   Code   RO         3868    .ARM.Collect$$rtentry$$0000000A  c_w.l(__rtentry2.o)
    0x08000238   0x08000238   0x00000000   Code   RO         3870    .ARM.Collect$$rtentry$$0000000C  c_w.l(__rtentry2.o)
    0x08000238   0x08000238   0x00000008   Code   RO         3871    .ARM.Collect$$rtentry$$0000000D  c_w.l(__rtentry2.o)
    0x08000240   0x08000240   0x00000002   Code   RO         4001    .ARM.Collect$$rtexit$$00000000  c_w.l(rtexit.o)
    0x08000242   0x08000242   0x00000000   Code   RO         4012    .ARM.Collect$$rtexit$$00000002  c_w.l(rtexit2.o)
    0x08000242   0x08000242   0x00000004   Code   RO         4013    .ARM.Collect$$rtexit$$00000003  c_w.l(rtexit2.o)
    0x08000246   0x08000246   0x00000006   Code   RO         4014    .ARM.Collect$$rtexit$$00000004  c_w.l(rtexit2.o)
    0x0800024c   0x0800024c   0x000000b6   Code   RO         3496    .emb_text           port.o
    0x08000302   0x08000302   0x00000002   PAD
    0x08000304   0x08000304   0x00000040   Code   RO         1329    .text               startup_stm32f40_41xxx.o
    0x08000344   0x08000344   0x00000002   Code   RO         3638    .text               c_w.l(use_no_semi_2.o)
    0x08000346   0x08000346   0x00000048   Code   RO         3640    .text               c_w.l(llsdiv.o)
    0x0800038e   0x0800038e   0x00000002   PAD
    0x08000390   0x08000390   0x00000018   Code   RO         3646    .text               c_w.l(noretval__2printf.o)
    0x080003a8   0x080003a8   0x00000052   Code   RO         3654    .text               c_w.l(_printf_str.o)
    0x080003fa   0x080003fa   0x00000002   PAD
    0x080003fc   0x080003fc   0x00000078   Code   RO         3656    .text               c_w.l(_printf_dec.o)
    0x08000474   0x08000474   0x00000138   Code   RO         3691    .text               c_w.l(__printf_flags_wp.o)
    0x080005ac   0x080005ac   0x00000058   Code   RO         3706    .text               c_w.l(memcmp.o)
    0x08000604   0x08000604   0x0000008a   Code   RO         3712    .text               c_w.l(rt_memcpy_v6.o)
    0x0800068e   0x0800068e   0x00000010   Code   RO         3714    .text               c_w.l(aeabi_memset.o)
    0x0800069e   0x0800069e   0x00000006   Code   RO         3716    .text               c_w.l(heapauxi.o)
    0x080006a4   0x080006a4   0x00000002   Code   RO         3776    .text               c_w.l(use_no_semi.o)
    0x080006a6   0x080006a6   0x000000ee   Code   RO         3779    .text               c_w.l(lludivv7m.o)
    0x08000794   0x08000794   0x00000016   Code   RO         3781    .text               c_w.l(_rserrno.o)
    0x080007aa   0x080007aa   0x000000b2   Code   RO         3783    .text               c_w.l(_printf_intcommon.o)
    0x0800085c   0x0800085c   0x0000041e   Code   RO         3785    .text               c_w.l(_printf_fp_dec.o)
    0x08000c7a   0x08000c7a   0x00000002   PAD
    0x08000c7c   0x08000c7c   0x00000030   Code   RO         3787    .text               c_w.l(_printf_char_common.o)
    0x08000cac   0x08000cac   0x0000002c   Code   RO         3791    .text               c_w.l(_printf_char.o)
    0x08000cd8   0x08000cd8   0x00000024   Code   RO         3793    .text               c_w.l(_printf_char_file.o)
    0x08000cfc   0x08000cfc   0x00000064   Code   RO         3796    .text               c_w.l(rt_memcpy_w.o)
    0x08000d60   0x08000d60   0x00000044   Code   RO         3798    .text               c_w.l(rt_memclr.o)
    0x08000da4   0x08000da4   0x00000008   Code   RO         3886    .text               c_w.l(rt_locale_intlibspace.o)
    0x08000dac   0x08000dac   0x00000008   Code   RO         3891    .text               c_w.l(rt_errno_addr_intlibspace.o)
    0x08000db4   0x08000db4   0x0000008a   Code   RO         3893    .text               c_w.l(lludiv10.o)
    0x08000e3e   0x08000e3e   0x00000002   PAD
    0x08000e40   0x08000e40   0x00000080   Code   RO         3895    .text               c_w.l(_printf_fp_infnan.o)
    0x08000ec0   0x08000ec0   0x000000e4   Code   RO         3899    .text               c_w.l(bigflt0.o)
    0x08000fa4   0x08000fa4   0x00000008   Code   RO         3924    .text               c_w.l(ferror.o)
    0x08000fac   0x08000fac   0x0000004e   Code   RO         3931    .text               c_w.l(rt_memclr_w.o)
    0x08000ffa   0x08000ffa   0x00000002   PAD
    0x08000ffc   0x08000ffc   0x00000008   Code   RO         3939    .text               c_w.l(libspace.o)
    0x08001004   0x08001004   0x0000004a   Code   RO         3942    .text               c_w.l(sys_stackheap_outer.o)
    0x0800104e   0x0800104e   0x00000012   Code   RO         3946    .text               c_w.l(exit.o)
    0x08001060   0x08001060   0x00000080   Code   RO         3948    .text               c_w.l(strcmpv7m.o)
    0x080010e0   0x080010e0   0x0000003e   Code   RO         3902    CL$$btod_d2e        c_w.l(btod.o)
    0x0800111e   0x0800111e   0x00000046   Code   RO         3904    CL$$btod_d2e_denorm_low  c_w.l(btod.o)
    0x08001164   0x08001164   0x00000060   Code   RO         3903    CL$$btod_d2e_norm_op1  c_w.l(btod.o)
    0x080011c4   0x080011c4   0x00000338   Code   RO         3912    CL$$btod_div_common  c_w.l(btod.o)
    0x080014fc   0x080014fc   0x000000dc   Code   RO         3909    CL$$btod_e2e        c_w.l(btod.o)
    0x080015d8   0x080015d8   0x0000002a   Code   RO         3906    CL$$btod_ediv       c_w.l(btod.o)
    0x08001602   0x08001602   0x0000002a   Code   RO         3905    CL$$btod_emul       c_w.l(btod.o)
    0x0800162c   0x0800162c   0x00000244   Code   RO         3911    CL$$btod_mult_common  c_w.l(btod.o)
    0x08001870   0x08001870   0x0000002a   Code   RO          455    i.BMP280_Get_Pressure  bmp280.o
    0x0800189a   0x0800189a   0x0000002a   Code   RO          456    i.BMP280_Get_Temperature  bmp280.o
    0x080018c4   0x080018c4   0x0000003a   Code   RO          458    i.BMP280_Read_Byte  bmp280.o
    0x080018fe   0x080018fe   0x00000016   Code   RO          459    i.BMP280_Set_Standby_FILTER  bmp280.o
    0x08001914   0x08001914   0x00000016   Code   RO          460    i.BMP280_Set_TemOversamp  bmp280.o
    0x0800192a   0x0800192a   0x00000030   Code   RO          461    i.BMP280_Write_Byte  bmp280.o
    0x0800195a   0x0800195a   0x00000002   PAD
    0x0800195c   0x0800195c   0x00000148   Code   RO          462    i.Bmp_Init          bmp280.o
    0x08001aa4   0x08001aa4   0x00000002   Code   RO          224    i.BusFault_Handler  stm32f4xx_it.o
    0x08001aa6   0x08001aa6   0x00000002   Code   RO          225    i.DebugMon_Handler  stm32f4xx_it.o
    0x08001aa8   0x08001aa8   0x00000078   Code   RO         1927    i.GPIO_Init         stm32f4xx_gpio.o
    0x08001b20   0x08001b20   0x00000020   Code   RO         1928    i.GPIO_PinAFConfig  stm32f4xx_gpio.o
    0x08001b40   0x08001b40   0x00000004   Code   RO         1934    i.GPIO_ResetBits    stm32f4xx_gpio.o
    0x08001b44   0x08001b44   0x00000004   Code   RO         1935    i.GPIO_SetBits      stm32f4xx_gpio.o
    0x08001b48   0x08001b48   0x00000002   Code   RO          226    i.HardFault_Handler  stm32f4xx_it.o
    0x08001b4a   0x08001b4a   0x00000002   PAD
    0x08001b4c   0x08001b4c   0x00000040   Code   RO          386    i.IIC_Ack           myiic.o
    0x08001b8c   0x08001b8c   0x00000040   Code   RO          387    i.IIC_Init          myiic.o
    0x08001bcc   0x08001bcc   0x00000040   Code   RO          388    i.IIC_NAck          myiic.o
    0x08001c0c   0x08001c0c   0x00000068   Code   RO          389    i.IIC_Read_Byte     myiic.o
    0x08001c74   0x08001c74   0x00000060   Code   RO          390    i.IIC_Send_Byte     myiic.o
    0x08001cd4   0x08001cd4   0x00000040   Code   RO          391    i.IIC_Start         myiic.o
    0x08001d14   0x08001d14   0x00000044   Code   RO          392    i.IIC_Stop          myiic.o
    0x08001d58   0x08001d58   0x00000054   Code   RO          393    i.IIC_Wait_Ack      myiic.o
    0x08001dac   0x08001dac   0x00000032   Code   RO          542    i.MPU_Get_Accelerometer  mpu6050_iic.o
    0x08001dde   0x08001dde   0x00000032   Code   RO          543    i.MPU_Get_Gyroscope  mpu6050_iic.o
    0x08001e10   0x08001e10   0x00000074   Code   RO          545    i.MPU_Init          mpu6050_iic.o
    0x08001e84   0x08001e84   0x0000003a   Code   RO          546    i.MPU_Read_Byte     mpu6050_iic.o
    0x08001ebe   0x08001ebe   0x0000006a   Code   RO          547    i.MPU_Read_Len      mpu6050_iic.o
    0x08001f28   0x08001f28   0x0000000a   Code   RO          548    i.MPU_Set_Accel_Fsr  mpu6050_iic.o
    0x08001f32   0x08001f32   0x0000000a   Code   RO          549    i.MPU_Set_Gyro_Fsr  mpu6050_iic.o
    0x08001f3c   0x08001f3c   0x00000030   Code   RO          550    i.MPU_Set_LPF       mpu6050_iic.o
    0x08001f6c   0x08001f6c   0x0000002e   Code   RO          551    i.MPU_Set_Rate      mpu6050_iic.o
    0x08001f9a   0x08001f9a   0x0000003c   Code   RO          552    i.MPU_Write_Byte    mpu6050_iic.o
    0x08001fd6   0x08001fd6   0x00000052   Code   RO          553    i.MPU_Write_Len     mpu6050_iic.o
    0x08002028   0x08002028   0x00000002   Code   RO          227    i.MemManage_Handler  stm32f4xx_it.o
    0x0800202a   0x0800202a   0x00000002   Code   RO          228    i.NMI_Handler       stm32f4xx_it.o
    0x0800202c   0x0800202c   0x00000064   Code   RO         1882    i.NVIC_Init         misc.o
    0x08002090   0x08002090   0x00000014   Code   RO         1883    i.NVIC_PriorityGroupConfig  misc.o
    0x080020a4   0x080020a4   0x00000018   Code   RO         2024    i.RCC_AHB1PeriphClockCmd  stm32f4xx_rcc.o
    0x080020bc   0x080020bc   0x00000018   Code   RO         2033    i.RCC_APB1PeriphClockCmd  stm32f4xx_rcc.o
    0x080020d4   0x080020d4   0x00000018   Code   RO         2035    i.RCC_APB1PeriphResetCmd  stm32f4xx_rcc.o
    0x080020ec   0x080020ec   0x00000018   Code   RO         2038    i.RCC_APB2PeriphResetCmd  stm32f4xx_rcc.o
    0x08002104   0x08002104   0x00000090   Code   RO         2045    i.RCC_GetClocksFreq  stm32f4xx_rcc.o
    0x08002194   0x08002194   0x000000b4   Code   RO          303    i.SetSysClock       system_stm32f4xx.o
    0x08002248   0x08002248   0x00000018   Code   RO         1886    i.SysTick_CLKSourceConfig  misc.o
    0x08002260   0x08002260   0x00000014   Code   RO         1194    i.SysTick_Handler   delay.o
    0x08002274   0x08002274   0x0000005c   Code   RO          305    i.SystemInit        system_stm32f4xx.o
    0x080022d0   0x080022d0   0x000000fc   Code   RO         1308    i.TIM3_PWM_Init     pwm.o
    0x080023cc   0x080023cc   0x00000014   Code   RO         1337    i.TIM_ARRPreloadConfig  stm32f4xx_tim.o
    0x080023e0   0x080023e0   0x00000014   Code   RO         1349    i.TIM_Cmd           stm32f4xx_tim.o
    0x080023f4   0x080023f4   0x00000150   Code   RO         1354    i.TIM_DeInit        stm32f4xx_tim.o
    0x08002544   0x08002544   0x00000060   Code   RO         1378    i.TIM_OC1Init       stm32f4xx_tim.o
    0x080025a4   0x080025a4   0x0000000c   Code   RO         1381    i.TIM_OC1PreloadConfig  stm32f4xx_tim.o
    0x080025b0   0x080025b0   0x00000080   Code   RO         1383    i.TIM_OC2Init       stm32f4xx_tim.o
    0x08002630   0x08002630   0x00000014   Code   RO         1386    i.TIM_OC2PreloadConfig  stm32f4xx_tim.o
    0x08002644   0x08002644   0x0000007c   Code   RO         1388    i.TIM_OC3Init       stm32f4xx_tim.o
    0x080026c0   0x080026c0   0x0000000c   Code   RO         1391    i.TIM_OC3PreloadConfig  stm32f4xx_tim.o
    0x080026cc   0x080026cc   0x00000060   Code   RO         1393    i.TIM_OC4Init       stm32f4xx_tim.o
    0x0800272c   0x0800272c   0x00000014   Code   RO         1395    i.TIM_OC4PreloadConfig  stm32f4xx_tim.o
    0x08002740   0x08002740   0x00000004   Code   RO         1411    i.TIM_SetCompare1   stm32f4xx_tim.o
    0x08002744   0x08002744   0x00000004   Code   RO         1412    i.TIM_SetCompare2   stm32f4xx_tim.o
    0x08002748   0x08002748   0x00000004   Code   RO         1413    i.TIM_SetCompare3   stm32f4xx_tim.o
    0x0800274c   0x0800274c   0x00000004   Code   RO         1414    i.TIM_SetCompare4   stm32f4xx_tim.o
    0x08002750   0x08002750   0x0000007c   Code   RO         1421    i.TIM_TimeBaseInit  stm32f4xx_tim.o
    0x080027cc   0x080027cc   0x00000014   Code   RO         2418    i.USART_Cmd         stm32f4xx_usart.o
    0x080027e0   0x080027e0   0x0000000e   Code   RO         2421    i.USART_GetFlagStatus  stm32f4xx_usart.o
    0x080027ee   0x080027ee   0x00000030   Code   RO         2424    i.USART_ITConfig    stm32f4xx_usart.o
    0x0800281e   0x0800281e   0x00000002   PAD
    0x08002820   0x08002820   0x000000ac   Code   RO         2425    i.USART_Init        stm32f4xx_usart.o
    0x080028cc   0x080028cc   0x00000008   Code   RO         2435    i.USART_SendData    stm32f4xx_usart.o
    0x080028d4   0x080028d4   0x00000002   Code   RO          229    i.UsageFault_Handler  stm32f4xx_it.o
    0x080028d6   0x080028d6   0x00000030   Code   RO         3847    i.__ARM_fpclassify  m_wm.l(fpclassify.o)
    0x08002906   0x08002906   0x00000002   PAD
    0x08002908   0x08002908   0x00000360   Code   RO         3750    i.__hardfp_asin     m_wm.l(asin.o)
    0x08002c68   0x08002c68   0x000002d8   Code   RO         3813    i.__hardfp_atan     m_wm.l(atan.o)
    0x08002f40   0x08002f40   0x00000200   Code   RO         3764    i.__hardfp_atan2    m_wm.l(atan2.o)
    0x08003140   0x08003140   0x000000f8   Code   RO         3849    i.__kernel_poly     m_wm.l(poly.o)
    0x08003238   0x08003238   0x00000014   Code   RO         3828    i.__mathlib_dbl_infnan  m_wm.l(dunder.o)
    0x0800324c   0x0800324c   0x00000014   Code   RO         3829    i.__mathlib_dbl_infnan2  m_wm.l(dunder.o)
    0x08003260   0x08003260   0x00000020   Code   RO         3830    i.__mathlib_dbl_invalid  m_wm.l(dunder.o)
    0x08003280   0x08003280   0x00000020   Code   RO         3833    i.__mathlib_dbl_underflow  m_wm.l(dunder.o)
    0x080032a0   0x080032a0   0x0000000e   Code   RO         3689    i._is_digit         c_w.l(__printf_wp.o)
    0x080032ae   0x080032ae   0x00000002   Code   RO         1258    i._sys_exit         usart.o
    0x080032b0   0x080032b0   0x00000090   Code   RO          637    i.accel_self_test   inv_mpu.o
    0x08003340   0x08003340   0x00000010   Code   RO         3815    i.atan              m_wm.l(atan.o)
    0x08003350   0x08003350   0x0000028c   Code   RO          463    i.bmp280_compensate_P_double  bmp280.o
    0x080035dc   0x080035dc   0x0000015c   Code   RO          464    i.bmp280_compensate_T_double  bmp280.o
    0x08003738   0x08003738   0x00000038   Code   RO         1195    i.delay_init        delay.o
    0x08003770   0x08003770   0x00000038   Code   RO         1196    i.delay_ms          delay.o
    0x080037a8   0x080037a8   0x00000034   Code   RO         1197    i.delay_us          delay.o
    0x080037dc   0x080037dc   0x0000003a   Code   RO          975    i.dmp_enable_6x_lp_quat  inv_mpu_dmp_motion_driver.o
    0x08003816   0x08003816   0x00000002   PAD
    0x08003818   0x08003818   0x000001dc   Code   RO          976    i.dmp_enable_feature  inv_mpu_dmp_motion_driver.o
    0x080039f4   0x080039f4   0x00000038   Code   RO          977    i.dmp_enable_gyro_cal  inv_mpu_dmp_motion_driver.o
    0x08003a2c   0x08003a2c   0x0000003a   Code   RO          978    i.dmp_enable_lp_quat  inv_mpu_dmp_motion_driver.o
    0x08003a66   0x08003a66   0x00000002   PAD
    0x08003a68   0x08003a68   0x00000014   Code   RO          983    i.dmp_load_motion_driver_firmware  inv_mpu_dmp_motion_driver.o
    0x08003a7c   0x08003a7c   0x0000016c   Code   RO          984    i.dmp_read_fifo     inv_mpu_dmp_motion_driver.o
    0x08003be8   0x08003be8   0x000000d8   Code   RO          987    i.dmp_set_accel_bias  inv_mpu_dmp_motion_driver.o
    0x08003cc0   0x08003cc0   0x00000064   Code   RO          988    i.dmp_set_fifo_rate  inv_mpu_dmp_motion_driver.o
    0x08003d24   0x08003d24   0x000000cc   Code   RO          989    i.dmp_set_gyro_bias  inv_mpu_dmp_motion_driver.o
    0x08003df0   0x08003df0   0x0000010c   Code   RO          991    i.dmp_set_orientation  inv_mpu_dmp_motion_driver.o
    0x08003efc   0x08003efc   0x00000030   Code   RO          994    i.dmp_set_shake_reject_thresh  inv_mpu_dmp_motion_driver.o
    0x08003f2c   0x08003f2c   0x00000020   Code   RO          995    i.dmp_set_shake_reject_time  inv_mpu_dmp_motion_driver.o
    0x08003f4c   0x08003f4c   0x00000020   Code   RO          996    i.dmp_set_shake_reject_timeout  inv_mpu_dmp_motion_driver.o
    0x08003f6c   0x08003f6c   0x00000040   Code   RO          997    i.dmp_set_tap_axes  inv_mpu_dmp_motion_driver.o
    0x08003fac   0x08003fac   0x00000022   Code   RO          998    i.dmp_set_tap_count  inv_mpu_dmp_motion_driver.o
    0x08003fce   0x08003fce   0x00000002   PAD
    0x08003fd0   0x08003fd0   0x00000160   Code   RO          999    i.dmp_set_tap_thresh  inv_mpu_dmp_motion_driver.o
    0x08004130   0x08004130   0x00000020   Code   RO         1000    i.dmp_set_tap_time  inv_mpu_dmp_motion_driver.o
    0x08004150   0x08004150   0x00000020   Code   RO         1001    i.dmp_set_tap_time_multi  inv_mpu_dmp_motion_driver.o
    0x08004170   0x08004170   0x000000b8   Code   RO            3    i.escinit_task      main.o
    0x08004228   0x08004228   0x00000018   Code   RO         3843    i.fabs              m_wm.l(fabs.o)
    0x08004240   0x08004240   0x00000018   Code   RO         1259    i.fputc             usart.o
    0x08004258   0x08004258   0x000000b4   Code   RO          638    i.get_accel_prod_shift  inv_mpu.o
    0x0800430c   0x0800430c   0x00000314   Code   RO          639    i.get_st_biases     inv_mpu.o
    0x08004620   0x08004620   0x000000d4   Code   RO          640    i.gyro_self_test    inv_mpu.o
    0x080046f4   0x080046f4   0x00000022   Code   RO          641    i.inv_orientation_matrix_to_scalar  inv_mpu.o
    0x08004716   0x08004716   0x00000048   Code   RO          642    i.inv_row_2_scale   inv_mpu.o
    0x0800475e   0x0800475e   0x00000002   PAD
    0x08004760   0x08004760   0x00000030   Code   RO          340    i.ledInit           led.o
    0x08004790   0x08004790   0x000000bc   Code   RO            4    i.main              main.o
    0x0800484c   0x0800484c   0x00000002   Code   RO          643    i.mget_ms           inv_mpu.o
    0x0800484e   0x0800484e   0x0000004e   Code   RO         1156    i.mpu6050_send_data  upper.o
    0x0800489c   0x0800489c   0x00000058   Code   RO          644    i.mpu_configure_fifo  inv_mpu.o
    0x080048f4   0x080048f4   0x00000164   Code   RO          645    i.mpu_dmp_get_data  inv_mpu.o
    0x08004a58   0x08004a58   0x000000a0   Code   RO          646    i.mpu_dmp_init      inv_mpu.o
    0x08004af8   0x08004af8   0x0000003c   Code   RO          647    i.mpu_get_accel_fsr  inv_mpu.o
    0x08004b34   0x08004b34   0x00000044   Code   RO          649    i.mpu_get_accel_sens  inv_mpu.o
    0x08004b78   0x08004b78   0x00000034   Code   RO          655    i.mpu_get_gyro_fsr  inv_mpu.o
    0x08004bac   0x08004bac   0x0000004c   Code   RO          657    i.mpu_get_gyro_sens  inv_mpu.o
    0x08004bf8   0x08004bf8   0x00000038   Code   RO          659    i.mpu_get_lpf       inv_mpu.o
    0x08004c30   0x08004c30   0x0000001c   Code   RO          661    i.mpu_get_sample_rate  inv_mpu.o
    0x08004c4c   0x08004c4c   0x00000188   Code   RO          663    i.mpu_init          inv_mpu.o
    0x08004dd4   0x08004dd4   0x000000a4   Code   RO          664    i.mpu_load_firmware  inv_mpu.o
    0x08004e78   0x08004e78   0x000000b8   Code   RO          665    i.mpu_lp_accel_mode  inv_mpu.o
    0x08004f30   0x08004f30   0x00000090   Code   RO          668    i.mpu_read_fifo_stream  inv_mpu.o
    0x08004fc0   0x08004fc0   0x00000054   Code   RO          669    i.mpu_read_mem      inv_mpu.o
    0x08005014   0x08005014   0x0000015c   Code   RO          672    i.mpu_reset_fifo    inv_mpu.o
    0x08005170   0x08005170   0x000000f0   Code   RO          673    i.mpu_run_self_test  inv_mpu.o
    0x08005260   0x08005260   0x00000068   Code   RO          675    i.mpu_set_accel_fsr  inv_mpu.o
    0x080052c8   0x080052c8   0x000000dc   Code   RO          676    i.mpu_set_bypass    inv_mpu.o
    0x080053a4   0x080053a4   0x00000078   Code   RO          678    i.mpu_set_dmp_state  inv_mpu.o
    0x0800541c   0x0800541c   0x0000006c   Code   RO          679    i.mpu_set_gyro_fsr  inv_mpu.o
    0x08005488   0x08005488   0x00000064   Code   RO          680    i.mpu_set_int_latched  inv_mpu.o
    0x080054ec   0x080054ec   0x0000006c   Code   RO          682    i.mpu_set_lpf       inv_mpu.o
    0x08005558   0x08005558   0x00000078   Code   RO          683    i.mpu_set_sample_rate  inv_mpu.o
    0x080055d0   0x080055d0   0x000000b8   Code   RO          684    i.mpu_set_sensors   inv_mpu.o
    0x08005688   0x08005688   0x00000054   Code   RO          685    i.mpu_write_mem     inv_mpu.o
    0x080056dc   0x080056dc   0x00000070   Code   RO         3015    i.prvAddCurrentTaskToDelayedList  tasks.o
    0x0800574c   0x0800574c   0x000000d0   Code   RO         3016    i.prvAddNewTaskToReadyList  tasks.o
    0x0800581c   0x0800581c   0x00000050   Code   RO         3368    i.prvCheckForValidListAndQueue  timers.o
    0x0800586c   0x0800586c   0x00000054   Code   RO         3017    i.prvCheckTasksWaitingTermination  tasks.o
    0x080058c0   0x080058c0   0x00000026   Code   RO         2786    i.prvCopyDataFromQueue  queue.o
    0x080058e6   0x080058e6   0x0000006c   Code   RO         2787    i.prvCopyDataToQueue  queue.o
    0x08005952   0x08005952   0x00000014   Code   RO         3018    i.prvDeleteTCB      tasks.o
    0x08005966   0x08005966   0x00000002   PAD
    0x08005968   0x08005968   0x0000004c   Code   RO         3581    i.prvHeapInit       heap_4.o
    0x080059b4   0x080059b4   0x00000028   Code   RO         3019    i.prvIdleTask       tasks.o
    0x080059dc   0x080059dc   0x000000c0   Code   RO         3020    i.prvInitialiseNewTask  tasks.o
    0x08005a9c   0x08005a9c   0x0000004c   Code   RO         3582    i.prvInsertBlockIntoFreeList  heap_4.o
    0x08005ae8   0x08005ae8   0x00000038   Code   RO         3369    i.prvInsertTimerInActiveList  timers.o
    0x08005b20   0x08005b20   0x0000001a   Code   RO         2788    i.prvIsQueueEmpty   queue.o
    0x08005b3a   0x08005b3a   0x00000002   PAD
    0x08005b3c   0x08005b3c   0x00000090   Code   RO         2789    i.prvNotifyQueueSetContainer  queue.o
    0x08005bcc   0x08005bcc   0x00000060   Code   RO         3370    i.prvProcessExpiredTimer  timers.o
    0x08005c2c   0x08005c2c   0x000000f0   Code   RO         3371    i.prvProcessReceivedCommands  timers.o
    0x08005d1c   0x08005d1c   0x0000006c   Code   RO         3372    i.prvProcessTimerOrBlockTask  timers.o
    0x08005d88   0x08005d88   0x00000020   Code   RO         3022    i.prvResetNextTaskUnblockTime  tasks.o
    0x08005da8   0x08005da8   0x00000028   Code   RO         3373    i.prvSampleTimeNow  timers.o
    0x08005dd0   0x08005dd0   0x0000006c   Code   RO         3374    i.prvSwitchTimerLists  timers.o
    0x08005e3c   0x08005e3c   0x00000064   Code   RO         3497    i.prvTaskExitError  port.o
    0x08005ea0   0x08005ea0   0x00000028   Code   RO         3375    i.prvTimerTask      timers.o
    0x08005ec8   0x08005ec8   0x00000078   Code   RO         2790    i.prvUnlockQueue    queue.o
    0x08005f40   0x08005f40   0x00000114   Code   RO         3583    i.pvPortMalloc      heap_4.o
    0x08006054   0x08006054   0x00000018   Code   RO         3024    i.pvTaskIncrementMutexHeldCount  tasks.o
    0x0800606c   0x0800606c   0x0000002c   Code   RO         3498    i.pxPortInitialiseStack  port.o
    0x08006098   0x08006098   0x00000088   Code   RO          686    i.run_self_test     inv_mpu.o
    0x08006120   0x08006120   0x000000fc   Code   RO            5    i.sensors_task      main.o
    0x0800621c   0x0800621c   0x00000054   Code   RO          687    i.set_int_enable    inv_mpu.o
    0x08006270   0x08006270   0x0000006e   Code   RO         3854    i.sqrt              m_wm.l(sqrt.o)
    0x080062de   0x080062de   0x00000002   PAD
    0x080062e0   0x080062e0   0x00000098   Code   RO            6    i.startTask         main.o
    0x08006378   0x08006378   0x000000ac   Code   RO         1260    i.uart_init         usart.o
    0x08006424   0x08006424   0x00000060   Code   RO         1157    i.usart1_niming_report  upper.o
    0x08006484   0x08006484   0x00000092   Code   RO         1158    i.usart1_report_imu  upper.o
    0x08006516   0x08006516   0x00000002   PAD
    0x08006518   0x08006518   0x00000024   Code   RO         1159    i.usart1_send_char  upper.o
    0x0800653c   0x0800653c   0x00000024   Code   RO         2741    i.uxListRemove      list.o
    0x08006560   0x08006560   0x00000016   Code   RO         2742    i.vListInitialise   list.o
    0x08006576   0x08006576   0x00000006   Code   RO         2743    i.vListInitialiseItem  list.o
    0x0800657c   0x0800657c   0x00000030   Code   RO         2744    i.vListInsert       list.o
    0x080065ac   0x080065ac   0x00000018   Code   RO         2745    i.vListInsertEnd    list.o
    0x080065c4   0x080065c4   0x00000078   Code   RO         3500    i.vPortEnterCritical  port.o
    0x0800663c   0x0800663c   0x00000064   Code   RO         3501    i.vPortExitCritical  port.o
    0x080066a0   0x080066a0   0x0000009c   Code   RO         3584    i.vPortFree         heap_4.o
    0x0800673c   0x0800673c   0x00000020   Code   RO         3502    i.vPortSetupTimerInterrupt  port.o
    0x0800675c   0x0800675c   0x0000008c   Code   RO         3503    i.vPortValidateInterruptPriority  port.o
    0x080067e8   0x080067e8   0x00000024   Code   RO         2796    i.vQueueAddToRegistry  queue.o
    0x0800680c   0x0800680c   0x00000044   Code   RO         2800    i.vQueueWaitForMessageRestricted  queue.o
    0x08006850   0x08006850   0x0000006c   Code   RO         3032    i.vTaskDelay        tasks.o
    0x080068bc   0x080068bc   0x000000cc   Code   RO         3034    i.vTaskDelete       tasks.o
    0x08006988   0x08006988   0x0000000c   Code   RO         3038    i.vTaskMissedYield  tasks.o
    0x08006994   0x08006994   0x00000054   Code   RO         3040    i.vTaskPlaceOnEventList  tasks.o
    0x080069e8   0x080069e8   0x0000005c   Code   RO         3041    i.vTaskPlaceOnEventListRestricted  tasks.o
    0x08006a44   0x08006a44   0x00000084   Code   RO         3043    i.vTaskPriorityInherit  tasks.o
    0x08006ac8   0x08006ac8   0x00000048   Code   RO         3047    i.vTaskSetTimeOutState  tasks.o
    0x08006b10   0x08006b10   0x00000094   Code   RO         3048    i.vTaskStartScheduler  tasks.o
    0x08006ba4   0x08006ba4   0x00000010   Code   RO         3050    i.vTaskSuspendAll   tasks.o
    0x08006bb4   0x08006bb4   0x0000007c   Code   RO         3051    i.vTaskSwitchContext  tasks.o
    0x08006c30   0x08006c30   0x0000000c   Code   RO         3586    i.xPortGetFreeHeapSize  heap_4.o
    0x08006c3c   0x08006c3c   0x00000114   Code   RO         3504    i.xPortStartScheduler  port.o
    0x08006d50   0x08006d50   0x0000002c   Code   RO         3505    i.xPortSysTickHandler  port.o
    0x08006d7c   0x08006d7c   0x00000078   Code   RO         2805    i.xQueueGenericCreate  queue.o
    0x08006df4   0x08006df4   0x00000184   Code   RO         2806    i.xQueueGenericReceive  queue.o
    0x08006f78   0x08006f78   0x000000a8   Code   RO         2807    i.xQueueGenericReset  queue.o
    0x08007020   0x08007020   0x00000188   Code   RO         2808    i.xQueueGenericSend  queue.o
    0x080071a8   0x080071a8   0x000000e0   Code   RO         2809    i.xQueueGenericSendFromISR  queue.o
    0x08007288   0x08007288   0x00000088   Code   RO         3052    i.xTaskCheckForTimeOut  tasks.o
    0x08007310   0x08007310   0x00000056   Code   RO         3053    i.xTaskCreate       tasks.o
    0x08007366   0x08007366   0x00000002   PAD
    0x08007368   0x08007368   0x0000001c   Code   RO         3057    i.xTaskGetSchedulerState  tasks.o
    0x08007384   0x08007384   0x0000000c   Code   RO         3058    i.xTaskGetTickCount  tasks.o
    0x08007390   0x08007390   0x000000e8   Code   RO         3060    i.xTaskIncrementTick  tasks.o
    0x08007478   0x08007478   0x000000b4   Code   RO         3063    i.xTaskPriorityDisinherit  tasks.o
    0x0800752c   0x0800752c   0x00000098   Code   RO         3064    i.xTaskRemoveFromEventList  tasks.o
    0x080075c4   0x080075c4   0x000000e4   Code   RO         3066    i.xTaskResumeAll    tasks.o
    0x080076a8   0x080076a8   0x00000074   Code   RO         3378    i.xTimerCreate      timers.o
    0x0800771c   0x0800771c   0x00000074   Code   RO         3379    i.xTimerCreateTimerTask  timers.o
    0x08007790   0x08007790   0x00000090   Code   RO         3380    i.xTimerGenericCommand  timers.o
    0x08007820   0x08007820   0x0000002c   Code   RO         3929    locale$$code        c_w.l(lc_numeric_c.o)
    0x0800784c   0x0800784c   0x00000018   Code   RO         3800    x$fpl$basic         fz_wm.l(basic.o)
    0x08007864   0x08007864   0x00000062   Code   RO         3720    x$fpl$d2f           fz_wm.l(d2f.o)
    0x080078c6   0x080078c6   0x00000002   PAD
    0x080078c8   0x080078c8   0x00000150   Code   RO         3722    x$fpl$dadd          fz_wm.l(daddsub_clz.o)
    0x08007a18   0x08007a18   0x00000018   Code   RO         3802    x$fpl$dcmpinf       fz_wm.l(dcmpi.o)
    0x08007a30   0x08007a30   0x000002b0   Code   RO         3729    x$fpl$ddiv          fz_wm.l(ddiv.o)
    0x08007ce0   0x08007ce0   0x00000078   Code   RO         3732    x$fpl$deqf          fz_wm.l(deqf.o)
    0x08007d58   0x08007d58   0x0000005e   Code   RO         3734    x$fpl$dfix          fz_wm.l(dfix.o)
    0x08007db6   0x08007db6   0x0000002e   Code   RO         3739    x$fpl$dflt          fz_wm.l(dflt_clz.o)
    0x08007de4   0x08007de4   0x00000026   Code   RO         3738    x$fpl$dfltu         fz_wm.l(dflt_clz.o)
    0x08007e0a   0x08007e0a   0x00000002   PAD
    0x08007e0c   0x08007e0c   0x00000154   Code   RO         3744    x$fpl$dmul          fz_wm.l(dmul.o)
    0x08007f60   0x08007f60   0x0000009c   Code   RO         3804    x$fpl$dnaninf       fz_wm.l(dnaninf.o)
    0x08007ffc   0x08007ffc   0x0000000c   Code   RO         3806    x$fpl$dretinf       fz_wm.l(dretinf.o)
    0x08008008   0x08008008   0x00000016   Code   RO         3723    x$fpl$drsb          fz_wm.l(daddsub_clz.o)
    0x0800801e   0x0800801e   0x00000002   PAD
    0x08008020   0x08008020   0x00000198   Code   RO         3935    x$fpl$dsqrt         fz_wm.l(dsqrt_umaal.o)
    0x080081b8   0x080081b8   0x000001d4   Code   RO         3724    x$fpl$dsub          fz_wm.l(daddsub_clz.o)
    0x0800838c   0x0800838c   0x00000056   Code   RO         3746    x$fpl$f2d           fz_wm.l(f2d.o)
    0x080083e2   0x080083e2   0x0000008c   Code   RO         3808    x$fpl$fnaninf       fz_wm.l(fnaninf.o)
    0x0800846e   0x0800846e   0x0000000a   Code   RO         4009    x$fpl$fpinit        fz_wm.l(fpinit.o)
    0x08008478   0x08008478   0x0000000a   Code   RO         3810    x$fpl$fretinf       fz_wm.l(fretinf.o)
    0x08008482   0x08008482   0x00000004   Code   RO         3748    x$fpl$printf1       fz_wm.l(printf1.o)
    0x08008486   0x08008486   0x00000000   Code   RO         3812    x$fpl$usenofp       fz_wm.l(usenofp.o)
    0x08008486   0x08008486   0x0000001b   Data   RO          689    .constdata          inv_mpu.o
    0x080084a1   0x080084a1   0x00000001   PAD
    0x080084a2   0x080084a2   0x0000000c   Data   RO          690    .constdata          inv_mpu.o
    0x080084ae   0x080084ae   0x00000002   PAD
    0x080084b0   0x080084b0   0x00000028   Data   RO          691    .constdata          inv_mpu.o
    0x080084d8   0x080084d8   0x00000bf6   Data   RO         1003    .constdata          inv_mpu_dmp_motion_driver.o
    0x080090ce   0x080090ce   0x00000011   Data   RO         3692    .constdata          c_w.l(__printf_flags_wp.o)
    0x080090df   0x080090df   0x00000001   PAD
    0x080090e0   0x080090e0   0x00000050   Data   RO         3753    .constdata          m_wm.l(asin.o)
    0x08009130   0x08009130   0x00000098   Data   RO         3816    .constdata          m_wm.l(atan.o)
    0x080091c8   0x080091c8   0x00000008   Data   RO         3851    .constdata          m_wm.l(qnan.o)
    0x080091d0   0x080091d0   0x00000094   Data   RO         3900    .constdata          c_w.l(bigflt0.o)
    0x08009264   0x08009264   0x0000004d   Data   RO          692    .conststring        inv_mpu.o
    0x080092b1   0x080092b1   0x00000003   PAD
    0x080092b4   0x080092b4   0x00000020   Data   RO         4082    Region$$Table       anon$$obj.o
    0x080092d4   0x080092d4   0x0000001c   Data   RO         3928    locale$$data        c_w.l(lc_numeric_c.o)


    Execution Region RW_IRAM1 (Exec base: 0x20000000, Load base: 0x080092f0, Size: 0x00005ac0, Max: 0x00020000, ABSOLUTE)

    Exec Addr    Load Addr    Size         Type   Attr      Idx    E Section Name        Object

    0x20000000   0x080092f0   0x0000000c   Data   RW            8    .data               main.o
    0x2000000c   0x080092fc   0x00000014   Data   RW          306    .data               system_stm32f4xx.o
    0x20000020   0x08009310   0x00000008   Data   RW          466    .data               bmp280.o
    0x20000028   0x08009318   0x00000035   Data   RW          693    .data               inv_mpu.o
    0x2000005d   0x0800934d   0x00000001   PAD
    0x2000005e   0x0800934e   0x00000004   Data   RW         1199    .data               delay.o
    0x20000062   0x08009352   0x00000002   PAD
    0x20000064   0x08009354   0x00000004   Data   RW         1263    .data               usart.o
    0x20000068   0x08009358   0x00000010   Data   RW         2077    .data               stm32f4xx_rcc.o
    0x20000078   0x08009368   0x0000003c   Data   RW         3069    .data               tasks.o
    0x200000b4   0x080093a4   0x00000014   Data   RW         3388    .data               timers.o
    0x200000c8   0x080093b8   0x0000000c   Data   RW         3506    .data               port.o
    0x200000d4   0x080093c4   0x00000018   Data   RW         3589    .data               heap_4.o
    0x200000ec        -       0x00000018   Zero   RW          465    .bss                bmp280.o
    0x20000104        -       0x00000010   Zero   RW         1002    .bss                inv_mpu_dmp_motion_driver.o
    0x20000114        -       0x00000040   Zero   RW         2820    .bss                queue.o
    0x20000154        -       0x000002e4   Zero   RW         3068    .bss                tasks.o
    0x20000438        -       0x00000028   Zero   RW         3387    .bss                timers.o
    0x20000460        -       0x00005000   Zero   RW         3588    .bss                heap_4.o
    0x20005460        -       0x00000060   Zero   RW         3940    .bss                c_w.l(libspace.o)
    0x200054c0        -       0x00000200   Zero   RW         1327    HEAP                startup_stm32f40_41xxx.o
    0x200056c0        -       0x00000400   Zero   RW         1326    STACK               startup_stm32f40_41xxx.o


==============================================================================

Image component sizes


      Code (inc. data)   RO Data    RW Data    ZI Data      Debug   Object Name

      1562        168          0          8         24       6873   bmp280.o
       184         14          0          4          0       2589   delay.o
         0          0          0          0          0      11796   event_groups.o
       596        144          0         24      20480       4682   heap_4.o
      5300        302        156         53          0      32926   inv_mpu.o
      2446        132       3062          0         16      21138   inv_mpu_dmp_motion_driver.o
        48          4          0          0          0        526   led.o
       136          0          0          0          0       3218   list.o
       776        232          0         12          0     297168   main.o
       144         14          0          0          0       2113   misc.o
       636          0          0          0          0       8237   mpu6050_iic.o
       608         70          0          0          0       4646   myiic.o
      1038        382          0         12          0      10849   port.o
       252          8          0          0          0        756   pwm.o
      1832        236          0          0         64      15881   queue.o
        64         26        392          0       1536        844   startup_stm32f40_41xxx.o
       160          0          0          0          0       2875   stm32f4xx_gpio.o
        12          0          0          0          0       2705   stm32f4xx_it.o
       240         36          0         16          0       5328   stm32f4xx_rcc.o
      1024        112          0          0          0      12372   stm32f4xx_tim.o
       262          8          0          0          0       4225   stm32f4xx_usart.o
       272         36          0         20          0       1769   system_stm32f4xx.o
      2758        670          0         60        740      29879   tasks.o
      1144        260          0         20         40      10022   timers.o
       356          6          0          0          0       3662   upper.o
       198         14          0          4          0       3716   usart.o

    ----------------------------------------------------------------------
     22072       2874       3648        236      22900     500795   Object Totals
         0          0         32          0          0          0   (incl. Generated)
        24          0          6          3          0          0   (incl. Padding)

    ----------------------------------------------------------------------

      Code (inc. data)   RO Data    RW Data    ZI Data      Debug   Library Member Name

         8          0          0          0          0         68   __main.o
       312          4         17          0          0         92   __printf_flags_wp.o
        14          0          0          0          0         68   __printf_wp.o
         0          0          0          0          0          0   __rtentry.o
        12          0          0          0          0          0   __rtentry2.o
         6          0          0          0          0          0   __rtentry4.o
        52          8          0          0          0          0   __scatter.o
        26          0          0          0          0          0   __scatter_copy.o
        28          0          0          0          0          0   __scatter_zi.o
        44          0          0          0          0        108   _printf_char.o
        48          6          0          0          0         96   _printf_char_common.o
        36          4          0          0          0         80   _printf_char_file.o
         6          0          0          0          0          0   _printf_d.o
       120         16          0          0          0         92   _printf_dec.o
         6          0          0          0          0          0   _printf_f.o
      1054          0          0          0          0        216   _printf_fp_dec.o
       128         16          0          0          0         84   _printf_fp_infnan.o
       178          0          0          0          0         88   _printf_intcommon.o
         0          0          0          0          0          0   _printf_percent.o
         4          0          0          0          0          0   _printf_percent_end.o
         6          0          0          0          0          0   _printf_s.o
        82          0          0          0          0         80   _printf_str.o
        22          0          0          0          0        100   _rserrno.o
        16          0          0          0          0         68   aeabi_memset.o
       228          4        148          0          0         96   bigflt0.o
      1936        128          0          0          0        672   btod.o
        18          0          0          0          0         80   exit.o
         8          0          0          0          0         68   ferror.o
         6          0          0          0          0        152   heapauxi.o
        44         10         28          0          0         76   lc_numeric_c.o
         2          0          0          0          0          0   libinit.o
        22          0          0          0          0          0   libinit2.o
         2          0          0          0          0          0   libshutdown.o
         2          0          0          0          0          0   libshutdown2.o
         8          4          0          0         96         68   libspace.o
        72          0          0          0          0         76   llsdiv.o
       138          0          0          0          0         80   lludiv10.o
       238          0          0          0          0        100   lludivv7m.o
        88          0          0          0          0         76   memcmp.o
        24          4          0          0          0         84   noretval__2printf.o
         8          4          0          0          0         68   rt_errno_addr_intlibspace.o
         8          4          0          0          0         68   rt_locale_intlibspace.o
        68          0          0          0          0         68   rt_memclr.o
        78          0          0          0          0         80   rt_memclr_w.o
       138          0          0          0          0         68   rt_memcpy_v6.o
       100          0          0          0          0         80   rt_memcpy_w.o
         2          0          0          0          0          0   rtexit.o
        10          0          0          0          0          0   rtexit2.o
       128          0          0          0          0         68   strcmpv7m.o
        74          0          0          0          0         80   sys_stackheap_outer.o
         2          0          0          0          0         68   use_no_semi.o
         2          0          0          0          0         68   use_no_semi_2.o
        24          0          0          0          0        164   basic.o
        98          4          0          0          0        140   d2f.o
       826         16          0          0          0        492   daddsub_clz.o
        24          0          0          0          0        116   dcmpi.o
       688        140          0          0          0        256   ddiv.o
       120          4          0          0          0        140   deqf.o
        94          4          0          0          0        140   dfix.o
        84          0          0          0          0        232   dflt_clz.o
       340         12          0          0          0        152   dmul.o
       156          4          0          0          0        140   dnaninf.o
        12          0          0          0          0        116   dretinf.o
       408         56          0          0          0        168   dsqrt_umaal.o
        86          4          0          0          0        132   f2d.o
       140          4          0          0          0        132   fnaninf.o
        10          0          0          0          0        116   fpinit.o
        10          0          0          0          0        116   fretinf.o
         4          0          0          0          0        116   printf1.o
         0          0          0          0          0          0   usenofp.o
       864         94         80          0          0        280   asin.o
       744        106        152          0          0        352   atan.o
       512         64          0          0          0        208   atan2.o
       104         16          0          0          0        496   dunder.o
        24          0          0          0          0        124   fabs.o
        48          0          0          0          0        124   fpclassify.o
       248          0          0          0          0        152   poly.o
         0          0          8          0          0          0   qnan.o
       110          0          0          0          0        148   sqrt.o

    ----------------------------------------------------------------------
     11462        740        434          0         96       8336   Library Totals
        22          0          1          0          0          0   (incl. Padding)

    ----------------------------------------------------------------------

      Code (inc. data)   RO Data    RW Data    ZI Data      Debug   Library Name

      5662        212        193          0         96       3584   c_w.l
      3124        248          0          0          0       2868   fz_wm.l
      2654        280        240          0          0       1884   m_wm.l

    ----------------------------------------------------------------------
     11462        740        434          0         96       8336   Library Totals

    ----------------------------------------------------------------------

==============================================================================


      Code (inc. data)   RO Data    RW Data    ZI Data      Debug   

     33534       3614       4082        236      22996     484203   Grand Totals
     33534       3614       4082        236      22996     484203   ELF Image Totals
     33534       3614       4082        236          0          0   ROM Totals

==============================================================================

    Total RO  Size (Code + RO Data)                37616 (  36.73kB)
    Total RW  Size (RW Data + ZI Data)             23232 (  22.69kB)
    Total ROM Size (Code + RO Data + RW Data)      37852 (  36.96kB)

==============================================================================

